******************************************************************************
            TI ARM Clang Linker Unix v4.0.3                    
******************************************************************************
>> Linked Mon Sep 15 15:43:49 2025

OUTPUT FILE NAME:   <sbl_sd_multicore_elf.release.out>
ENTRY POINT SYMBOL: "_vectors"  address: 00000000


MEMORY CONFIGURATION

         name            origin    length      used     unused   attr    fill
----------------------  --------  ---------  --------  --------  ----  --------
  R5F_VECS              00000000   00000100  00000040  000000c0  RWIX
  R5F_TCMA              00000100   00007f00  00000000  00007f00  RWIX
  R5F_TCMB0             00080000   00008000  00000000  00008000  RWIX
  MAILBOX_HSM           44000000   000003ce  00000340  0000008e  RWIX
  MAILBOX_R5F           44000400   000003ce  00000340  0000008e  RWIX
  MSRAM_VECS            70002000   00000100  00000040  000000c0  RWIX
  MSRAM_0               70002100   00042f00  0002d320  00015be0  RWIX
  MSRAM_HSMRT           70045000   00040000  0000a3f4  00035c0c  RWIX
  MSRAM_2               70180000   00080000  00080000  00000000  RWIX


SEGMENT ALLOCATION MAP

run origin  load origin   length   init length attrs members
----------  ----------- ---------- ----------- ----- -------
00000000    70002000    00000040   00000040    r-x
  00000000    70002000    00000040   00000040    r-x .sbl_init_code
70002100    70002100    00013a48   00013a48    r-x
  70002100    70002100    00012880   00012880    r-x .text
  70014980    70014980    00000978   00000978    r-x .text.hwi
  700152f8    700152f8    00000430   00000430    r-x .text.cache
  70015728    70015728    00000290   00000290    r-x .text.mpu
  700159b8    700159b8    00000190   00000190    r-x .text.boot
70015b48    70015b48    00000840   00000840    rw-
  70015b48    70015b48    00000840   00000840    rw- .data
70016390    70016390    00001e90   00001e90    r--
  70016390    70016390    00001e90   00001e90    r-- .rodata
70018280    70018280    00017200   00000000    rw-
  70018280    70018280    00010f00   00000000    rw- .bss
  70029180    70029180    00002000   00000000    rw- .stack
  7002b180    7002b180    00002000   00000000    rw- .sysmem
  7002d180    7002d180    00001000   00000000    rw- .irqstack
  7002e180    7002e180    00000100   00000000    rw- .fiqstack
  7002e280    7002e280    00001000   00000000    rw- .svcstack
  7002f280    7002f280    00000100   00000000    rw- .abortstack
  7002f380    7002f380    00000100   00000000    rw- .undefinedstack
70045000    70045000    0000a3f4   0000a3f4    r--
  70045000    70045000    0000a3f4   0000a3f4    r-- .rodata.hsmrt


SECTION ALLOCATION MAP

 output                                  attributes/
section   page    origin      length       input sections
--------  ----  ----------  ----------   ----------------
.bss.sipc_hsm_queue_mem 
*          0    44000000    00000340     NOLOAD SECTION
                  44000000    00000340     ti_drivers_config.obj (.bss.sipc_hsm_queue_mem)

.bss.sipc_secure_host_queue_mem 
*          0    44000400    00000340     NOLOAD SECTION
                  44000400    00000340     ti_drivers_config.obj (.bss.sipc_secure_host_queue_mem)

.sbl_init_code 
*          0    70002000    00000040     RUN ADDR = 00000000
                  70002000    00000040     nortos.am263x.r5f.ti-arm-clang.release.lib : HwiP_armv7r_vectors_nortos_asm.obj (.vectors)

.text      0    70002100    00012880     
                  70002100    00000ddc     libc.a : _printfi.c.obj (.text:__TI_printfi_nofloat)
                  70002edc    00000694     drivers.am263x.r5f.ti-arm-clang.nortos.release.lib : bootloader.obj (.text.Bootloader_parseAndLoadMultiCoreELF)
                  70003570    00000600                                                        : mmcsd_v1_lld.obj (.text.MMCSD_lld_initSD)
                  70003b70    00000580     nortos.am263x.r5f.ti-arm-clang.release.lib : printf.obj (.text._vsnprintf)
                  700040f0    00000480     drivers.am263x.r5f.ti-arm-clang.nortos.release.lib : mmcsd_v1_lld.obj (.text.MMCSD_lld_initMMC)
                  70004570    0000041a     board.am263x.r5f.ti-arm-clang.nortos.release.lib : flash_nor_qspi.obj (.text.Flash_norQspiOpen)
                  7000498a    00000002     nortos.am263x.r5f.ti-arm-clang.release.lib : AddrTranslateP_null.obj (.text.AddrTranslateP_getLocalAddr)
                  7000498c    00000400     drivers.am263x.r5f.ti-arm-clang.nortos.release.lib : soc_rcm.obj (.text.SOC_rcmEnablePeripheralClock)
                  70004d8c    00000004     ti_board_open_close.obj (.text.Board_driversOpen)
                  70004d90    00000400     nortos.am263x.r5f.ti-arm-clang.release.lib : printf.obj (.text._ftoa)
                  70005190    000003c4     freeRTOS_fat-nortos.am263x.r5f.ti-arm-clang.release.lib : ff_dir.obj (.text.FF_FindEntryInDir)
                  70005554    000003c2                                                             : ff_dir.obj (.text.FF_CreateDirent)
                  70005916    000003a6                                                             : ff_ioman.obj (.text.FF_Mount)
                  70005cbc    00000004     drivers.am263x.r5f.ti-arm-clang.nortos.release.lib : bootloader_soc.obj (.text.Bootloader_socCpuRelease)
                  70005cc0    00000390     libc.a : strcmp32.S.obj (.text:strcmp)
                  70006050    00000362     freeRTOS_fat-nortos.am263x.r5f.ti-arm-clang.release.lib : ff_ioman.obj (.text.FF_PartitionSearch)
                  700063b2    00000006     drivers.am263x.r5f.ti-arm-clang.nortos.release.lib : edma.obj (.text.EDMA_isInterruptEnabled)
                  700063b8    00000310     nortos.am263x.r5f.ti-arm-clang.release.lib : printf.obj (.text._etoa)
                  700066c8    000002f4     drivers.am263x.r5f.ti-arm-clang.nortos.release.lib : mmcsd_v1_lld.obj (.text.MMCSD_lld_transferPoll)
                  700069bc    000002da     freeRTOS_fat-nortos.am263x.r5f.ti-arm-clang.release.lib : ff_file.obj (.text.FF_Read)
                  70006c96    000002b4                                                             : ff_dir.obj (.text.FF_FindShortName)
                  70006f4a    00000002     ti_dpl_config.obj (.text.Dpl_deinit)
                  70006f4c    000002a0     drivers.am263x.r5f.ti-arm-clang.nortos.release.lib : uart_v0.obj (.text.UART_open)
                  700071ec    0000027c                                                        : edma.obj (.text.EDMA_init)
                  70007468    00000276     freeRTOS_fat-nortos.am263x.r5f.ti-arm-clang.release.lib : ff_file.obj (.text.FF_Open)
                  700076de    00000002                                                             : portable.obj (.text.FF_Assert_Lock)
                  700076e0    0000025c     drivers.am263x.r5f.ti-arm-clang.nortos.release.lib : mmcsd_v1.obj (.text.MMCSD_open)
                  7000793c    00000248     main.obj (.text.main)
                  70007b84    00000244     freeRTOS_fat-nortos.am263x.r5f.ti-arm-clang.release.lib : ff_dir.obj (.text.FF_PopulateLongDirent)
                  70007dc8    0000023c     drivers.am263x.r5f.ti-arm-clang.nortos.release.lib : uart_v0_lld.obj (.text.UART_configInstance)
                  70008004    0000022a     security.am263x.r5f.ti-arm-clang.nortos.release.lib : sipc_notify_src.obj (.text.SIPC_init)
                  7000822e    00000002     freeRTOS_fat-nortos.am263x.r5f.ti-arm-clang.release.lib : portable.obj (.text.FF_BufferProceed)
                  70008230    00000204     drivers.am263x.r5f.ti-arm-clang.nortos.release.lib : edma.obj (.text.EDMA_freeChannelRegion)
                  70008434    000001f0                                                        : edma.obj (.text.EDMA_errorIsrFxn)
                  70008624    000001ec                                                        : soc_rcm.obj (.text.SOC_rcmSetPeripheralClock)
                  70008810    000001e0                                                        : qspi.obj (.text.QSPI_open)
                  700089f0    000001d8                                                        : qspi_edma_lld.obj (.text.QSPI_edmaTransfer)
                  70008bc8    000001d0     libclang_rt.builtins.a : udivsi3.S.obj (.text.__udivsi3)
                  70008d98    000001cc     drivers.am263x.r5f.ti-arm-clang.nortos.release.lib : soc_rcm.obj (.text.SOC_rcmPerApllConfig)
                  70008f64    000001ba     freeRTOS_fat-nortos.am263x.r5f.ti-arm-clang.release.lib : ff_fat.obj (.text.FF_FindFreeCluster)
                  7000911e    00000002                                                             : portable.obj (.text.FF_DeleteEvents)
                  70009120    000001a8     libc.a : memory.c.obj (.text.free)
                  700092c8    000001a4     drivers.am263x.r5f.ti-arm-clang.nortos.release.lib : mmcsd_edma_lld.obj (.text.MMCSD_edmaChInit)
                  7000946c    000001a4     libc.a : memory.c.obj (.text.aligned_alloc)
                  70009610    00000194     drivers.am263x.r5f.ti-arm-clang.nortos.release.lib : uart_dma_edma.obj (.text.UART_lld_dmaInit)
                  700097a4    00000190                                                        : mmcsd_edma_lld.obj (.text.MMCSD_edmaTransfer)
                  70009934    00000186     security.am263x.r5f.ti-arm-clang.nortos.release.lib : hsmclient.obj (.text.HsmClient_procAuthBootFinish)
                  70009aba    00000002     freeRTOS_fat-nortos.am263x.r5f.ti-arm-clang.release.lib : portable.obj (.text.FF_LockDirectory)
                  70009abc    00000180     drivers.am263x.r5f.ti-arm-clang.nortos.release.lib : qspi_edma_lld.obj (.text.QSPI_edmaChannelConfig)
                  70009c3c    0000017c                                                        : mmcsd_v1_lld.obj (.text.MMCSD_lld_transferIntr)
                  70009db8    00000176     freeRTOS_fat-nortos.am263x.r5f.ti-arm-clang.release.lib : ff_fat.obj (.text.FF_CountFreeClusters)
                  70009f2e    00000172                                                             : ff_dir.obj (.text.FF_CreateShortName)
                  7000a0a0    00000170     drivers.am263x.r5f.ti-arm-clang.nortos.release.lib : soc.obj (.text.SOC_phyToVirt)
                  7000a210    0000016e     board.am263x.r5f.ti-arm-clang.nortos.release.lib : flash_nor_qspi.obj (.text.Flash_norQspiWrite)
                  7000a37e    00000002     freeRTOS_fat-nortos.am263x.r5f.ti-arm-clang.release.lib : portable.obj (.text.FF_LockFAT)
                  7000a380    00000168     drivers.am263x.r5f.ti-arm-clang.nortos.release.lib : mmcsd_v1_lld.obj (.text.MMCSD_lld_Isr)
                  7000a4e8    00000166     security.am263x.r5f.ti-arm-clang.nortos.release.lib : sipc_notify_src.obj (.text.SIPC_isr)
                  7000a64e    00000002     freeRTOS_fat-nortos.am263x.r5f.ti-arm-clang.release.lib : portable.obj (.text.FF_PendSemaphore)
                  7000a650    00000164     drivers.am263x.r5f.ti-arm-clang.nortos.release.lib : edma.obj (.text.EDMA_open)
                  7000a7b4    00000160                                                        : edma.obj (.text.EDMA_deinit)
                  7000a914    0000015a     freeRTOS_fat-nortos.am263x.r5f.ti-arm-clang.release.lib : ff_ioman.obj (.text.FF_GetBuffer)
                  7000aa6e    00000156                                                             : ff_fat.obj (.text.FF_putFATEntry)
                  7000abc4    0000014e     drivers.am263x.r5f.ti-arm-clang.nortos.release.lib : uart_dma_edma.obj (.text.UART_lld_dmaDeInit)
                  7000ad12    0000014a                                                        : uart_v0_lld.obj (.text.UART_lld_controllerIsr)
                  7000ae5c    00000148     freeRTOS_fat-nortos.am263x.r5f.ti-arm-clang.release.lib : ff_file.obj (.text.FF_Close)
                  7000afa4    00000148     drivers.am263x.r5f.ti-arm-clang.nortos.release.lib : soc_rcm.obj (.text.SOC_rcmCoreApllHSDivConfig)
                  7000b0ec    00000144     libc.a : setvbuf.c.obj (.text.setvbuf)
                  7000b230    00000140     nortos.am263x.r5f.ti-arm-clang.release.lib : TimerP_rti_priv.obj (.text.TimerP_setupPriv)
                  7000b370    0000013c     drivers.am263x.r5f.ti-arm-clang.nortos.release.lib : bootloader_profile.obj (.text.Bootloader_profilePrintProfileLog)
                  7000b4ac    0000013a                                                        : qspi_lld.obj (.text.QSPI_lld_readCmd)
                  7000b5e6    00000002     freeRTOS_fat-nortos.am263x.r5f.ti-arm-clang.release.lib : portable.obj (.text.FF_ReleaseSemaphore)
                  7000b5e8    00000138     drivers.am263x.r5f.ti-arm-clang.nortos.release.lib : uart_v0.obj (.text.UART_close)
                  7000b720    00000136     freeRTOS_fat-nortos.am263x.r5f.ti-arm-clang.release.lib : ff_fat.obj (.text.FF_UnlinkClusterChain)
                  7000b856    00000002                                                             : portable.obj (.text.FF_Sleep)
                  7000b858    00000134     drivers.am263x.r5f.ti-arm-clang.nortos.release.lib : soc.obj (.text.SOC_virtToPhy)
                  7000b98c    00000132     freeRTOS_fat-nortos.am263x.r5f.ti-arm-clang.release.lib : ff_sys.obj (.text.FF_FS_Add)
                  7000babe    00000132     nortos.am263x.r5f.ti-arm-clang.release.lib : printf.obj (.text._ntoa_format)
                  7000bbf0    0000012c     security.am263x.r5f.ti-arm-clang.nortos.release.lib : hsmclient_loadhsmrt.obj (.text.Hsmclient_loadHSMRtFirmware)
                  7000bd1c    00000128     drivers.am263x.r5f.ti-arm-clang.nortos.release.lib : qspi_lld.obj (.text.QSPI_lld_readDma)
                  7000be44    00000120                                                        : mmcsd_v1.obj (.text.MMCSD_write)
                  7000bf64    0000011e     security.am263x.r5f.ti-arm-clang.nortos.release.lib : hsmclient.obj (.text.HsmClient_EnqueueAndSendMsg)
                  7000c082    00000002     freeRTOS_fat-nortos.am263x.r5f.ti-arm-clang.release.lib : portable.obj (.text.FF_UnlockDirectory)
                  7000c084    0000011c     drivers.am263x.r5f.ti-arm-clang.nortos.release.lib : soc_rcm.obj (.text.SOC_rcmGetPeripheralClockFrequency)
                  7000c1a0    00000118                                                        : edma.obj (.text.Alloc_resource)
                  7000c2b8    00000118     libclang_rt.builtins.a : udivmoddi4.S.obj (.text)
                  7000c3d0    00000114     drivers.am263x.r5f.ti-arm-clang.nortos.release.lib : mmcsd_v1_lld.obj (.text.MMCSD_lld_transferDma)
                  7000c4e4    00000114                                                        : soc_rcm.obj (.text.SOC_rcmCoreApllConfig)
                  7000c5f8    00000112     freeRTOS_fat-nortos.am263x.r5f.ti-arm-clang.release.lib : ff_ioman.obj (.text.FF_CreateIOManger)
                  7000c70a    0000010e     drivers.am263x.r5f.ti-arm-clang.nortos.release.lib : mmcsd_v1.obj (.text.MMCSD_read)
                  7000c818    0000010e                                                        : uart_v0_lld.obj (.text.UART_lld_write)
                  7000c926    00000002     freeRTOS_fat-nortos.am263x.r5f.ti-arm-clang.release.lib : portable.obj (.text.FF_UnlockFAT)
                  7000c928    00000108     drivers.am263x.r5f.ti-arm-clang.nortos.release.lib : edma.obj (.text.EDMA_transferCompletionMasterIsrFxn)
                  7000ca30    00000108     board.am263x.r5f.ti-arm-clang.nortos.release.lib : flash_nor_qspi.obj (.text.Flash_norQspiReset)
                  7000cb38    00000106     drivers.am263x.r5f.ti-arm-clang.nortos.release.lib : qspi_lld.obj (.text.QSPI_lld_read)
                  7000cc3e    00000104     nortos.am263x.r5f.ti-arm-clang.release.lib : ClockP_nortos_r5.obj (.text.ClockP_init)
                  7000cd42    00000002     drivers.am263x.r5f.ti-arm-clang.nortos.release.lib : mmcsd_parse.obj (.text.MMCSD_CMD)
                  7000cd44    00000104                                                        : uart_dma_edma.obj (.text.UART_lld_dmaWrite)
                  7000ce48    00000100     security.am263x.r5f.ti-arm-clang.nortos.release.lib : sipc_notify_src.obj (.text.SIPC_sendMsg)
                  7000cf48    000000fe     freeRTOS_fat-nortos.am263x.r5f.ti-arm-clang.release.lib : ff_fat.obj (.text.FF_getFATEntry)
                  7000d046    00000002     drivers.am263x.r5f.ti-arm-clang.nortos.release.lib : mmcsd_edma_lld.obj (.text.MMCSD_edmaDoNothing)
                  7000d048    000000fc                                                        : uart_v0.obj (.text.UART_write)
                  7000d144    000000f0     libc.a : fputc.c.obj (.text.fputc)
                  7000d234    000000e8     drivers.am263x.r5f.ti-arm-clang.nortos.release.lib : qspi_lld.obj (.text.QSPI_lld_isr)
                  7000d31c    000000e4                                                        : mmcsd_edma_lld.obj (.text.MMCSD_edmaChDeinit)
                  7000d400    000000de     freeRTOS_fat-nortos.am263x.r5f.ti-arm-clang.release.lib : ff_dir.obj (.text.FF_PopulateShortDirent)
                  7000d4de    000000de                                                             : ff_fat.obj (.text.FF_TraverseFAT)
                  7000d5bc    000000dc                                                             : ff_dir.obj (.text.FF_FindDir)
                  7000d698    000000d6                                                             : ff_file.obj (.text.FF_Truncate)
                  7000d76e    000000d4                                                             : ff_ioman.obj (.text.FF_IncreaseFreeClusters)
                  7000d842    00000002     drivers.am263x.r5f.ti-arm-clang.nortos.release.lib : bootloader_mem.obj (.text.Mem_imgClose)
                  7000d844    000000d0                                                        : edma.obj (.text.EDMA_unregisterIntr)
                  7000d914    000000d0     freeRTOS_fat-nortos.am263x.r5f.ti-arm-clang.release.lib : ff_fat.obj (.text.FF_GetChainLength)
                  7000d9e4    000000ce                                                             : ff_string.obj (.text.FF_Utf16ctoUtf8c)
                  7000dab2    000000cc                                                             : ff_dir.obj (.text.FF_ExtendDirectory)
                  7000db7e    000000cc     board.am263x.r5f.ti-arm-clang.nortos.release.lib : flash_nor_qspi.obj (.text.Flash_norQspiSet4ByteAddrMode)
                  7000dc4a    00000002     nortos.am263x.r5f.ti-arm-clang.release.lib : SemaphoreP_nortos.obj (.text.SemaphoreP_destruct)
                  7000dc4c    000000cc     drivers.am263x.r5f.ti-arm-clang.nortos.release.lib : uart_v0_lld.obj (.text.UART_lld_initDma)
                  7000dd18    000000c8     freeRTOS_fat-nortos.am263x.r5f.ti-arm-clang.release.lib : ff_ioman.obj (.text.FF_FlushCache)
                  7000dde0    000000c8     drivers.am263x.r5f.ti-arm-clang.nortos.release.lib : qspi_lld.obj (.text.QSPI_lld_initDma)
                  7000dea8    000000c8     libc.a : getdevice.c.obj (.text.getdevice)
                  7000df70    000000c6     freeRTOS_fat-nortos.am263x.r5f.ti-arm-clang.release.lib : ff_dir.obj (.text.FF_FetchEntryWithContext)
                  7000e036    000000c4                                                             : ff_dir.obj (.text.FF_CreateLFNEntry)
                  7000e0fa    00000002     nortos.am263x.r5f.ti-arm-clang.release.lib : TaskP_nortos.obj (.text.TaskP_yield)
                  7000e0fc    000000c4     drivers.am263x.r5f.ti-arm-clang.nortos.release.lib : uart_v0_lld.obj (.text.UART_lld_init)
                  7000e1c0    000000c0                                                        : qspi_lld.obj (.text.QSPI_programInstance)
                  7000e280    000000be     freeRTOS_fat-nortos.am263x.r5f.ti-arm-clang.release.lib : ff_dir.obj (.text.FF_PushEntryWithContext)
                  7000e33e    00000002     drivers.am263x.r5f.ti-arm-clang.nortos.release.lib : uart_dma_edma.obj (.text.UART_edmaDoNothing)
                  7000e340    000000bc                                                        : edma.obj (.text.EDMA_registerIntr)
                  7000e3fc    000000bc     security.am263x.r5f.ti-arm-clang.nortos.release.lib : hsmclient.obj (.text.HsmClient_procAuthBootStart)
                  7000e4b8    000000ba     freeRTOS_fat-nortos.am263x.r5f.ti-arm-clang.release.lib : ff_string.obj (.text.FF_strtok)
                  7000e572    000000b8                                                             : ff_ioman.obj (.text.FF_DecreaseFreeClusters)
                  7000e62a    000000b6                                                             : ff_sys.obj (.text.FF_FS_Find)
                  7000e6e0    000000b6                                                             : ff_mmcsd.obj (.text.FF_MMCSDDiskInit)
                  7000e796    000000b4     board.am263x.r5f.ti-arm-clang.nortos.release.lib : flash_nor_qspi.obj (.text.Flash_norQspiErase)
                  7000e84a    000000b4                                                      : flash_nor_qspi.obj (.text.Flash_norQspiEraseSector)
                  7000e8fe    00000002     nortos.am263x.r5f.ti-arm-clang.release.lib : printf.obj (.text._out_null)
                  7000e900    000000b4     drivers.am263x.r5f.ti-arm-clang.nortos.release.lib : mmcsd_v1_lld.obj (.text.MMCSD_isCardReadyForTransferMMC)
                  7000e9b4    000000b4     libc.a : fseek.c.obj (.text.fseeko)
                  7000ea68    000000b2     drivers.am263x.r5f.ti-arm-clang.nortos.release.lib : qspi_lld.obj (.text.QSPI_lld_writeCmd)
                  7000eb1a    000000b0     freeRTOS_fat-nortos.am263x.r5f.ti-arm-clang.release.lib : ff_dir.obj (.text.FF_CreateFile)
                  7000ebca    00000002                                                             : portable.obj (.text.vTaskSetThreadLocalStoragePointer)
                  7000ebcc    000000b0     drivers.am263x.r5f.ti-arm-clang.nortos.release.lib : mmcsd_v1.obj (.text.MMCSD_close)
                  7000ec7c    000000b0                                                        : mmcsd_v1_lld.obj (.text.MMCSD_lld_read_SD_Poll)
                  7000ed2c    000000b0                                                        : mmcsd_v1_lld.obj (.text.MMCSD_lld_write_SD_Poll)
                  7000eddc    000000b0     libc.a : fclose.c.obj (.text.__TI_closefile)
                  7000ee8c    000000b0     nortos.am263x.r5f.ti-arm-clang.release.lib : printf.obj (.text._ntoa_long_long)
                  7000ef3c    000000ac     drivers.am263x.r5f.ti-arm-clang.nortos.release.lib : bootloader_hsmRt_load.obj (.text.Bootloader_socLoadHsmRtFw)
                  7000efe8    000000ac                                                        : qspi_lld.obj (.text.QSPI_spiConfigWrite)
                  7000f094    000000ac                                                        : soc_rcm.obj (.text.SOC_rcmGetCoreHSDivOut)
                  7000f140    000000ac                                                        : uart_v0_lld.obj (.text.UART_divisorLatchWrite)
                  7000f1ec    000000a8                                                        : qspi_lld.obj (.text.QSPI_lld_init)
                  7000f294    000000a6     nortos.am263x.r5f.ti-arm-clang.release.lib : printf.obj (.text._out_rev)
                  7000f33a    000000a4     freeRTOS_fat-nortos.am263x.r5f.ti-arm-clang.release.lib : ff_fat.obj (.text.FF_ClearCluster)
                  7000f3de    00000002                                                             : portable.obj (.text.vTaskSuspendAll)
                  7000f3e0    000000a4     libc.a : memory.c.obj (.text.split)
                  7000f484    000000a0     drivers.am263x.r5f.ti-arm-clang.nortos.release.lib : edma.obj (.text.EDMA_freeDmaChannel)
                  7000f524    000000a0                                                        : edma.obj (.text.EDMA_freeParam)
                  7000f5c4    000000a0                                                        : edma.obj (.text.EDMA_freeTcc)
                  7000f664    000000a0     libsysbm.a : hostrename.c.obj (.text.HOSTrename)
                  7000f704    000000a0     drivers.am263x.r5f.ti-arm-clang.nortos.release.lib : mmcsd_v1_lld.obj (.text.MMCSD_lld_read_MMC_Dma)
                  7000f7a4    000000a0                                                        : mmcsd_v1_lld.obj (.text.MMCSD_lld_write_MMC_Dma)
                  7000f844    000000a0                                                        : uart_dma_edma.obj (.text.UART_lld_dmaRead)
                  7000f8e4    0000009e                                                        : bootloader.obj (.text.Bootloader_getMsgLen)
                  7000f982    0000009e     nortos.am263x.r5f.ti-arm-clang.release.lib : SemaphoreP_nortos.obj (.text.SemaphoreP_pend)
                  7000fa20    0000009c     drivers.am263x.r5f.ti-arm-clang.nortos.release.lib : bootloader_soc.obj (.text.Bootloader_socCpuPowerOnReset)
                  7000fabc    0000009c                                                        : mmcsd_v1_lld.obj (.text.MMCSD_lld_read_MMC_Intr)
                  7000fb58    0000009c                                                        : mmcsd_v1_lld.obj (.text.MMCSD_lld_write_MMC_Intr)
                  7000fbf4    0000009c                                                        : soc_rcm.obj (.text.SOC_rcmsetR5SysClock)
                  7000fc90    0000009c     libc.a : _io_perm.c.obj (.text.__TI_wrt_ok)
                  7000fd2c    0000009a     freeRTOS_fat-nortos.am263x.r5f.ti-arm-clang.release.lib : ff_file.obj (.text.FF_ReadPartial)
                  7000fdc6    00000002     --HOLE-- [fill = 0]
                  7000fdc8    00000098     libsysbm.a : hostlseek.c.obj (.text.HOSTlseek)
                  7000fe60    00000098     ti_drivers_config.obj (.text.HsmClient_config)
                  7000fef8    00000096     security.am263x.r5f.ti-arm-clang.nortos.release.lib : hsmclient.obj (.text.HsmClient_isr)
                  7000ff8e    00000094     drivers.am263x.r5f.ti-arm-clang.nortos.release.lib : edma.obj (.text.EDMA_configureChannelRegion)
                  70010022    00000002     --HOLE-- [fill = 0]
                  70010024    00000094     libsysbm.a : hostopen.c.obj (.text.HOSTopen)
                  700100b8    00000092     freeRTOS_fat-nortos.am263x.r5f.ti-arm-clang.release.lib : ff_dir.obj (.text.FF_PutEntry)
                  7001014a    00000002     --HOLE-- [fill = 0]
                  7001014c    00000090     drivers.am263x.r5f.ti-arm-clang.nortos.release.lib : mmcsd_v1_lld.obj (.text.MMCSD_lld_read_MMC_Poll)
                  700101dc    00000090                                                        : mmcsd_v1_lld.obj (.text.MMCSD_lld_read_SD_Intr)
                  7001026c    00000090                                                        : mmcsd_v1_lld.obj (.text.MMCSD_lld_write_MMC_Poll)
                  700102fc    00000090                                                        : mmcsd_v1_lld.obj (.text.MMCSD_lld_write_SD_Intr)
                  7001038c    0000008e                                                        : mmcsd_parse.obj (.text.MMCSD_parseECSDEmmc)
                  7001041a    0000008e     nortos.am263x.r5f.ti-arm-clang.release.lib : printf.obj (.text._ntoa_long)
                  700104a8    0000008c     libsysbm.a : close.c.obj (.text.close)
                  70010534    0000008a     freeRTOS_fat-nortos.am263x.r5f.ti-arm-clang.release.lib : ff_dir.obj (.text.FF_GetEntry)
                  700105be    00000002     --HOLE-- [fill = 0]
                  700105c0    00000088     drivers.am263x.r5f.ti-arm-clang.nortos.release.lib : mmcsd_v1_lld.obj (.text.MMCSD_lld_read_SD_Dma)
                  70010648    00000088                                                        : mmcsd_v1_lld.obj (.text.MMCSD_lld_write_SD_Dma)
                  700106d0    00000088                                                        : mmcsd_parse.obj (.text.MMCSD_parseCSDSd)
                  70010758    00000088                                                        : uart_v0.obj (.text.UART_init)
                  700107e0    00000088     libc.a : fflush.c.obj (.text.__TI_doflush)
                  70010868    00000086     freeRTOS_fat-nortos.am263x.r5f.ti-arm-clang.release.lib : ff_ioman.obj (.text.FF_BlockRead)
                  700108ee    00000086                                                             : ff_ioman.obj (.text.FF_BlockWrite)
                  70010974    00000086     drivers.am263x.r5f.ti-arm-clang.nortos.release.lib : mmcsd_v1_lld.obj (.text.MMCSD_setBusFreq)
                  700109fa    00000002     --HOLE-- [fill = 0]
                  700109fc    00000084     libsysbm.a : hostread.c.obj (.text.HOSTread)
                  70010a80    00000084                : hostwrite.c.obj (.text.HOSTwrite)
                  70010b04    00000082     freeRTOS_fat-nortos.am263x.r5f.ti-arm-clang.release.lib : ff_dir.obj (.text.FF_Traverse)
                  70010b86    00000002     --HOLE-- [fill = 0]
                  70010b88    00000080     drivers.am263x.r5f.ti-arm-clang.nortos.release.lib : edma.obj (.text.EDMA_close)
                  70010c08    00000080                                                        : uart_v0.obj (.text.UART_flushTxFifo)
                  70010c88    0000007e     security.am263x.r5f.ti-arm-clang.nortos.release.lib : hsmclient.obj (.text.HsmClient_procAuthBootUpdate)
                  70010d06    0000007c     board.am263x.r5f.ti-arm-clang.nortos.release.lib : flash_nor_qspi.obj (.text.Flash_norQspiWaitReady)
                  70010d82    00000002     --HOLE-- [fill = 0]
                  70010d84    00000078     libc.a : snprintf.c.obj (.text.snprintf)
                  70010dfc    00000074     drivers.am263x.r5f.ti-arm-clang.nortos.release.lib : mmcsd_v1.obj (.text.MMCSD_init)
                  70010e70    00000074                                                        : mmcsd_v1_lld.obj (.text.MMCSD_lld_InitDma)
                  70010ee4    00000074                                                        : mmcsd_parse.obj (.text.MMCSD_parseCIDEmmc)
                  70010f58    00000070                                                        : qspi.obj (.text.QSPI_init)
                  70010fc8    0000006e     ti_board_open_close.obj (.text.Board_flashOpen)
                  70011036    0000006e     drivers.am263x.r5f.ti-arm-clang.nortos.release.lib : edma.obj (.text.EDMA_disableTransferRegion)
                  700110a4    0000006e                                                        : edma.obj (.text.EDMA_enableTransferRegion)
                  70011112    0000006e     freeRTOS_fat-nortos.am263x.r5f.ti-arm-clang.release.lib : ff_ioman.obj (.text.prvDetermineFatType)
                  70011180    0000006c     libsysbm.a : hostunlink.c.obj (.text.HOSTunlink)
                  700111ec    0000006c     drivers.am263x.r5f.ti-arm-clang.nortos.release.lib : mmcsd_v1_lld.obj (.text.MMCSD_isCardReadyForTransferSD)
                  70011258    0000006c                                                        : mmcsd_v1_lld.obj (.text.MMCSD_lld_init)
                  700112c4    0000006c                                                        : mmcsd_parse.obj (.text.MMCSD_parseCIDSd)
                  70011330    0000006c                                                        : uart_v0_lld.obj (.text.UART_lld_writeDma)
                  7001139c    0000006a     freeRTOS_fat-nortos.am263x.r5f.ti-arm-clang.release.lib : ff_file.obj (.text.FF_SetCluster)
                  70011406    00000068     drivers.am263x.r5f.ti-arm-clang.nortos.release.lib : uart_v0_lld.obj (.text.UART_lld_writeIntr)
                  7001146e    00000002     --HOLE-- [fill = 0]
                  70011470    00000068     libc.a : atoi.c.obj (.text.atoi)
                  700114d8    00000066     drivers.am263x.r5f.ti-arm-clang.nortos.release.lib : qspi_edma_lld.obj (.text.QSPI_edmaChannelFree)
                  7001153e    00000066     nortos.am263x.r5f.ti-arm-clang.release.lib : PmuP_armv7r.obj (.text.pmu)
                  700115a4    00000064     freeRTOS_fat-nortos.am263x.r5f.ti-arm-clang.release.lib : ff_file.obj (.text.FF_GetModeBits)
                  70011608    00000064                                                             : ff_file.obj (.text.FF_GetSequentialClusters)
                  7001166c    00000064     drivers.am263x.r5f.ti-arm-clang.nortos.release.lib : soc.obj (.text.SOC_controlModuleUnlockMMR)
                  700116d0    00000064                                                        : soc_rcm.obj (.text.SOC_rcmStartMemInitTCMA)
                  70011734    00000064                                                        : soc_rcm.obj (.text.SOC_rcmStartMemInitTCMB)
                  70011798    00000064                                                        : uart_v0_lld.obj (.text.UART_procLineStatusErr)
                  700117fc    00000062     security.am263x.r5f.ti-arm-clang.nortos.release.lib : hsmclient.obj (.text.HsmClient_register)
                  7001185e    00000060     ti_drivers_open_close.obj (.text.Drivers_close)
                  700118be    00000002     --HOLE-- [fill = 0]
                  700118c0    00000060     libsysbm.a : hostclose.c.obj (.text.HOSTclose)
                  70011920    00000060     drivers.am263x.r5f.ti-arm-clang.nortos.release.lib : qspi.obj (.text.QSPI_readMemMapMode)
                  70011980    00000060                                                        : soc_rcm.obj (.text.SOC_rcmR5ConfigDualCore)
                  700119e0    00000060                                                        : soc_rcm.obj (.text.SOC_rcmWaitMemInitTCMA)
                  70011a40    00000060                                                        : soc_rcm.obj (.text.SOC_rcmWaitMemInitTCMB)
                  70011aa0    00000060     libc.a : memory.c.obj (.text.calloc)
                  70011b00    0000005e     nortos.am263x.r5f.ti-arm-clang.release.lib : ClockP_nortos.obj (.text.ClockP_timerTickIsr)
                  70011b5e    0000005e     freeRTOS_fat-nortos.am263x.r5f.ti-arm-clang.release.lib : ff_fat.obj (.text.prvGetFromFATBuffers)
                  70011bbc    0000005c     drivers.am263x.r5f.ti-arm-clang.nortos.release.lib : bootloader_soc.obj (.text.Bootloader_socSetAutoClock)
                  70011c18    0000005c     ti_drivers_open_close.obj (.text.Drivers_ffOpen)
                  70011c74    0000005c     drivers.am263x.r5f.ti-arm-clang.nortos.release.lib : mmcsd_v1_lld.obj (.text.MMCSD_commandSend)
                  70011cd0    0000005c                                                        : soc.obj (.text.SOC_controlModuleLockMMR)
                  70011d2c    0000005c     nortos.am263x.r5f.ti-arm-clang.release.lib : DebugP_log.obj (.text._DebugP_assert)
                  70011d88    0000005a     freeRTOS_fat-nortos.am263x.r5f.ti-arm-clang.release.lib : ff_mmcsd.obj (.text.prvReadMmcsd)
                  70011de2    0000005a                                                             : ff_mmcsd.obj (.text.prvWriteMmcsd)
                  70011e3c    00000058     drivers.am263x.r5f.ti-arm-clang.nortos.release.lib : bootloader.obj (.text.Bootloader_parseNoteSegment)
                  70011e94    00000058                                                        : bootloader.obj (.text.Bootloader_runCpu)
                  70011eec    00000058     ti_clocktree_pll_config.obj (.text.Bootloader_socConfigurePll)
                  70011f44    00000058     freeRTOS_fat-nortos.am263x.r5f.ti-arm-clang.release.lib : ff_string.obj (.text.FF_strmatch)
                  70011f9c    00000058     libc.a : fopen.c.obj (.text.__TI_cleanup)
                  70011ff4    00000058     libsysbm.a : trgmsg.c.obj (.text.__TI_readmsg)
                  7001204c    00000058                : trgmsg.c.obj (.text.__TI_writemsg)
                  700120a4    00000058     libc.a : snprintf.c.obj (.text._outs)
                  700120fc    00000056     nortos.am263x.r5f.ti-arm-clang.release.lib : ClockP_nortos.obj (.text.ClockP_getTimeUsec)
                  70012152    00000056     freeRTOS_fat-nortos.am263x.r5f.ti-arm-clang.release.lib : ff_fat.obj (.text.FF_FindEndOfChain)
                  700121a8    00000056     drivers.am263x.r5f.ti-arm-clang.nortos.release.lib : uart_v0_lld.obj (.text.UART_intrDisable)
                  700121fe    00000056                                                        : uart_v0_lld.obj (.text.UART_writeCancelNoCB)
                  70012254    00000054     freeRTOS_fat-nortos.am263x.r5f.ti-arm-clang.release.lib : ff_ioman.obj (.text.FF_ReleaseBuffer)
                  700122a8    00000054     libc.a : exit.c.obj (.text.exit)
                  700122fc    00000054            : getdevice.c.obj (.text.finddevice)
                  70012350    00000054            : autoinit.c.obj (.text:__TI_auto_init_nobinit_nopinit)
                  700123a4    00000052     security.am263x.r5f.ti-arm-clang.nortos.release.lib : hsmclient.obj (.text.HsmClient_checkAndWaitForBootNotification)
                  700123f6    00000002     --HOLE-- [fill = 0]
                  700123f8    00000050     drivers.am263x.r5f.ti-arm-clang.nortos.release.lib : edma.obj (.text.EDMA_allocDmaChannel)
                  70012448    00000050                                                        : edma.obj (.text.EDMA_allocParam)
                  70012498    00000050                                                        : edma.obj (.text.EDMA_allocTcc)
                  700124e8    00000050                                                        : soc_rcm.obj (.text.SBL_rcmIsDualCoreSwitchSupported)
                  70012538    0000004e     nortos.am263x.r5f.ti-arm-clang.release.lib : ClockP_nortos.obj (.text.ClockP_addToList)
                  70012586    0000004e     ti_drivers_open_close.obj (.text.Drivers_mmcsdOpen)
                  700125d4    0000004e     ti_drivers_open_close.obj (.text.Drivers_uartOpen)
                  70012622    0000004e     drivers.am263x.r5f.ti-arm-clang.nortos.release.lib : edma.obj (.text.EDMA_disableChInShadowRegRegion)
                  70012670    0000004e     freeRTOS_fat-nortos.am263x.r5f.ti-arm-clang.release.lib : ff_dir.obj (.text.FF_InitEntryFetch)
                  700126be    0000004e                                                             : ff_ioman.obj (.text.FF_ReadParts)
                  7001270c    0000004c     drivers.am263x.r5f.ti-arm-clang.nortos.release.lib : bootloader_soc.obj (.text.Bootloader_socCpuGetClock)
                  70012758    0000004c     ti_drivers_open_close.obj (.text.Drivers_edmaOpen)
                  700127a4    0000004c     ti_drivers_open_close.obj (.text.Drivers_qspiOpen)
                  700127f0    0000004c     drivers.am263x.r5f.ti-arm-clang.nortos.release.lib : qspi.obj (.text.QSPI_close)
                  7001283c    0000004c                                                        : soc_rcm.obj (.text.SOC_rcmCoreR5FUnhalt)
                  70012888    0000004c     libc.a : memccpy.c.obj (.text.memccpy)
                  700128d4    00000048     freeRTOS_fat-nortos.am263x.r5f.ti-arm-clang.release.lib : ff_file.obj (.text.FF_CheckValid)
                  7001291c    00000048     drivers.am263x.r5f.ti-arm-clang.nortos.release.lib : uart_dma_edma.obj (.text.UART_edmaIsrRx)
                  70012964    00000048     freeRTOS_fat-nortos.am263x.r5f.ti-arm-clang.release.lib : ff_stdio.obj (.text.ff_fopen)
                  700129ac    00000048     libsysbm.a : unlink.c.obj (.text.unlink)
                  700129f4    00000046     drivers.am263x.r5f.ti-arm-clang.nortos.release.lib : uart_dma_edma.obj (.text.UART_edmaIsrTx)
                  70012a3a    00000002     --HOLE-- [fill = 0]
                  70012a3c    00000044                                                        : qspi_lld.obj (.text.QSPI_waitIdle)
                  70012a80    00000044                                                        : qspi_lld.obj (.text.QSPI_writeCommandInit)
                  70012ac4    00000044                                                        : uart_v0.obj (.text.UART_Params_init)
                  70012b08    00000044                                                        : uart_v0_lld.obj (.text.UART_lld_deInitDma)
                  70012b4c    00000042     freeRTOS_fat-nortos.am263x.r5f.ti-arm-clang.release.lib : ff_crc.obj (.text.FF_GetCRC16)
                  70012b8e    00000040     drivers.am263x.r5f.ti-arm-clang.nortos.release.lib : bootloader.obj (.text.Bootloader_findSeq)
                  70012bce    00000002     --HOLE-- [fill = 0]
                  70012bd0    00000040                                                        : bootloader.obj (.text.Bootloader_open)
                  70012c10    00000040                                                        : bootloader_soc.obj (.text.Bootloader_socMemInitCpu)
                  70012c50    00000040                                                        : bootloader.obj (.text.Bootloader_verifySegmentAddr)
                  70012c90    00000040     nortos.am263x.r5f.ti-arm-clang.release.lib : ClockP_nortos.obj (.text.ClockP_stop)
                  70012cd0    00000040     ti_dpl_config.obj (.text.Dpl_init)
                  70012d10    00000040     drivers.am263x.r5f.ti-arm-clang.nortos.release.lib : edma.obj (.text.EDMA_mapChToEvtQ)
                  70012d50    00000040                                                        : pinmux.obj (.text.Pinmux_config)
                  70012d90    00000040                                                        : uart_v0_lld.obj (.text.UART_lld_deInit)
                  70012dd0    00000040     libc.a : memory.c.obj (.text.free_list_insert)
                  70012e10    0000003e     security.am263x.r5f.ti-arm-clang.nortos.release.lib : hsmclient_loadhsmrt.obj (.text.Hsmclient_mboxRxISR)
                  70012e4e    0000003e                                                         : sipc_notify_src.obj (.text.SIPC_registerClient)
                  70012e8c    0000003c     drivers.am263x.r5f.ti-arm-clang.nortos.release.lib : edma.obj (.text.EDMA_getBaseAddr)
                  70012ec8    0000003c     freeRTOS_fat-nortos.am263x.r5f.ti-arm-clang.release.lib : ff_fat.obj (.text.FF_CreateClusterChain)
                  70012f04    0000003c     board.am263x.r5f.ti-arm-clang.nortos.release.lib : flash_nor_qspi.obj (.text.Flash_norQspiRead)
                  70012f40    0000003c     drivers.am263x.r5f.ti-arm-clang.nortos.release.lib : qspi.obj (.text.QSPI_writeConfigMode)
                  70012f7c    0000003c                                                        : soc_rcm.obj (.text.SOC_rcmR5ConfigLockStep)
                  70012fb8    0000003c                                                        : uart_v0_lld.obj (.text.UART_readData)
                  70012ff4    0000003a     nortos.am263x.r5f.ti-arm-clang.release.lib : ClockP_nortos.obj (.text.ClockP_destruct)
                  7001302e    0000003a                                                : DebugP_uartLogWriter.obj (.text.DebugP_uartLogWriterPutChar)
                  70013068    0000003a     freeRTOS_fat-nortos.am263x.r5f.ti-arm-clang.release.lib : ff_ioman.obj (.text.FF_DeleteIOManager)
                  700130a2    0000003a                                                             : ff_fat.obj (.text.FF_ReleaseFATBuffers)
                  700130dc    0000003a     board.am263x.r5f.ti-arm-clang.nortos.release.lib : flash.obj (.text.Flash_open)
                  70013116    0000003a     ti_power_clock_config.obj (.text.Module_clockSetFrequency)
                  70013150    0000003a     drivers.am263x.r5f.ti-arm-clang.nortos.release.lib : uart_v0_lld.obj (.text.UART_lld_flushTxFifo)
                  7001318a    00000002     --HOLE-- [fill = 0]
                  7001318c    00000038                                                        : bootloader_soc.obj (.text.Bootloader_authStart)
                  700131c4    00000038                                                        : bootloader_soc.obj (.text.Bootloader_authUpdate)
                  700131fc    00000038                                                        : bootloader_soc.obj (.text.Bootloader_socTranslateSectionAddr)
                  70013234    00000038                                                        : mmcsd_v1_lld.obj (.text.MMCSD_setBusWidth)
                  7001326c    00000038                                                        : soc_rcm.obj (.text.SOC_rcmADPLLJGetFOut)
                  700132a4    00000038     nortos.am263x.r5f.ti-arm-clang.release.lib : DebugP_nortos.obj (.text._DebugP_logZone)
                  700132dc    00000038                                                : PmuP_armv7r_asm.obj (.text.pmu)
                  70013314    00000036     drivers.am263x.r5f.ti-arm-clang.nortos.release.lib : edma.obj (.text.EDMA_clrMissEvtRegion)
                  7001334a    00000036     freeRTOS_fat-nortos.am263x.r5f.ti-arm-clang.release.lib : ff_fat.obj (.text.FF_getMinorBlockEntry)
                  70013380    00000036     security.am263x.r5f.ti-arm-clang.nortos.release.lib : hsmclient_wait_for_boot_notify.obj (.text.HsmClient_waitForBootNotify)
                  700133b6    00000036     nortos.am263x.r5f.ti-arm-clang.release.lib : SemaphoreP_nortos.obj (.text.SemaphoreP_post)
                  700133ec    00000034     drivers.am263x.r5f.ti-arm-clang.nortos.release.lib : bootloader.obj (.text.Bootloader_getX509CertLen)
                  70013420    00000034     nortos.am263x.r5f.ti-arm-clang.release.lib : ClockP_nortos.obj (.text.ClockP_start)
                  70013454    00000034     drivers.am263x.r5f.ti-arm-clang.nortos.release.lib : mmcsd_edma_lld.obj (.text.MMCSD_edmaIsrRx)
                  70013488    00000034                                                        : mmcsd_edma_lld.obj (.text.MMCSD_edmaIsrTx)
                  700134bc    00000034     ti_power_clock_config.obj (.text.Module_clockDisable)
                  700134f0    00000034     ti_power_clock_config.obj (.text.Module_clockEnable)
                  70013524    00000034     drivers.am263x.r5f.ti-arm-clang.nortos.release.lib : soc_rcm.obj (.text.SOC_rcmMemInitL2Memory)
                  70013558    00000034     libc.a : memory.c.obj (.text.free_list_remove)
                  7001358c    00000034     libsysbm.a : lseek.c.obj (.text.lseek)
                  700135c0    00000034     freeRTOS_fat-nortos.am263x.r5f.ti-arm-clang.release.lib : ff_stdio.obj (.text.prvFFErrorToErrno)
                  700135f4    00000034     libsysbm.a : write.c.obj (.text.write)
                  70013628    00000032     nortos.am263x.r5f.ti-arm-clang.release.lib : ClockP_nortos.obj (.text.ClockP_usleep)
                  7001365a    00000032     drivers.am263x.r5f.ti-arm-clang.nortos.release.lib : edma.obj (.text.EDMA_unmapChToEvtQ)
                  7001368c    00000032     freeRTOS_fat-nortos.am263x.r5f.ti-arm-clang.release.lib : ff_file.obj (.text.FF_FileLBA)
                  700136be    00000032                                                             : ff_fat.obj (.text.FF_getMinorBlockNumber)
                  700136f0    00000032     drivers.am263x.r5f.ti-arm-clang.nortos.release.lib : mmcsd_v1_lld.obj (.text.MMCSD_lld_cmdCompleteStatusPoll)
                  70013722    00000032                                                        : mmcsd_parse.obj (.text.MMCSD_parseCSDEmmc)
                  70013754    00000030                                                        : bootloader.obj (.text.Bootloader_BootImageInfo_init)
                  70013784    00000030                                                        : bootloader_soc.obj (.text.Bootloader_authFinish)
                  700137b4    00000030                                                        : mmcsd_v1_lld.obj (.text.MMCSD_lld_sendCmd23MMC)
                  700137e4    00000030     security.am263x.r5f.ti-arm-clang.nortos.release.lib : sipc_notify_cfg.obj (.text.SIPC_Register_Isr)
                  70013814    00000030     drivers.am263x.r5f.ti-arm-clang.nortos.release.lib : soc_rcm.obj (.text.SOC_rcmCoreApllRelockPreRequisite)
                  70013844    00000030                                                        : soc_rcm.obj (.text.SOC_rcmGetModuleClkDivVal)
                  70013874    00000030                                                        : uart_v0.obj (.text.UART_lld_readCompleteCallback)
                  700138a4    00000030                                                        : uart_v0.obj (.text.UART_lld_writeCompleteCallback)
                  700138d4    0000002e                                                        : edma.obj (.text.EDMA_enableChInShadowRegRegion)
                  70013902    0000002e                                                        : qspi_lld.obj (.text.QSPI_lld_deInitDma)
                  70013930    0000002c                                                        : bootloader_profile.obj (.text.Bootloader_profileReset)
                  7001395c    0000002c                                                        : edma.obj (.text.EDMA_getHandle)
                  70013988    0000002c     freeRTOS_fat-nortos.am263x.r5f.ti-arm-clang.release.lib : ff_crc.obj (.text.FF_GetCRC32)
                  700139b4    0000002c                                                             : ff_string.obj (.text.FF_tolower)
                  700139e0    0000002c     drivers.am263x.r5f.ti-arm-clang.nortos.release.lib : soc_rcm.obj (.text.SOC_rcmGetR5Clock)
                  70013a0c    0000002c     ti_drivers_config.obj (.text.System_deinit)
                  70013a38    0000002c     drivers.am263x.r5f.ti-arm-clang.nortos.release.lib : uart_v0.obj (.text.UART_getHandle)
                  70013a64    0000002c     libc.a : snprintf.c.obj (.text._outc)
                  70013a90    0000002a     drivers.am263x.r5f.ti-arm-clang.nortos.release.lib : mmcsd_v1_lld.obj (.text.MMCSD_systemConfig)
                  70013aba    0000002a     freeRTOS_fat-nortos.am263x.r5f.ti-arm-clang.release.lib : ff_stdio.obj (.text.ff_fread)
                  70013ae4    00000028     nortos.am263x.r5f.ti-arm-clang.release.lib : ClockP_nortos.obj (.text.ClockP_construct)
                  70013b0c    00000028                                                : ClockP_nortos.obj (.text.ClockP_sleepTicks)
                  70013b34    00000028     board.am263x.r5f.ti-arm-clang.nortos.release.lib : flash_nor_qspi.obj (.text.Flash_norQspiSetOpCodeModeDummy)
                  70013b5c    00000028     drivers.am263x.r5f.ti-arm-clang.nortos.release.lib : mmcsd_v1.obj (.text.MMCSD_getHandle)
                  70013b84    00000028                                                        : bootloader_mem.obj (.text.Mem_imgRead)
                  70013bac    00000028                                                        : qspi.obj (.text.QSPI_getHandle)
                  70013bd4    00000028                                                        : qspi_lld.obj (.text.QSPI_lld_setPreScaler)
                  70013bfc    00000028                                                        : soc.obj (.text.SOC_moduleSetClockFrequency)
                  70013c24    00000028                                                        : soc_rcm.obj (.text.SOC_rcmGetADPLLJConfig)
                  70013c4c    00000028     freeRTOS_fat-nortos.am263x.r5f.ti-arm-clang.release.lib : ff_stdio.obj (.text.ff_filelength)
                  70013c74    00000026     drivers.am263x.r5f.ti-arm-clang.nortos.release.lib : bootloader.obj (.text.Bootloader_initCpu)
                  70013c9a    00000026                                                        : edma.obj (.text.EDMA_setPaRAM)
                  70013cc0    00000026     freeRTOS_fat-nortos.am263x.r5f.ti-arm-clang.release.lib : ff_file.obj (.text.FF_GetFileSize)
                  70013ce6    00000026     drivers.am263x.r5f.ti-arm-clang.nortos.release.lib : mmcsd_parse.obj (.text.MMCSD_parseSCRSd)
                  70013d0c    00000026                                                        : qspi_lld.obj (.text.QSPI_lld_deInit)
                  70013d32    00000026     security.am263x.r5f.ti-arm-clang.nortos.release.lib : sipc_notify_src.obj (.text.SIPC_unregisterClient)
                  70013d58    00000026     ti_drivers_config.obj (.text.System_init)
                  70013d7e    00000026     drivers.am263x.r5f.ti-arm-clang.nortos.release.lib : uart_dma_edma.obj (.text.UART_lld_dmaDisableChannel)
                  70013da4    00000026     freeRTOS_fat-nortos.am263x.r5f.ti-arm-clang.release.lib : ff_stdio.obj (.text.ff_fclose)
                  70013dca    00000002     --HOLE-- [fill = 0]
                  70013dcc    00000024     drivers.am263x.r5f.ti-arm-clang.nortos.release.lib : bootloader_profile.obj (.text.Bootloader_profileAddProfilePoint)
                  70013df0    00000024                                                        : edma.obj (.text.EDMA_clrIntrRegion)
                  70013e14    00000024                                                        : edma.obj (.text.EDMA_disableEvtIntrRegion)
                  70013e38    00000024                                                        : edma.obj (.text.EDMA_readIntrStatusRegion)
                  70013e5c    00000024     security.am263x.r5f.ti-arm-clang.nortos.release.lib : hsmclient.obj (.text.HsmClient_init)
                  70013e80    00000024     drivers.am263x.r5f.ti-arm-clang.nortos.release.lib : mmcsd_v1_lld.obj (.text.MMCSD_busPowerOnCtrl)
                  70013ea4    00000024                                                        : mmcsd_v1_lld.obj (.text.MMCSD_intrConfigReset)
                  70013ec8    00000024                                                        : mmcsd_v1_lld.obj (.text.MMCSD_softReset)
                  70013eec    00000024                                                        : uart_v0_lld.obj (.text.UART_IsHWFlowCtrlValid)
                  70013f10    00000024     libclang_rt.builtins.a : aeabi_uldivmod.S.obj (.text.__aeabi_uldivmod)
                  70013f34    00000024     nortos.am263x.r5f.ti-arm-clang.release.lib : printf.obj (.text.vprintf_)
                  70013f58    00000022     drivers.am263x.r5f.ti-arm-clang.nortos.release.lib : edma.obj (.text.EDMA_linkChannel)
                  70013f7a    00000022     freeRTOS_fat-nortos.am263x.r5f.ti-arm-clang.release.lib : ff_mmcsd.obj (.text.FF_MMCSDDiskDelete)
                  70013f9c    00000020     drivers.am263x.r5f.ti-arm-clang.nortos.release.lib : bootloader.obj (.text.Bootloader_runSelfCpu)
                  70013fbc    00000020     nortos.am263x.r5f.ti-arm-clang.release.lib : DebugP_log.obj (.text.DebugP_logZoneEnable)
                  70013fdc    00000020     drivers.am263x.r5f.ti-arm-clang.nortos.release.lib : edma.obj (.text.EDMA_chainChannel)
                  70013ffc    00000020                                                        : mmcsd_v1_lld.obj (.text.MMCSD_linesResetAll)
                  7001401c    00000020                                                        : mmcsd_v1_lld.obj (.text.MMCSD_linesResetCmd)
                  7001403c    00000020                                                        : mmcsd_v1_lld.obj (.text.MMCSD_linesResetDat)
                  7001405c    00000020     nortos.am263x.r5f.ti-arm-clang.release.lib : TimerP_rti_priv.obj (.text.TimerP_Params_initPriv)
                  7001407c    00000020     drivers.am263x.r5f.ti-arm-clang.nortos.release.lib : uart_v0_lld.obj (.text.UART_getChar)
                  7001409c    00000020     libc.a : wcslen.c.obj (.text.wcslen)
                  700140bc    0000001e     freeRTOS_fat-nortos.am263x.r5f.ti-arm-clang.release.lib : ff_fat.obj (.text.FF_getMajorBlockNumber)
                  700140da    0000001e     drivers.am263x.r5f.ti-arm-clang.nortos.release.lib : uart_v0_lld.obj (.text.UART_spaceAvail)
                  700140f8    0000001e                                                        : bootloader.obj (.text.memcmp)
                  70014116    00000002     --HOLE-- [fill = 0]
                  70014118    0000001c                                                        : bootloader_soc.obj (.text.Bootloader_socGetCoreName)
                  70014134    0000001c                                                        : mmcsd_v1_lld.obj (.text.MMCSD_isCmdComplete)
                  70014150    0000001c                                                        : mmcsd_v1_lld.obj (.text.MMCSD_lld_deInitDma)
                  7001416c    0000001c                                                        : bootloader_mem.obj (.text.Mem_imgOpen)
                  70014188    0000001c                                                        : soc_rcm.obj (.text.SOC_rcmIsR5FInLockStepMode)
                  700141a4    0000001c     libsysbm.a : hostrename.c.obj (.text.strcpy)
                  700141c0    0000001c     libc.a : _printfi.c.obj (.text.strlen)
                  700141dc    0000001c     libsysbm.a : hostrename.c.obj (.text.strlen)
                  700141f8    0000001c     libc.a : memcpy32.S.obj (.text:TI_memcpy_small)
                  70014214    0000001a     nortos.am263x.r5f.ti-arm-clang.release.lib : CpuId_armv7r.obj (.text.CSL_armR5GetCpuID)
                  7001422e    0000001a     ti_drivers_open_close.obj (.text.Drivers_open)
                  70014248    0000001a     drivers.am263x.r5f.ti-arm-clang.nortos.release.lib : edma.obj (.text.EDMA_readEventStatusRegion)
                  70014262    0000001a     freeRTOS_fat-nortos.am263x.r5f.ti-arm-clang.release.lib : ff_fat.obj (.text.FF_Cluster2LBA)
                  7001427c    0000001a     drivers.am263x.r5f.ti-arm-clang.nortos.release.lib : mmcsd_v1_lld.obj (.text.MMCSD_getResponse)
                  70014296    0000001a                                                        : qspi_edma_lld.obj (.text.QSPI_edmaIsrFxn)
                  700142b0    0000001a     security.am263x.r5f.ti-arm-clang.nortos.release.lib : sipc_notify_src.obj (.text.SIPC_Params_init)
                  700142ca    0000001a     drivers.am263x.r5f.ti-arm-clang.nortos.release.lib : uart_v0_lld.obj (.text.UART_enhanFuncEnable)
                  700142e4    00000018                                                        : bootloader_profile.obj (.text.Bootloader_profileAddCore)
                  700142fc    00000018                                                        : bootloader_soc.obj (.text.Bootloader_socCpuGetClkDefault)
                  70014314    00000018                                                        : mmcsd_v1.obj (.text.MMCSD_deinit)
                  7001432c    00000018                                                        : mmcsd_v1_lld.obj (.text.MMCSD_isIntClockStable)
                  70014344    00000018                                                        : mmcsd_v1_lld.obj (.text.MMCSD_lld_completeCurrTransfer)
                  7001435c    00000018                                                        : qspi.obj (.text.QSPI_deinit)
                  70014374    00000018                                                        : qspi.obj (.text.QSPI_readCmdParams_init)
                  7001438c    00000018                                                        : qspi.obj (.text.QSPI_writeCmdParams_init)
                  700143a4    00000018                                                        : soc.obj (.text.SOC_getCoreName)
                  700143bc    00000018                                                        : soc_rcm.obj (.text.SOC_rcmMemInitMailboxMemory)
                  700143d4    00000018                                                        : soc_rcm.obj (.text.SOC_rcmR5SS0PowerOnReset)
                  700143ec    00000018                                                        : soc_rcm.obj (.text.SOC_rcmR5SS1PowerOnReset)
                  70014404    00000018     nortos.am263x.r5f.ti-arm-clang.release.lib : TimerP_rti_priv.obj (.text.TimerP_getCountPriv)
                  7001441c    00000018     drivers.am263x.r5f.ti-arm-clang.nortos.release.lib : uart_v0.obj (.text.UART_deinit)
                  70014434    00000018     libc.a : memset32.S.obj (.text:TI_memset_small)
                  7001444c    00000016     drivers.am263x.r5f.ti-arm-clang.nortos.release.lib : bootloader_soc.obj (.text.Bootloader_socCpuSetClock)
                  70014462    00000016                                                        : mmcsd_v1_lld.obj (.text.MMCSD_lld_getBlockSize)
                  70014478    00000016     nortos.am263x.r5f.ti-arm-clang.release.lib : SemaphoreP_nortos.obj (.text.SemaphoreP_constructBinary)
                  7001448e    00000016     drivers.am263x.r5f.ti-arm-clang.nortos.release.lib : uart_v0_lld.obj (.text.UART_IsTxRxFifoEmpty)
                  700144a4    00000016                                                        : uart_v0_lld.obj (.text.UART_checkCharsAvailInFifo)
                  700144ba    00000016                                                        : uart_v0_lld.obj (.text.UART_getIntrIdentityStatus)
                  700144d0    00000014                                                        : bootloader_soc.obj (.text.Bootloader_socCpuResetRelease)
                  700144e4    00000014                                                        : bootloader_soc.obj (.text.Bootloader_socIsAuthRequired)
                  700144f8    00000014     nortos.am263x.r5f.ti-arm-clang.release.lib : ClockP_nortos.obj (.text.ClockP_usecToTicks)
                  7001450c    00000014     drivers.am263x.r5f.ti-arm-clang.nortos.release.lib : edma.obj (.text.EDMA_getRegionId)
                  70014520    00000014     freeRTOS_fat-nortos.am263x.r5f.ti-arm-clang.release.lib : ff_string.obj (.text.FF_Utf8ctoUtf16c)
                  70014534    00000014     drivers.am263x.r5f.ti-arm-clang.nortos.release.lib : qspi.obj (.text.QSPI_setAddressByteCount)
                  70014548    00000014                                                        : qspi.obj (.text.QSPI_setDummyBitCount)
                  7001455c    00000014                                                        : qspi.obj (.text.QSPI_setReadCmd)
                  70014570    00000014                                                        : qspi.obj (.text.QSPI_setWriteCmd)
                  70014584    00000014                                                        : qspi.obj (.text.QSPI_transaction_init)
                  70014598    00000014                                                        : soc_rcm.obj (.text.SOC_rcmR5SS0TriggerReset)
                  700145ac    00000014     nortos.am263x.r5f.ti-arm-clang.release.lib : SemaphoreP_nortos.obj (.text.SemaphoreP_constructMutex)
                  700145c0    00000014     drivers.am263x.r5f.ti-arm-clang.nortos.release.lib : uart_v0.obj (.text.UART_Transaction_init)
                  700145d4    00000014                                                        : uart_v0_lld.obj (.text.UART_enhanFuncBitValRestore)
                  700145e8    00000012     freeRTOS_fat-nortos.am263x.r5f.ti-arm-clang.release.lib : ff_fat.obj (.text.FF_getClusterChainNumber)
                  700145fa    00000012     security.am263x.r5f.ti-arm-clang.nortos.release.lib : hsmclient_loadhsmrt.obj (.text.Hsmclient_updateBootNotificationRegister)
                  7001460c    00000012     drivers.am263x.r5f.ti-arm-clang.nortos.release.lib : qspi.obj (.text.QSPI_readCmd)
                  7001461e    00000012                                                        : qspi.obj (.text.QSPI_writeCmd)
                  70014630    00000012                                                        : uart_v0_lld.obj (.text.UART_hardwareFlowCtrlOptSet)
                  70014642    00000012                                                        : uart_v0_lld.obj (.text.UART_operatingModeSelect)
                  70014654    00000012                                                        : uart_v0_lld.obj (.text.UART_readLineStatus)
                  70014666    00000012     ti_dpl_config.obj (.text.putchar_)
                  70014678    00000010     drivers.am263x.r5f.ti-arm-clang.nortos.release.lib : bootloader.obj (.text.Bootloader_close)
                  70014688    00000010                                                        : bootloader.obj (.text.Bootloader_isCorePresent)
                  70014698    00000010     freeRTOS_fat-nortos.am263x.r5f.ti-arm-clang.release.lib : ff_string.obj (.text.FF_GetUtf16SequenceLen)
                  700146a8    00000010     drivers.am263x.r5f.ti-arm-clang.nortos.release.lib : mmcsd_v1.obj (.text.MMCSD_LLD_transferCompleteCallback)
                  700146b8    00000010                                                        : qspi.obj (.text.QSPI_setRxLines)
                  700146c8    00000010                                                        : soc_rcm.obj (.text.SOC_rcmR5SS1TriggerReset)
                  700146d8    00000010                                                        : uart_v0_lld.obj (.text.UART_intr2Disable)
                  700146e8    00000010     libclang_rt.builtins.a : aeabi_memset.S.obj (.text.__aeabi_memset)
                  700146f8    00000010     libc.a : fputc.c.obj (.text.putchar)
                  70014708    0000000e     drivers.am263x.r5f.ti-arm-clang.nortos.release.lib : bootloader_soc.obj (.text.Bootloader_socCpuResetReleaseSelf)
                  70014716    0000000e                                                        : bootloader_soc.obj (.text.Bootloader_socInitL2MailBoxMemory)
                  70014724    0000000e                                                        : edma.obj (.text.EDMA_ccPaRAMEntry_init)
                  70014732    0000000e     board.am263x.r5f.ti-arm-clang.nortos.release.lib : flash.obj (.text.Flash_close)
                  70014740    0000000e     drivers.am263x.r5f.ti-arm-clang.nortos.release.lib : mmcsd_v1.obj (.text.MMCSD_isr)
                  7001474e    0000000e     ti_pinmux_config.obj (.text.Pinmux_init)
                  7001475c    0000000e     ti_power_clock_config.obj (.text.PowerClock_init)
                  7001476a    00000002     --HOLE-- [fill = 0]
                  7001476c    0000000c     drivers.am263x.r5f.ti-arm-clang.nortos.release.lib : bootloader.obj (.text.Bootloader_Params_init)
                  70014778    0000000c                                                        : bootloader_profile.obj (.text.Bootloader_profileUpdateAppimageSize)
                  70014784    0000000c                                                        : bootloader_profile.obj (.text.Bootloader_profileUpdateMediaAndClk)
                  70014790    0000000c                                                        : bootloader_soc.obj (.text.Bootloader_socGetBootSeqOid)
                  7001479c    0000000c     nortos.am263x.r5f.ti-arm-clang.release.lib : ClockP_nortos.obj (.text.ClockP_getTicks)
                  700147a8    0000000c                                                : DebugP_uartLogWriter.obj (.text.DebugP_uartSetDrvIndex)
                  700147b4    0000000c     security.am263x.r5f.ti-arm-clang.nortos.release.lib : hsmclient.obj (.text.HsmClient_SecureBootQueueInit)
                  700147c0    0000000c     drivers.am263x.r5f.ti-arm-clang.nortos.release.lib : mmcsd_v1.obj (.text.MMCSD_transferCallback)
                  700147cc    0000000c     security.am263x.r5f.ti-arm-clang.nortos.release.lib : sipc_notify_src.obj (.text.SIPC_getSelfCoreId)
                  700147d8    0000000c     drivers.am263x.r5f.ti-arm-clang.nortos.release.lib : soc.obj (.text.SOC_getSelfCpuClk)
                  700147e4    0000000c                                                        : soc_rcm.obj (.text.SOC_rcmSetR5ClockSource)
                  700147f0    0000000c     libc.a : aeabi_portable.c.obj (.text.__aeabi_errno_addr)
                  700147fc    0000000c     libclang_rt.builtins.a : aeabi_memset.S.obj (.text.__aeabi_memclr)
                  70014808    0000000c     libc.a : memory.c.obj (.text.malloc)
                  70014814    0000000c     nortos.am263x.r5f.ti-arm-clang.release.lib : CpuId_armv7r_asm.obj (.text)
                  70014820    0000000c     libc.a : strcmp32.S.obj (.text)
                  7001482c    0000000a     drivers.am263x.r5f.ti-arm-clang.nortos.release.lib : bootloader.obj (.text.Bootloader_getMulticoreImageSize)
                  70014836    0000000a     nortos.am263x.r5f.ti-arm-clang.release.lib : ClockP_nortos.obj (.text.ClockP_Params_init)
                  70014840    0000000a                                                : ClockP_nortos.obj (.text.ClockP_isActive)
                  7001484a    0000000a     drivers.am263x.r5f.ti-arm-clang.nortos.release.lib : mmcsd_v1.obj (.text.MMCSD_getBlockCount)
                  70014854    0000000a                                                        : qspi.obj (.text.QSPI_interruptCallback)
                  7001485e    0000000a                                                        : soc_rcm.obj (.text.SOC_rcmSetR5Clock)
                  70014868    0000000a     nortos.am263x.r5f.ti-arm-clang.release.lib : TimerP_rti_priv.obj (.text.TimerP_getReloadCountPriv)
                  70014872    0000000a                                                : TimerP_rti_priv.obj (.text.TimerP_startPriv)
                  7001487c    0000000a     drivers.am263x.r5f.ti-arm-clang.nortos.release.lib : uart_v0_lld.obj (.text.UART_lld_Transaction_deInit)
                  70014886    00000002     --HOLE-- [fill = 0]
                  70014888    00000008                                                        : bootloader_soc.obj (.text.Bootloader_socGetSBLMem)
                  70014890    00000008     board.am263x.r5f.ti-arm-clang.nortos.release.lib : flash_nor_qspi.obj (.text.Flash_norQspiClose)
                  70014898    00000008     libsysbm.a : hostexit.c.obj (.text.HOSTexit)
                  700148a0    00000008     drivers.am263x.r5f.ti-arm-clang.nortos.release.lib : qspi_lld.obj (.text.QSPI_lld_readCompleteCallback)
                  700148a8    00000008     nortos.am263x.r5f.ti-arm-clang.release.lib : TimerP_rti_priv.obj (.text.TimerP_clearOverflowIntPriv)
                  700148b0    00000008                                                : printf.obj (.text._out_char)
                  700148b8    00000008     libc.a : exit.c.obj (.text:abort)
                  700148c0    00000006     security.am263x.r5f.ti-arm-clang.nortos.release.lib : hsmclient.obj (.text.HsmClient_unregister)
                  700148c6    00000006     drivers.am263x.r5f.ti-arm-clang.nortos.release.lib : soc.obj (.text.SOC_moduleClockEnable)
                  700148cc    00000006                                                        : soc_rcm.obj (.text.SOC_rcmGetCR5SysclkInFrequency)
                  700148d2    00000004                                                        : bootloader_soc.obj (.text.Bootloader_socCpuRequest)
                  700148d6    00000004     nortos.am263x.r5f.ti-arm-clang.release.lib : ClockP_nortos_r5.obj (.text.ClockP_getTimerCount)
                  700148da    00000004                                                : ClockP_nortos_r5.obj (.text.ClockP_timerClearOverflowInt)
                  700148de    00000004     freeRTOS_fat-nortos.am263x.r5f.ti-arm-clang.release.lib : portable.obj (.text.FF_BufferWait)
                  700148e2    00000004                                                             : portable.obj (.text.FF_CreateEvents)
                  700148e6    00000004                                                             : portable.obj (.text.FF_Has_Lock)
                  700148ea    00000004                                                             : ff_memory.obj (.text.FF_getChar)
                  700148ee    00000004                                                             : ff_memory.obj (.text.FF_getLong)
                  700148f2    00000004                                                             : ff_memory.obj (.text.FF_getShort)
                  700148f6    00000004                                                             : ff_memory.obj (.text.FF_putChar)
                  700148fa    00000004                                                             : ff_memory.obj (.text.FF_putLong)
                  700148fe    00000004                                                             : ff_memory.obj (.text.FF_putShort)
                  70014902    00000004     main.obj (.text.Keyring_init)
                  70014906    00000004     drivers.am263x.r5f.ti-arm-clang.nortos.release.lib : mmcsd_v1_lld.obj (.text.MMCSD_lld_deInit)
                  7001490a    00000004                                                        : bootloader_mem.obj (.text.Mem_imgGetCurOffset)
                  7001490e    00000004                                                        : bootloader_mem.obj (.text.Mem_imgSeek)
                  70014912    00000004     ti_power_clock_config.obj (.text.PowerClock_deinit)
                  70014916    00000004     nortos.am263x.r5f.ti-arm-clang.release.lib : TimerP_rti_nortos.obj (.text.TimerP_Params_init)
                  7001491a    00000004                                                : TimerP_rti_nortos.obj (.text.TimerP_clearOverflowInt)
                  7001491e    00000004                                                : TimerP_rti_nortos.obj (.text.TimerP_getCount)
                  70014922    00000004                                                : TimerP_rti_nortos.obj (.text.TimerP_getReloadCount)
                  70014926    00000004                                                : TimerP_rti_nortos.obj (.text.TimerP_setup)
                  7001492a    00000004                                                : TimerP_rti_nortos.obj (.text.TimerP_start)
                  7001492e    00000002     --HOLE-- [fill = 0]
                  70014930    00000004     libclang_rt.builtins.a : aeabi_div0.c.obj (.text.__aeabi_idiv0)
                  70014934    00000004                            : aeabi_div0.c.obj (.text.__aeabi_ldiv0)
                  70014938    00000004                            : aeabi_memcpy.S.obj (.text.__aeabi_memcpy)
                  7001493c    00000004     libc.a : _lock.c.obj (.text._nop)
                  70014940    00000004            : fseek.c.obj (.text.fseek)
                  70014944    00000004     libsysbm.a : remove.c.obj (.text.remove)
                  70014948    00000004     freeRTOS_fat-nortos.am263x.r5f.ti-arm-clang.release.lib : portable.obj (.text.xTaskResumeAll)
                  7001494c    00000008     libclang_rt.builtins.a : aeabi_memcpy.S.obj (.tramp.__aeabi_memcpy.1)
                  70014954    00000008     nortos.am263x.r5f.ti-arm-clang.release.lib : HwiP_armv7r_asm.obj (.tramp.HwiP_enable.1)
                  7001495c    00000008                                                : HwiP_armv7r_asm.obj (.tramp.HwiP_restore.1)
                  70014964    00000008                                                : PmuP_armv7r_asm.obj (.tramp.PmuP_setUserEnable.1)
                  7001496c    00000008                                                : PmuP_armv7r_asm.obj (.tramp.PmuP_enableCounters.1)
                  70014974    0000000c     --HOLE-- [fill = 0]

.text.hwi 
*          0    70014980    00000978     
                  70014980    0000048a     nortos.am263x.r5f.ti-arm-clang.release.lib : HwiP_armv7r_vim.obj (.text.hwi)
                  70014e0a    000002f4                                                : HwiP_armv7r_handlers_nortos.obj (.text.hwi)
                  700150fe    00000002     --HOLE-- [fill = 0]
                  70015100    0000017c                                                : HwiP_armv7r_handlers_nortos_asm.obj (.text.hwi)
                  7001527c    00000070                                                : HwiP_armv7r_asm.obj (.text.hwi)
                  700152ec    00000008                                                : HwiP_armv7r_asm.obj (.tramp.HwiP_enableFIQ.1)
                  700152f4    00000004     --HOLE-- [fill = 0]

.text.cache 
*          0    700152f8    00000430     
                  700152f8    00000340     nortos.am263x.r5f.ti-arm-clang.release.lib : CacheP_armv7r_asm.obj (.text.cache)
                  70015638    000000d8                                                : CacheP_armv7r.obj (.text.cache)
                  70015710    00000008                                                : CacheP_armv7r_asm.obj (.tramp.CacheP_invL1d.1)
                  70015718    00000008                                                : CacheP_armv7r_asm.obj (.tramp.CacheP_enableL1p.1)
                  70015720    00000008                                                : HwiP_armv7r_asm.obj (.tramp.HwiP_restore.2)

.text.mpu 
*          0    70015728    00000290     
                  70015728    00000202     nortos.am263x.r5f.ti-arm-clang.release.lib : MpuP_armv7r.obj (.text.mpu)
                  7001592a    00000002     --HOLE-- [fill = 0]
                  7001592c    00000078                                                : MpuP_armv7r_asm.obj (.text.mpu)
                  700159a4    00000008                                                : HwiP_armv7r_asm.obj (.tramp.HwiP_restore.3)
                  700159ac    00000008                                                : MpuP_armv7r_asm.obj (.tramp.MpuP_isEnableAsm.1)
                  700159b4    00000004     --HOLE-- [fill = 0]

.text.boot 
*          0    700159b8    00000190     
                  700159b8    00000144     nortos.am263x.r5f.ti-arm-clang.release.lib : boot_armv7r_asm.obj (.text.boot)
                  70015afc    0000001e                                                : DebugP_log.obj (.text.boot)
                  70015b1a    0000001c                                                : boot_armv7r.obj (.text.boot)
                  70015b36    0000000e     ti_dpl_config.obj (.text.boot)
                  70015b44    00000004     --HOLE-- [fill = 0]

.data      0    70015b48    00000840     
                  70015b48    000000f0     libc.a : defs.c.obj (.data._ftable)
                  70015c38    00000090     ti_pinmux_config.obj (.data.gPinMuxMainDomainCfg)
                  70015cc8    00000088     ti_drivers_config.obj (.data.gEdmaAttrs)
                  70015d50    00000084     ti_board_open_close.obj (.data.gFlashDevCfg_S25FL128SA)
                  70015dd4    00000078     libsysbm.a : host_device.c.obj (.data._device)
                  70015e4c    00000070     drivers.am263x.r5f.ti-arm-clang.nortos.release.lib : bootloader_soc.obj (.data.gAddrTranslateInfo)
                  70015ebc    00000064     security.am263x.r5f.ti-arm-clang.nortos.release.lib : sipc_notify_cfg.obj (.data.gSIPC_InterruptConfig)
                  70015f20    00000058     ti_drivers_open_close.obj (.data.gUartParams)
                  70015f78    00000050     libsysbm.a : host_device.c.obj (.data._stream)
                  70015fc8    00000050     security.am263x.r5f.ti-arm-clang.nortos.release.lib : sipc_notify_cfg.obj (.data.gSIPC_HsmMboxConfig)
[...]
70013815  SOC_rcmCoreApllRelockPreRequisite        
700138d5  EDMA_enableChInShadowRegRegion           
70013903  QSPI_lld_deInitDma                       
70013931  Bootloader_profileReset                  
7001395d  EDMA_getHandle                           
70013989  FF_GetCRC32                              
700139b5  FF_tolower                               
700139e1  SOC_rcmGetR5Clock                        
70013a0d  System_deinit                            
70013a39  UART_getHandle                           
70013abb  ff_fread                                 
70013ae5  ClockP_construct                         
70013b5d  MMCSD_getHandle                          
70013bad  QSPI_getHandle                           
70013bd5  QSPI_lld_setPreScaler                    
70013bfd  SOC_moduleSetClockFrequency              
70013c4d  ff_filelength                            
70013c75  Bootloader_initCpu                       
70013c9b  EDMA_setPaRAM                            
70013cc1  FF_GetFileSize                           
70013ce7  MMCSD_parseSCRSd                         
70013d0d  QSPI_lld_deInit                          
70013d33  SIPC_unregisterClient                    
70013d59  System_init                              
70013d7f  UART_lld_dmaDisableChannel               
70013da5  ff_fclose                                
70013dcd  Bootloader_profileAddProfilePoint        
70013df1  EDMA_clrIntrRegion                       
70013e15  EDMA_disableEvtIntrRegion                
70013e39  EDMA_readIntrStatusRegion                
70013e5d  HsmClient_init                           
70013f10  __aeabi_uldivmod                         
70013f35  vprintf_                                 
70013f59  EDMA_linkChannel                         
70013f7b  FF_MMCSDDiskDelete                       
70013f9d  Bootloader_runSelfCpu                    
70013fbd  DebugP_logZoneEnable                     
70013fdd  EDMA_chainChannel                        
7001405d  TimerP_Params_initPriv                   
7001407d  UART_getChar                             
7001409c  wcslen                                   
700140bd  FF_getMajorBlockNumber                   
700140db  UART_spaceAvail                          
70014119  Bootloader_socGetCoreName                
70014151  MMCSD_lld_deInitDma                      
70014189  SOC_rcmIsR5FInLockStepMode               
700141f8  TI_memcpy_small                          
70014215  CSL_armR5GetCpuID                        
7001422f  Drivers_open                             
70014249  EDMA_readEventStatusRegion               
70014263  FF_Cluster2LBA                           
700142b1  SIPC_Params_init                         
700142e5  Bootloader_profileAddCore                
700142fd  Bootloader_socCpuGetClkDefault           
70014315  MMCSD_deinit                             
70014345  MMCSD_lld_completeCurrTransfer           
7001435d  QSPI_deinit                              
70014375  QSPI_readCmdParams_init                  
7001438d  QSPI_writeCmdParams_init                 
700143a5  SOC_getCoreName                          
700143bd  SOC_rcmMemInitMailboxMemory              
700143d5  SOC_rcmR5SS0PowerOnReset                 
700143ed  SOC_rcmR5SS1PowerOnReset                 
70014405  TimerP_getCountPriv                      
7001441d  UART_deinit                              
70014434  TI_memset_small                          
7001444d  Bootloader_socCpuSetClock                
70014463  MMCSD_lld_getBlockSize                   
70014479  SemaphoreP_constructBinary               
7001448f  UART_IsTxRxFifoEmpty                     
700144a5  UART_checkCharsAvailInFifo               
700144bb  UART_getIntrIdentityStatus               
700144d1  Bootloader_socCpuResetRelease            
700144e5  Bootloader_socIsAuthRequired             
700144f9  ClockP_usecToTicks                       
7001450d  EDMA_getRegionId                         
70014521  FF_Utf8ctoUtf16c                         
70014535  QSPI_setAddressByteCount                 
70014549  QSPI_setDummyBitCount                    
7001455d  QSPI_setReadCmd                          
70014571  QSPI_setWriteCmd                         
70014585  QSPI_transaction_init                    
70014599  SOC_rcmR5SS0TriggerReset                 
700145ad  SemaphoreP_constructMutex                
700145c1  UART_Transaction_init                    
700145e9  FF_getClusterChainNumber                 
700145fb  Hsmclient_updateBootNotificationRegister 
7001460d  QSPI_readCmd                             
7001461f  QSPI_writeCmd                            
70014643  UART_operatingModeSelect                 
70014655  UART_readLineStatus                      
70014667  putchar_                                 
70014679  Bootloader_close                         
70014689  Bootloader_isCorePresent                 
70014699  FF_GetUtf16SequenceLen                   
700146b9  QSPI_setRxLines                          
700146c9  SOC_rcmR5SS1TriggerReset                 
700146d9  UART_intr2Disable                        
700146e8  __aeabi_memset                           
700146e8  __aeabi_memset4                          
700146e8  __aeabi_memset8                          
700146f8  putchar                                  
70014709  Bootloader_socCpuResetReleaseSelf        
70014717  Bootloader_socInitL2MailBoxMemory        
70014725  EDMA_ccPaRAMEntry_init                   
70014733  Flash_close                              
7001474f  Pinmux_init                              
7001475d  PowerClock_init                          
7001476d  Bootloader_Params_init                   
70014779  Bootloader_profileUpdateAppimageSize     
70014785  Bootloader_profileUpdateMediaAndClk      
70014791  Bootloader_socGetBootSeqOid              
7001479d  ClockP_getTicks                          
700147a9  DebugP_uartSetDrvIndex                   
700147b5  HsmClient_SecureBootQueueInit            
700147cd  SIPC_getSelfCoreId                       
700147d9  SOC_getSelfCpuClk                        
700147e5  SOC_rcmSetR5ClockSource                  
700147f0  __aeabi_errno_addr                       
700147fc  __aeabi_memclr                           
700147fc  __aeabi_memclr4                          
700147fc  __aeabi_memclr8                          
70014808  malloc                                   
70014814  CSL_armR5ReadMpidrReg                    
7001482d  Bootloader_getMulticoreImageSize         
70014837  ClockP_Params_init                       
70014841  ClockP_isActive                          
7001484b  MMCSD_getBlockCount                      
7001485f  SOC_rcmSetR5Clock                        
70014869  TimerP_getReloadCountPriv                
70014873  TimerP_startPriv                         
7001487d  UART_lld_Transaction_deInit              
70014889  Bootloader_socGetSBLMem                  
70014898  C$$EXIT                                  
70014898  HOSTexit                                 
700148a1  QSPI_lld_readCompleteCallback            
700148a9  TimerP_clearOverflowIntPriv              
700148b8  abort                                    
700148c1  HsmClient_unregister                     
700148c7  SOC_moduleClockEnable                    
700148d3  Bootloader_socCpuRequest                 
700148d7  ClockP_getTimerCount                     
700148db  ClockP_timerClearOverflowInt             
700148df  FF_BufferWait                            
700148e3  FF_CreateEvents                          
700148e7  FF_Has_Lock                              
700148eb  FF_getChar                               
700148ef  FF_getLong                               
700148f3  FF_getShort                              
700148f7  FF_putChar                               
700148fb  FF_putLong                               
700148ff  FF_putShort                              
70014903  Keyring_init                             
70014907  MMCSD_lld_deInit                         
70014913  PowerClock_deinit                        
70014917  TimerP_Params_init                       
7001491b  TimerP_clearOverflowInt                  
7001491f  TimerP_getCount                          
70014923  TimerP_getReloadCount                    
70014927  TimerP_setup                             
7001492b  TimerP_start                             
70014930  __aeabi_idiv0                            
70014934  __aeabi_ldiv0                            
70014938  __aeabi_memcpy                           
70014938  __aeabi_memcpy4                          
70014938  __aeabi_memcpy8                          
7001493c  _nop                                     
70014940  fseek                                    
70014944  remove                                   
70014949  xTaskResumeAll                           
70014981  HwiP_enableInt                           
700149a9  HwiP_disableInt                          
700149db  HwiP_restoreInt                          
70014a31  HwiP_clearInt                            
70014a51  HwiP_post                                
70014a79  HwiP_Params_init                         
70014a8b  HwiP_construct                           
70014bcf  HwiP_destruct                            
70014ca1  HwiP_init                                
70014d69  HwiP_inISR                               
70014d85  HwiP_setVimIrqPriMaskNonAtomic           
70014da7  HwiP_setVimIrqPriMaskAtomic              
70014df3  HwiP_restoreVimIrqPriMask                
70014e0b  HwiP_irq_handler_c                       
70014ea7  HwiP_fiq_handler                         
70014f57  HwiP_reserved_handler                    
70014f85  HwiP_undefined_handler_c                 
70014fa3  HwiP_user_undefined_handler_c            
70014fb7  HwiP_svc_handler                         
70014fe5  HwiP_prefetch_abort_handler_c            
7001505f  HwiP_user_prefetch_abort_handler_c       
7001506f  HwiP_data_abort_handler_c                
700150ef  HwiP_user_data_abort_handler_c           
70015100  HwiP_irq_handler                         
70015174  HwiP_data_abort_handler                  
700151b8  HwiP_prefetch_abort_handler              
70015204  HwiP_undefined_handler                   
70015234  GET_DFSR                                 
7001523c  GET_ADFSR                                
70015244  GET_DFAR                                 
7001524c  GET_IFSR                                 
70015254  GET_AIFSR                                
7001525c  GET_IFAR                                 
70015264  GET_SPSR                                 
7001527c  HwiP_disable                             
7001528c  HwiP_disableFIQ                          
7001529c  HwiP_enable                              
700152ac  HwiP_enableFIQ                           
700152bc  HwiP_restore                             
700152c4  HwiP_enableVIC                           
700152d4  HwiP_disableVIC                          
700152e4  HwiP_getCPSR                             
700152f8  CacheP_disableL1d                        
70015320  CacheP_disableL1p                        
70015338  CacheP_enableL1d                         
70015350  CacheP_enableL1p                         
70015368  CacheP_invL1d                            
700153a0  CacheP_invL1p                            
700153dc  CacheP_invL1dAll                         
700153e4  CacheP_invL1pAll                         
700153ec  CacheP_wb                                
70015428  CacheP_wbInv                             
70015464  CacheP_wbAll                             
7001550c  CacheP_wbInvAll                          
70015524  CacheP_wbInvAllAsm                       
700155c4  CacheP_getEnabled                        
700155fc  CacheP_getCacheLevelInfo                 
70015608  CacheP_configForceWrThru                 
70015628  CacheP_setDLFO                           
70015639  CacheP_init                              
70015691  CacheP_disable                           
700156cb  CacheP_enable                            
700156eb  CacheP_inv                               
70015729  MpuP_getAttrs                            
70015769  MpuP_RegionAttrs_init                    
70015777  MpuP_setRegion                           
700157f1  MpuP_isEnable                            
700157f5  MpuP_disable                             
70015827  MpuP_enable                              
70015863  MpuP_init                                
700158c5  MpuP_isUserAuthorizedToAccessMemory      
7001592c  MpuP_disableAsm                          
70015944  MpuP_disableBRAsm                        
70015954  MpuP_enableAsm                           
7001596c  MpuP_enableBRAsm                         
7001597c  MpuP_isEnableAsm                         
70015990  MpuP_setRegionAsm                        
700159b8  _c_int00_sbl                             
700159dc  _c_int00                                 
70015afd  _DebugP_assertNoLog                      
70015b1b  _system_pre_init                         
70015b37  __mpu_init                               
70015b48  _ftable                                  
70015b48  gUartDmaHandle                           
70015d50  gFlashDevCfg_S25FL128SA                  
70015dd4  _device                                  
70015e4c  gAddrTranslateInfo                       
70015ebc  gSIPC_InterruptConfig                    
70015f20  gUartParams                              
70015f78  _stream                                  
70015fc8  gSIPC_HsmMboxConfig                      
70016018  gSIPC_SecureHostMboxConfig               
70016068  gFlashAttrs_S25FL128SA                   
700160d4  gCoreBootInfo                            
70016104  gSocModulesClockFrequency                
70016134  gBootloaderConfig                        
70016188  gFlashNorQspiFxns                        
700161ac  gBootloaderMemFxns                       
700161c4  gClockConfig                             
700161dc  gFlashConfig                             
700161f4  gR5ss0MemInitDone                        
700161f8  gR5ss1MemInitDone                        
700161fc  gR5ss1PORDone                            
70016200  gR5ss0Core1ImagePresent                  
70016204  gR5ss1Core1ImagePresent                  
7001621c  gMmcsdParams                             
70016244  gResMemSection                           
7001626c  gFlashToSpiProtocolMap                   
7001627c  gSocModules                              
7001628c  vec_size                                 
70016290  vector_table_loc                         
70016294  __TI_cleanup_ptr                         
70016298  __TI_dtors_ptr                           
7001629c  gBootloader0Args                         
700162a4  gEdmaConfig                              
700162ac  gEdmaParams                              
700162b4  gFFMmcsdConfig                           
700162bc  gFFPartitionIds                          
700162c4  gFlashParams                             
700162cc  gMmcsdConfig                             
700162d4  gQspiConfig                              
700162dc  gSIPC_QueHsmToSecureHost                 
700162e4  gSIPC_QueSecureHostToHsm                 
700162f4  gUartConfig                              
700162fc  operatingMode                            
70016304  __TI_ft_end                              
70016310  __aeabi_errno                            
70016314  _lock                                    
70016318  _unlock                                  
70016320  gBootloaderConfigNum                     
70016324  gDebugLogZone                            
70016328  gDebugP_uartDrvIndex                     
7001632c  gEdmaConfigNum                           
70016330  gFlashConfigNum                          
70016334  gHsmRtDownloadComplete                   
70016338  gHsmrtLoadStatus                         
7001633c  gHwiConfig                               
70016348  gMmcsdConfigNum                          
7001634c  gMmcsdDmaChConfig                        
70016358  gQspiConfigNum                           
7001635c  gQspiParams                              
70016364  gStreamId                                
70016368  gUartConfigNum                           
7001636c  gUartDmaChConfig                         
70016374  ptrMSSCtrlRegs                           
70016378  ptrTopCtrlRegs                           
7001637c  isMapAvailable                           
70016390  crc32_table                              
70016930  __aeabi_ctype_table_                     
70016930  __aeabi_ctype_table_C                    
70016d20  gCacheConfig                             
70016d28  gMpuConfig                               
70016d34  gMpuRegionConfig                         
70016e38  gADPLLJConfigTbl                         
70017558  MMCSD_lld_defaultTransaction             
70017b2c  gPeripheralClkSrcInfoMap                 
7001807c  gCacheL1dCacheLineSize                   
70018160  gPLLFreqId2FOutMap                       
700181dc  gCacheL1pCacheLineSize                   
70018280  __BSS_START                              
70018280  gPHTBuffer                               
70026300  gX509Cert                                
70027300  gHwiCtrl                                 
70027b0c  gHsmClientMsgQueue                       
70027e4c  gSdData0                                 
70027e80  vec_addrs                                
70028180  gNoteSegBuffer                           
70028400  gSecureBootStreamArray                   
70028640  gqspiEdmaParam                           
70028674  parmbuf                                  
70028680  gMmcsdDataBuf0                           
70028a30  _CIOBUF_                                 
70028a30  __CIOBUF_                                
70028b50  gProfileObj                              
70028ec0  __TI_tmpnams                             
70028f60  gClockCtrl                               
70028f80  gElfHBuffer                              
70029064  gSIPC_ctrl                               
700290a8  gHSMClient                               
700290d4  gFFDisks                                 
700290ec  gFlashObject_S25FL128SA                  
700290fc  virtToPhymap                             
70029110  gEdmaHandle                              
70029114  gFlashHandle                             
70029118  gMmcsdHandle                             
7002911c  gQspiHandle                              
70029120  gUartHandle                              
70029124  ucAssumeFATType                          
70029180  __BSS_END                                
70029180  __stack                                  
7002b180  __STACK_END                              
7002b180  _sys_memory                              
7002d180  __IRQ_STACK_START                        
7002e180  __FIQ_STACK_START                        
7002e180  __IRQ_STACK_END                          
7002e280  __FIQ_STACK_END                          
7002e280  __SVC_STACK_START                        
7002f280  __ABORT_STACK_START                      
7002f280  __SVC_STACK_END                          
7002f380  __ABORT_STACK_END                        
7002f380  __UNDEFINED_STACK_START                  
7002f480  __UNDEFINED_STACK_END                    
70045000  gHsmRtFw                                 
70180000  gAppImageBuf                             
ffffffff  __TI_pprof_out_hndl                      
ffffffff  __TI_prof_data_size                      
ffffffff  __TI_prof_data_start                     
ffffffff  __binit__                                
ffffffff  binit                                    
UNDEFED   __TI_CINIT_Base                          
UNDEFED   __TI_CINIT_Limit                         
UNDEFED   __TI_Handler_Table_Base                  
UNDEFED   __TI_Handler_Table_Limit                 
UNDEFED   _system_post_cinit                       

[695 symbols]
