******************************************************************************
            TI ARM Clang Linker Unix v4.0.3                    
******************************************************************************
>> Linked Mon Sep 15 15:34:22 2025

OUTPUT FILE NAME:   <sbl_can_multicore_elf.debug.out>
ENTRY POINT SYMBOL: "_vectors"  address: 00000000


MEMORY CONFIGURATION

         name            origin    length      used     unused   attr    fill
----------------------  --------  ---------  --------  --------  ----  --------
  R5F_VECS              00000000   00000100  00000040  000000c0  RWIX
  R5F_TCMA              00000100   00007f00  00000000  00007f00  RWIX
  R5F_TCMB0             00080000   00008000  00000000  00008000  RWIX
  MSRAM_VECS            70002000   00000100  00000040  000000c0  RWIX
  MSRAM_0               70002100   00043f00  0002bad8  00018428  RWIX
  MSRAM_HSMRT           70047000   0002e400  0000a3f4  0002400c  RWIX
  MSRAM_1               70090000   00170000  00080000  000f0000  RWIX


SEGMENT ALLOCATION MAP

run origin  load origin   length   init length attrs members
----------  ----------- ---------- ----------- ----- -------
00000000    70002000    00000040   00000040    r-x
  00000000    70002000    00000040   00000040    r-x .sbl_init_code
70002100    70002100    000130b0   000130b0    r-x
  70002100    70002100    00011840   00011840    r-x .text
  70013940    70013940    00000e50   00000e50    r-x .text.hwi
  70014790    70014790    000004a0   000004a0    r-x .text.cache
  70014c30    70014c30    000003c0   000003c0    r-x .text.mpu
  70014ff0    70014ff0    000001c0   000001c0    r-x .text.boot
700151b0    700151b0    00000538   00000538    rw-
  700151b0    700151b0    00000538   00000538    rw- .data
700156e8    700156e8    000012f0   000012f0    r--
  700156e8    700156e8    000012f0   000012f0    r-- .rodata
70016a00    70016a00    00017200   00000000    rw-
  70016a00    70016a00    00010f00   00000000    rw- .bss
  70027900    70027900    00004000   00000000    rw- .stack
  7002b900    7002b900    00001000   00000000    rw- .irqstack
  7002c900    7002c900    00000100   00000000    rw- .fiqstack
  7002ca00    7002ca00    00001000   00000000    rw- .svcstack
  7002da00    7002da00    00000100   00000000    rw- .abortstack
  7002db00    7002db00    00000100   00000000    rw- .undefinedstack
70047000    70047000    0000a3f4   0000a3f4    r--
  70047000    70047000    0000a3f4   0000a3f4    r-- .rodata.hsmrt


SECTION ALLOCATION MAP

 output                                  attributes/
section   page    origin      length       input sections
--------  ----  ----------  ----------   ----------------
.sbl_init_code 
*          0    70002000    00000040     RUN ADDR = 00000000
                  70002000    00000040     nortos.am263x.r5f.ti-arm-clang.debug.lib : HwiP_armv7r_vectors_nortos_asm.obj (.vectors)

.text      0    70002100    00011840     
                  70002100    00000a34     nortos.am263x.r5f.ti-arm-clang.debug.lib : printf.obj (.text._vsnprintf)
                  70002b34    0000000c     libclang_rt.builtins.a : aeabi_memset.S.obj (.text.__aeabi_memclr)
                  70002b40    000009ea     drivers.am263x.r5f.ti-arm-clang.nortos.debug.lib : bootloader.obj (.text.Bootloader_parseAndLoadMultiCoreELF)
                  7000352a    00000002     --HOLE-- [fill = 0]
                  7000352c    00000004     libclang_rt.builtins.a : aeabi_div0.c.obj (.text.__aeabi_ldiv0)
                  70003530    00000718     drivers.am263x.r5f.ti-arm-clang.nortos.debug.lib : bootloader_can.obj (.text.Bootloader_CANReceiveFile)
                  70003c48    00000008     libsysbm.a : hostexit.c.obj (.text.HOSTexit)
                  70003c50    000005e2     nortos.am263x.r5f.ti-arm-clang.debug.lib : printf.obj (.text._ftoa)
                  70004232    00000002     --HOLE-- [fill = 0]
                  70004234    0000000c                                              : CpuId_armv7r_asm.obj (.text)
                  70004240    0000056e     drivers.am263x.r5f.ti-arm-clang.nortos.debug.lib : soc_rcm.obj (.text.SOC_rcmGetClkSrcAndDivReg)
                  700047ae    00000002     --HOLE-- [fill = 0]
                  700047b0    00000546                                                      : soc_rcm.obj (.text.SOC_rcmEnablePeripheralClock)
                  70004cf6    00000002     --HOLE-- [fill = 0]
                  70004cf8    00000008     libc.a : exit.c.obj (.text:abort)
                  70004d00    000004b0     nortos.am263x.r5f.ti-arm-clang.debug.lib : printf.obj (.text._etoa)
                  700051b0    00000400     drivers.am263x.r5f.ti-arm-clang.nortos.debug.lib : uart_v0.obj (.text.UART_open)
                  700055b0    000003c2                                                      : soc.obj (.text.SOC_phyToVirt)
                  70005972    00000002     --HOLE-- [fill = 0]
                  70005974    00000004     libclang_rt.builtins.a : aeabi_memcpy.S.obj (.text.__aeabi_memcpy)
                  70005978    00000008     --HOLE-- [fill = 0]
                  70005980    00000390     libc.a : strcmp32.S.obj (.text:strcmp)
                  70005d10    000002f2     drivers.am263x.r5f.ti-arm-clang.nortos.debug.lib : soc.obj (.text.SOC_virtToPhy)
                  70006002    0000000e     --HOLE-- [fill = 0]
                  70006010    000002e8                                                      : xmodem.obj (.text.xmodemTransmit)
                  700062f8    00000008     --HOLE-- [fill = 0]
                  70006300    000002dc     main.obj (.text.main)
                  700065dc    00000004     --HOLE-- [fill = 0]
                  700065e0    000002a8     drivers.am263x.r5f.ti-arm-clang.nortos.debug.lib : mcan.obj (.text.MCAN_msgRAMConfig)
                  70006888    00000008     --HOLE-- [fill = 0]
                  70006890    0000027e                                                      : uart_dma_edma.obj (.text.UART_edmaChInit)
                  70006b0e    00000002     --HOLE-- [fill = 0]
                  70006b10    00000264                                                      : soc_rcm.obj (.text.SOC_rcmPerApllConfig)
                  70006d74    0000000c     --HOLE-- [fill = 0]
                  70006d80    00000250                                                      : edma.obj (.text.Alloc_resource)
                  70006fd0    0000024a                                                      : soc_rcm.obj (.text.SOC_rcmCoreApllHSDivConfig)
                  7000721a    00000006     --HOLE-- [fill = 0]
                  70007220    00000242                                                      : uart_v0_lld.obj (.text.UART_fifoConfig)
                  70007462    0000000e     --HOLE-- [fill = 0]
                  70007470    0000023e     nortos.am263x.r5f.ti-arm-clang.debug.lib : printf.obj (.text._ntoa_format)
                  700076ae    00000002     --HOLE-- [fill = 0]
                  700076b0    00000226     drivers.am263x.r5f.ti-arm-clang.nortos.debug.lib : uart_dma_edma.obj (.text.UART_lld_dmaDeInit)
                  700078d6    0000000a     --HOLE-- [fill = 0]
                  700078e0    00000220                                                      : bootloader_profile.obj (.text.Bootloader_profilePrintProfileLog)
                  70007b00    00000206     security.am263x.r5f.ti-arm-clang.nortos.debug.lib : sipc_notify_src.obj (.text.SIPC_init)
                  70007d06    0000000a     --HOLE-- [fill = 0]
                  70007d10    000001d6     nortos.am263x.r5f.ti-arm-clang.debug.lib : TimerP_rti_priv.obj (.text.TimerP_setupPriv)
                  70007ee6    0000000a     --HOLE-- [fill = 0]
                  70007ef0    000001be     security.am263x.r5f.ti-arm-clang.nortos.debug.lib : sipc_notify_src.obj (.text.SIPC_setMboxConfig)
                  700080ae    00000002     --HOLE-- [fill = 0]
                  700080b0    000001be     drivers.am263x.r5f.ti-arm-clang.nortos.debug.lib : uart_v0.obj (.text.UART_read)
                  7000826e    00000002     --HOLE-- [fill = 0]
                  70008270    000001aa                                                      : uart_dma_edma.obj (.text.UART_lld_dmaWrite)
                  7000841a    00000006     --HOLE-- [fill = 0]
                  70008420    000001a8                                                      : uart_v0.obj (.text.UART_close)
                  700085c8    00000008     --HOLE-- [fill = 0]
                  700085d0    0000019e                                                      : uart_v0.obj (.text.UART_write)
                  7000876e    00000002     --HOLE-- [fill = 0]
                  70008770    00000198                                                      : uart_v0_lld.obj (.text.UART_lld_controllerIsr)
                  70008908    00000008     --HOLE-- [fill = 0]
                  70008910    00000186     security.am263x.r5f.ti-arm-clang.nortos.debug.lib : hsmclient_loadhsmrt.obj (.text.Hsmclient_loadHSMRtFirmware)
                  70008a96    0000000a     --HOLE-- [fill = 0]
                  70008aa0    00000186     drivers.am263x.r5f.ti-arm-clang.nortos.debug.lib : mcan.obj (.text.MCAN_readMsg)
                  70008c26    0000000a     --HOLE-- [fill = 0]
                  70008c30    00000184                                                      : mcan.obj (.text.MCAN_calcMsgRamParamsStartAddr)
                  70008db4    0000000c     --HOLE-- [fill = 0]
                  70008dc0    0000016a     security.am263x.r5f.ti-arm-clang.nortos.debug.lib : hsmclient.obj (.text.HsmClient_isr)
                  70008f2a    00000006     --HOLE-- [fill = 0]
                  70008f30    00000162     drivers.am263x.r5f.ti-arm-clang.nortos.debug.lib : edma.obj (.text.EDMA_unregisterIntr)
                  70009092    0000000e     --HOLE-- [fill = 0]
                  700090a0    0000015c                                                      : bootloader_can.obj (.text.Bootloader_CANInit)
                  700091fc    00000004     --HOLE-- [fill = 0]
                  70009200    0000015a     security.am263x.r5f.ti-arm-clang.nortos.debug.lib : hsmclient.obj (.text.HsmClient_EnqueueAndSendMsg)
                  7000935a    00000006     --HOLE-- [fill = 0]
                  70009360    00000158     drivers.am263x.r5f.ti-arm-clang.nortos.debug.lib : soc.obj (.text.SOC_controlModuleUnlockMMR)
                  700094b8    00000008     --HOLE-- [fill = 0]
                  700094c0    00000152                                                      : uart_v0_lld.obj (.text.UART_lld_initDma)
                  70009612    0000000e     --HOLE-- [fill = 0]
                  70009620    00000150                                                      : mcan.obj (.text.MCAN_writeMsg)
                  70009770    0000014e                                                      : soc_rcm.obj (.text.SOC_rcmGetPeripheralClockFrequency)
                  700098be    00000002     --HOLE-- [fill = 0]
                  700098c0    0000014c                                                      : mcan.obj (.text.MCAN_setBitTime)
                  70009a0c    00000004     --HOLE-- [fill = 0]
                  70009a10    00000144                                                      : bootloader_soc.obj (.text.Bootloader_socCpuPowerOnReset)
                  70009b54    0000000c     --HOLE-- [fill = 0]
                  70009b60    00000144     security.am263x.r5f.ti-arm-clang.nortos.debug.lib : hsmclient.obj (.text.HsmClient_EnqueueAndSendMsgBlocking)
                  70009ca4    0000000c     --HOLE-- [fill = 0]
                  70009cb0    0000013a     drivers.am263x.r5f.ti-arm-clang.nortos.debug.lib : edma.obj (.text.EDMA_isDmaChannelAllocated)
                  70009dea    00000006     --HOLE-- [fill = 0]
                  70009df0    0000013a     security.am263x.r5f.ti-arm-clang.nortos.debug.lib : hsmclient.obj (.text.HsmClient_procAuthBootStart)
                  70009f2a    00000006     --HOLE-- [fill = 0]
                  70009f30    00000138     drivers.am263x.r5f.ti-arm-clang.nortos.debug.lib : mcan.obj (.text.MCAN_readMsgRam)
                  7000a068    00000008     --HOLE-- [fill = 0]
                  7000a070    00000138     nortos.am263x.r5f.ti-arm-clang.debug.lib : printf.obj (.text._ntoa_long_long)
                  7000a1a8    00000008     --HOLE-- [fill = 0]
                  7000a1b0    00000136                                              : ClockP_nortos_r5.obj (.text.ClockP_init)
                  7000a2e6    0000000a     --HOLE-- [fill = 0]
                  7000a2f0    00000136     drivers.am263x.r5f.ti-arm-clang.nortos.debug.lib : uart_v0_lld.obj (.text.UART_procLineStatusErr)
                  7000a426    0000000a     --HOLE-- [fill = 0]
                  7000a430    00000134                                                      : edma.obj (.text.EDMA_registerIntr)
                  7000a564    0000000c     --HOLE-- [fill = 0]
                  7000a570    00000134                                                      : mcan.obj (.text.MCAN_init)
                  7000a6a4    0000000c     --HOLE-- [fill = 0]
                  7000a6b0    00000134                                                      : uart_v0_lld.obj (.text.UART_writePolling)
                  7000a7e4    0000000c     --HOLE-- [fill = 0]
                  7000a7f0    0000012c                                                      : uart_v0_lld.obj (.text.UART_lld_init)
                  7000a91c    00000004     --HOLE-- [fill = 0]
                  7000a920    0000012a                                                      : mcan.obj (.text.MCAN_config)
                  7000aa4a    00000006     --HOLE-- [fill = 0]
                  7000aa50    00000128                                                      : bootloader_hsmRt_load.obj (.text.Bootloader_socLoadHsmRtFw)
                  7000ab78    00000008     --HOLE-- [fill = 0]
                  7000ab80    00000126                                                      : soc.obj (.text.SOC_controlModuleLockMMR)
                  7000aca6    0000000a     --HOLE-- [fill = 0]
                  7000acb0    0000011c                                                      : uart_dma_edma.obj (.text.UART_lld_dmaRead)
                  7000adcc    00000118     libclang_rt.builtins.a : udivmoddi4.S.obj (.text)
                  7000aee4    0000000c     --HOLE-- [fill = 0]
                  7000aef0    00000116     drivers.am263x.r5f.ti-arm-clang.nortos.debug.lib : edma.obj (.text.EDMA_isTccAllocated)
                  7000b006    0000000a     --HOLE-- [fill = 0]
                  7000b010    00000116                                                      : uart_v0_lld.obj (.text.UART_divisorLatchWrite)
                  7000b126    0000000a     --HOLE-- [fill = 0]
                  7000b130    00000114     nortos.am263x.r5f.ti-arm-clang.debug.lib : printf.obj (.text._ntoa_long)
                  7000b244    0000000c     --HOLE-- [fill = 0]
                  7000b250    0000010e     drivers.am263x.r5f.ti-arm-clang.nortos.debug.lib : soc_rcm.obj (.text.SOC_rcmADPLLJGetFOut)
                  7000b35e    00000002     --HOLE-- [fill = 0]
                  7000b360    0000010c     security.am263x.r5f.ti-arm-clang.nortos.debug.lib : hsmclient.obj (.text.HsmClient_procAuthBootFinish)
                  7000b46c    00000004     --HOLE-- [fill = 0]
                  7000b470    0000010a     drivers.am263x.r5f.ti-arm-clang.nortos.debug.lib : bootloader.obj (.text.Bootloader_getMsgLen)
                  7000b57a    00000006     --HOLE-- [fill = 0]
                  7000b580    00000108                                                      : bootloader.obj (.text.Bootloader_parseNoteSegment)
                  7000b688    00000008     --HOLE-- [fill = 0]
                  7000b690    00000104                                                      : soc_rcm.obj (.text.SOC_rcmConfigurePllPer)
                  7000b794    0000000c     --HOLE-- [fill = 0]
                  7000b7a0    00000104                                                      : uart_v0_lld.obj (.text.UART_configInstance)
                  7000b8a4    0000000c     --HOLE-- [fill = 0]
                  7000b8b0    00000102     nortos.am263x.r5f.ti-arm-clang.debug.lib : SemaphoreP_nortos.obj (.text.SemaphoreP_pend)
                  7000b9b2    0000000e     --HOLE-- [fill = 0]
                  7000b9c0    000000fe     security.am263x.r5f.ti-arm-clang.nortos.debug.lib : hsmclient.obj (.text.HsmClient_procAuthBootUpdate)
                  7000babe    00000002     --HOLE-- [fill = 0]
                  7000bac0    000000fa     drivers.am263x.r5f.ti-arm-clang.nortos.debug.lib : soc_rcm.obj (.text.SOC_rcmsetR5SysClock)
                  7000bbba    00000006     --HOLE-- [fill = 0]
                  7000bbc0    000000f8                                                      : soc_rcm.obj (.text.SOC_rcmCoreApllConfig)
                  7000bcb8    00000008     --HOLE-- [fill = 0]
                  7000bcc0    000000f6     security.am263x.r5f.ti-arm-clang.nortos.debug.lib : sipc_notify_src.obj (.text.SIPC_isr)
                  7000bdb6    0000000a     --HOLE-- [fill = 0]
                  7000bdc0    000000f2     drivers.am263x.r5f.ti-arm-clang.nortos.debug.lib : soc_rcm.obj (.text.SOC_rcmConfigurePllCore)
                  7000beb2    0000000e     --HOLE-- [fill = 0]
                  7000bec0    000000e6                                                      : soc_rcm.obj (.text.SOC_rcmGetCoreFout)
                  7000bfa6    0000000a     --HOLE-- [fill = 0]
                  7000bfb0    000000e6                                                      : soc_rcm.obj (.text.SOC_rcmGetPerFout)
                  7000c096    0000000a     --HOLE-- [fill = 0]
                  7000c0a0    000000e4                                                      : bootloader_can.obj (.text.Bootloader_CANTransmitResp)
                  7000c184    0000000c     --HOLE-- [fill = 0]
                  7000c190    000000e4                                                      : edma.obj (.text.EDMA_freeChannelRegion)
                  7000c274    0000000c     --HOLE-- [fill = 0]
                  7000c280    000000e2                                                      : edma.obj (.text.EDMA_freeParam)
                  7000c362    0000000e     --HOLE-- [fill = 0]
                  7000c370    000000e0                                                      : edma.obj (.text.EDMA_freeDmaChannel)
                  7000c450    000000e0                                                      : edma.obj (.text.EDMA_freeTcc)
                  7000c530    000000de                                                      : uart_v0_lld.obj (.text.UART_intrEnable)
                  7000c60e    00000002     --HOLE-- [fill = 0]
                  7000c610    000000da                                                      : uart_v0_lld.obj (.text.UART_intrDisable)
                  7000c6ea    00000006     --HOLE-- [fill = 0]
                  7000c6f0    000000d6                                                      : soc_rcm.obj (.text.SOC_rcmSetPeripheralClock)
                  7000c7c6    0000000a     --HOLE-- [fill = 0]
                  7000c7d0    000000d2                                                      : uart_v0_lld.obj (.text.UART_lld_read)
                  7000c8a2    0000000e     --HOLE-- [fill = 0]
                  7000c8b0    000000d2                                                      : uart_v0_lld.obj (.text.UART_lld_readWithCounter)
                  7000c982    0000000e     --HOLE-- [fill = 0]
                  7000c990    000000d2                                                      : uart_v0_lld.obj (.text.UART_lld_write)
                  7000ca62    0000000e     --HOLE-- [fill = 0]
                  7000ca70    000000d0     security.am263x.r5f.ti-arm-clang.nortos.debug.lib : sipc_notify_src.obj (.text.SIPC_sendMsg)
                  7000cb40    000000d0     drivers.am263x.r5f.ti-arm-clang.nortos.debug.lib : soc_rcm.obj (.text.SOC_rcmStartMemInitTCMA)
                  7000cc10    000000d0                                                      : soc_rcm.obj (.text.SOC_rcmStartMemInitTCMB)
                  7000cce0    000000d0                                                      : soc_rcm.obj (.text.SOC_rcmWaitMemInitTCMA)
                  7000cdb0    000000d0                                                      : soc_rcm.obj (.text.SOC_rcmWaitMemInitTCMB)
                  7000ce80    000000ce                                                      : edma.obj (.text.EDMA_disableChInShadowRegRegion)
                  7000cf4e    00000002     --HOLE-- [fill = 0]
                  7000cf50    000000ce                                                      : uart_v0_lld.obj (.text.UART_lld_writeDma)
                  7000d01e    00000002     --HOLE-- [fill = 0]
                  7000d020    000000cc                                                      : edma.obj (.text.EDMA_enableChInShadowRegRegion)
                  7000d0ec    00000004     --HOLE-- [fill = 0]
                  7000d0f0    000000ca     security.am263x.r5f.ti-arm-clang.nortos.debug.lib : hsmclient.obj (.text.HsmClient_checkAndWaitForBootNotification)
                  7000d1ba    00000006     --HOLE-- [fill = 0]
                  7000d1c0    000000c8     drivers.am263x.r5f.ti-arm-clang.nortos.debug.lib : uart_v0_lld.obj (.text.UART_lld_readDma)
                  7000d288    00000008     --HOLE-- [fill = 0]
                  7000d290    000000c8                                                      : uart_v0_lld.obj (.text.UART_lld_readIntr)
                  7000d358    00000008     --HOLE-- [fill = 0]
                  7000d360    000000c6                                                      : uart_v0_lld.obj (.text.UART_lld_writeIntr)
                  7000d426    0000000a     --HOLE-- [fill = 0]
                  7000d430    000000c4                                                      : edma.obj (.text.EDMA_mapChToEvtQ)
                  7000d4f4    0000000c     --HOLE-- [fill = 0]
                  7000d500    000000c0                                                      : edma.obj (.text.EDMA_configureChannelRegion)
                  7000d5c0    000000c0                                                      : soc_rcm.obj (.text.SOC_rcmGetPerHSDivOut)
                  7000d680    000000c0                                                      : uart_v0.obj (.text.UART_flushTxFifo)
                  7000d740    000000c0     nortos.am263x.r5f.ti-arm-clang.debug.lib : printf.obj (.text._out_rev)
                  7000d800    000000be                                              : ClockP_nortos.obj (.text.ClockP_timerTickIsr)
                  7000d8be    00000002     --HOLE-- [fill = 0]
                  7000d8c0    000000be     drivers.am263x.r5f.ti-arm-clang.nortos.debug.lib : uart_v0_lld.obj (.text.UART_readPolling)
                  7000d97e    00000002     --HOLE-- [fill = 0]
                  7000d980    000000ba     nortos.am263x.r5f.ti-arm-clang.debug.lib : ClockP_nortos.obj (.text.ClockP_stop)
                  7000da3a    00000006     --HOLE-- [fill = 0]
                  7000da40    000000ba                                              : PmuP_armv7r.obj (.text.pmu)
                  7000dafa    00000006     --HOLE-- [fill = 0]
                  7000db00    000000b6     drivers.am263x.r5f.ti-arm-clang.nortos.debug.lib : uart_v0_lld.obj (.text.UART_fifoWrite)
                  7000dbb6    0000000a     --HOLE-- [fill = 0]
                  7000dbc0    000000b2                                                      : soc_rcm.obj (.text.SOC_rcmProgPllCoreDivider)
                  7000dc72    0000000e     --HOLE-- [fill = 0]
                  7000dc80    000000b2                                                      : soc_rcm.obj (.text.SOC_rcmR5ConfigDualCore)
                  7000dd32    0000000e     --HOLE-- [fill = 0]
                  7000dd40    000000b0                                                      : mcan.obj (.text.MCAN_writeMsgRam)
                  7000ddf0    000000b0                                                      : uart_v0.obj (.text.UART_init)
                  7000dea0    000000ae     security.am263x.r5f.ti-arm-clang.nortos.debug.lib : sipc_notify_src.obj (.text.SIPC_mailboxWrite)
                  7000df4e    00000002     --HOLE-- [fill = 0]
                  7000df50    000000ac     ti_drivers_config.obj (.text.HsmClient_config)
                  7000dffc    00000004     --HOLE-- [fill = 0]
                  7000e000    000000ac     drivers.am263x.r5f.ti-arm-clang.nortos.debug.lib : mcan.obj (.text.MCAN_writeRxFIFOAck)
                  7000e0ac    00000004     --HOLE-- [fill = 0]
                  7000e0b0    000000a8     nortos.am263x.r5f.ti-arm-clang.debug.lib : ClockP_nortos.obj (.text.ClockP_addToList)
                  7000e158    00000008     --HOLE-- [fill = 0]
                  7000e160    000000a8                                              : ClockP_nortos.obj (.text.ClockP_destruct)
                  7000e208    00000008     --HOLE-- [fill = 0]
                  7000e210    000000a8     ti_drivers_open_close.obj (.text.Drivers_uartOpen)
                  7000e2b8    00000008     --HOLE-- [fill = 0]
                  7000e2c0    000000a4     drivers.am263x.r5f.ti-arm-clang.nortos.debug.lib : mcan.obj (.text.MCAN_getRxFIFOStatus)
                  7000e364    0000000c     --HOLE-- [fill = 0]
                  7000e370    000000a4                                                      : uart_v0_lld.obj (.text.UART_readPollingWithCounter)
                  7000e414    0000000c     --HOLE-- [fill = 0]
                  7000e420    000000a0                                                      : soc_rcm.obj (.text.SOC_rcmGetCoreHSDivOut)
                  7000e4c0    000000a0                                                      : soc_rcm.obj (.text.SOC_rcmProgPllPerDivider)
                  7000e560    0000009a                                                      : bootloader_soc.obj (.text.Bootloader_socTranslateSectionAddr)
                  7000e5fa    00000006     --HOLE-- [fill = 0]
                  7000e600    00000098     security.am263x.r5f.ti-arm-clang.nortos.debug.lib : sipc_notify_src.obj (.text.SIPC_getWriteMailbox)
                  7000e698    00000008     --HOLE-- [fill = 0]
                  7000e6a0    00000096     drivers.am263x.r5f.ti-arm-clang.nortos.debug.lib : bootloader.obj (.text.Bootloader_runCpu)
                  7000e736    0000000a     --HOLE-- [fill = 0]
                  7000e740    00000096                                                      : soc_rcm.obj (.text.SOC_rcmGetADPLLJConfig)
                  7000e7d6    0000000a     --HOLE-- [fill = 0]
                  7000e7e0    00000096                                                      : uart_v0_lld.obj (.text.UART_subConfigTCRTLRModeEn)
                  7000e876    0000000a     --HOLE-- [fill = 0]
                  7000e880    00000094                                                      : soc_rcm.obj (.text.CSL_TopCtrl_dualCoreSwitchDisableEfuse)
                  7000e914    0000000c     --HOLE-- [fill = 0]
                  7000e920    00000094     security.am263x.r5f.ti-arm-clang.nortos.debug.lib : sipc_notify_src.obj (.text.SIPC_mailboxRead)
                  7000e9b4    0000000c     --HOLE-- [fill = 0]
                  7000e9c0    00000092     drivers.am263x.r5f.ti-arm-clang.nortos.debug.lib : bootloader_soc.obj (.text.Bootloader_socMemInitCpu)
                  7000ea52    0000000e     --HOLE-- [fill = 0]
                  7000ea60    00000092     nortos.am263x.r5f.ti-arm-clang.debug.lib : ClockP_nortos.obj (.text.ClockP_getTimeUsec)
                  7000eaf2    0000000e     --HOLE-- [fill = 0]
                  7000eb00    00000092     drivers.am263x.r5f.ti-arm-clang.nortos.debug.lib : edma.obj (.text.EDMA_unmapChToEvtQ)
                  7000eb92    0000000e     --HOLE-- [fill = 0]
                  7000eba0    00000090     security.am263x.r5f.ti-arm-clang.nortos.debug.lib : hsmclient.obj (.text.HsmClient_register)
                  7000ec30    0000008e     drivers.am263x.r5f.ti-arm-clang.nortos.debug.lib : mcan.obj (.text.MCAN_addExtMsgIDFilter)
                  7000ecbe    00000002     --HOLE-- [fill = 0]
                  7000ecc0    0000008c                                                      : edma.obj (.text.EDMA_disableTransferRegion)
                  7000ed4c    00000004     --HOLE-- [fill = 0]
                  7000ed50    0000008c                                                      : edma.obj (.text.EDMA_enableTransferRegion)
                  7000eddc    00000004     --HOLE-- [fill = 0]
                  7000ede0    0000008c                                                      : uart_v0_lld.obj (.text.UART_readCancelNoCB)
                  7000ee6c    00000004     --HOLE-- [fill = 0]
                  7000ee70    0000008c                                                      : uart_v0_lld.obj (.text.UART_writeCancelNoCB)
                  7000eefc    00000004     --HOLE-- [fill = 0]
                  7000ef00    0000008a                                                      : bootloader.obj (.text.Bootloader_verifySegmentAddr)
                  7000ef8a    00000006     --HOLE-- [fill = 0]
                  7000ef90    00000088                                                      : mcan.obj (.text.MCAN_getProtocolStatus)
                  7000f018    00000008     --HOLE-- [fill = 0]
                  7000f020    00000088                                                      : uart_dma_edma.obj (.text.UART_edmaIsrRx)
                  7000f0a8    00000008     --HOLE-- [fill = 0]
                  7000f0b0    00000088                                                      : uart_dma_edma.obj (.text.UART_edmaIsrTx)
                  7000f138    00000008     --HOLE-- [fill = 0]
                  7000f140    00000086     security.am263x.r5f.ti-arm-clang.nortos.debug.lib : sipc_notify_src.obj (.text.SIPC_getReadSwQ)
                  7000f1c6    0000000a     --HOLE-- [fill = 0]
                  7000f1d0    00000086     drivers.am263x.r5f.ti-arm-clang.nortos.debug.lib : uart_v0_lld.obj (.text.UART_lld_flushTxFifo)
                  7000f256    0000000a     --HOLE-- [fill = 0]
                  7000f260    00000086                                                      : uart_v0_lld.obj (.text.UART_tcrTlrBitValRestore)
                  7000f2e6    0000000a     --HOLE-- [fill = 0]
                  7000f2f0    00000082                                                      : edma.obj (.text.EDMA_allocDmaChannel)
                  7000f372    0000000e     --HOLE-- [fill = 0]
                  7000f380    00000082                                                      : edma.obj (.text.EDMA_allocParam)
                  7000f402    0000000e     --HOLE-- [fill = 0]
                  7000f410    00000082                                                      : edma.obj (.text.EDMA_allocTcc)
                  7000f492    0000000e     --HOLE-- [fill = 0]
                  7000f4a0    00000082                                                      : edma.obj (.text.EDMA_disableTccInShadowRegRegion)
                  7000f522    0000000e     --HOLE-- [fill = 0]
                  7000f530    00000082                                                      : edma.obj (.text.EDMA_enableTccInShadowRegRegion)
                  7000f5b2    0000000e     --HOLE-- [fill = 0]
                  7000f5c0    00000080                                                      : bootloader_soc.obj (.text.Bootloader_socCpuGetClock)
                  7000f640    00000080                                                      : uart_v0_lld.obj (.text.UART_moduleReset)
                  7000f6c0    0000007e                                                      : bootloader.obj (.text.Bootloader_findSeq)
                  7000f73e    00000002     --HOLE-- [fill = 0]
                  7000f740    0000007e                                                      : soc_rcm.obj (.text.SOC_rcmMemInitL2Memory)
                  7000f7be    00000002     --HOLE-- [fill = 0]
                  7000f7c0    0000007e                                                      : uart_v0_lld.obj (.text.UART_readData)
                  7000f83e    00000002     --HOLE-- [fill = 0]
                  7000f840    0000007c     nortos.am263x.r5f.ti-arm-clang.debug.lib : DebugP_log.obj (.text._DebugP_assert)
                  7000f8bc    00000004     --HOLE-- [fill = 0]
                  7000f8c0    0000007a     drivers.am263x.r5f.ti-arm-clang.nortos.debug.lib : soc_rcm.obj (.text.CSL_TopCtrl_dualCoreBootEnableEfuse)
                  7000f93a    00000006     --HOLE-- [fill = 0]
                  7000f940    0000007a                                                      : uart_v0.obj (.text.UART_Params_init)
                  7000f9ba    00000006     --HOLE-- [fill = 0]
                  7000f9c0    00000078                                                      : edma.obj (.text.EDMA_linkChannel)
                  7000fa38    00000008     --HOLE-- [fill = 0]
                  7000fa40    00000078                                                      : soc_rcm.obj (.text.SOC_rcmR5ConfigLockStep)
                  7000fab8    00000008     --HOLE-- [fill = 0]
                  7000fac0    00000076                                                      : mcan.obj (.text.MCAN_initMsgRamConfigParams)
                  7000fb36    0000000a     --HOLE-- [fill = 0]
                  7000fb40    00000076                                                      : uart_v0_lld.obj (.text.UART_fifoRead)
                  7000fbb6    0000000a     --HOLE-- [fill = 0]
                  7000fbc0    00000074                                                      : uart_v0_lld.obj (.text.UART_IsBaseAddrValid)
                  7000fc34    0000000c     --HOLE-- [fill = 0]
                  7000fc40    00000072                                                      : bootloader_soc.obj (.text.Bootloader_authUpdate)
                  7000fcb2    0000000e     --HOLE-- [fill = 0]
                  7000fcc0    00000072     nortos.am263x.r5f.ti-arm-clang.debug.lib : ClockP_nortos.obj (.text.ClockP_usleep)
                  7000fd32    0000000e     --HOLE-- [fill = 0]
                  7000fd40    00000072     drivers.am263x.r5f.ti-arm-clang.nortos.debug.lib : edma.obj (.text.EDMA_clrMissEvtRegion)
                  7000fdb2    0000000e     --HOLE-- [fill = 0]
                  7000fdc0    00000072                                                      : soc_rcm.obj (.text.SOC_rcmCoreR5FUnhalt)
                  7000fe32    0000000e     --HOLE-- [fill = 0]
                  7000fe40    0000006e                                                      : bootloader.obj (.text.Bootloader_getX509CertLen)
                  7000feae    00000002     --HOLE-- [fill = 0]
                  7000feb0    0000006e                                                      : bootloader.obj (.text.Bootloader_open)
                  7000ff1e    00000002     --HOLE-- [fill = 0]
                  7000ff20    0000006e                                                      : uart_v0_lld.obj (.text.UART_readInterrupt)
                  7000ff8e    00000002     --HOLE-- [fill = 0]
                  7000ff90    0000006c                                                      : bootloader_soc.obj (.text.Bootloader_authStart)
                  7000fffc    00000004     --HOLE-- [fill = 0]
                  70010000    0000006c     security.am263x.r5f.ti-arm-clang.nortos.debug.lib : sipc_notify_src.obj (.text.SIPC_getReadMailbox)
                  7001006c    00000004     --HOLE-- [fill = 0]
                  70010070    0000006c                                                       : sipc_notify_src.obj (.text.SIPC_getReadMailboxClear)
                  700100dc    00000004     --HOLE-- [fill = 0]
                  700100e0    0000006c                                                       : sipc_notify_src.obj (.text.SIPC_registerClient)
                  7001014c    00000004     --HOLE-- [fill = 0]
                  70010150    00000068     drivers.am263x.r5f.ti-arm-clang.nortos.debug.lib : edma.obj (.text.EDMA_getBaseAddr)
                  700101b8    00000008     --HOLE-- [fill = 0]
                  700101c0    00000068                                                      : uart_v0_lld.obj (.text.UART_divisorValCompute)
                  70010228    00000008     --HOLE-- [fill = 0]
                  70010230    00000066                                                      : mcan.obj (.text.MCAN_getOffsetAddr)
                  70010296    0000000a     --HOLE-- [fill = 0]
                  700102a0    00000066                                                      : soc_rcm.obj (.text.SOC_rcmR5SS0PowerOnReset)
                  70010306    0000000a     --HOLE-- [fill = 0]
                  70010310    00000066                                                      : soc_rcm.obj (.text.SOC_rcmR5SS1PowerOnReset)
                  70010376    0000000a     --HOLE-- [fill = 0]
                  70010380    00000066     security.am263x.r5f.ti-arm-clang.nortos.debug.lib : hsmclient.obj (.text.crc16_ccit)
                  700103e6    0000000a     --HOLE-- [fill = 0]
                  700103f0    00000064     drivers.am263x.r5f.ti-arm-clang.nortos.debug.lib : soc_rcm.obj (.text.SOC_rcmGetR5Clock)
                  70010454    0000000c     --HOLE-- [fill = 0]
                  70010460    00000064                                                      : soc_rcm.obj (.text.SOC_rcmIsR5FInLockStepMode)
                  700104c4    0000000c     --HOLE-- [fill = 0]
                  700104d0    00000064                                                      : uart_v0_lld.obj (.text.UART_fifoRegisterWrite)
                  70010534    0000000c     --HOLE-- [fill = 0]
                  70010540    00000064                                                      : uart_v0_lld.obj (.text.UART_lld_deInitDma)
                  700105a4    0000000c     --HOLE-- [fill = 0]
                  700105b0    00000064                                                      : uart_v0_lld.obj (.text.UART_readByte)
                  70010614    0000000c     --HOLE-- [fill = 0]
                  70010620    00000062                                                      : mcan.obj (.text.MCAN_getErrCounters)
                  70010682    0000000e     --HOLE-- [fill = 0]
                  70010690    00000062                                                      : mcan.obj (.text.MCAN_initTxBufElement)
                  700106f2    0000000e     --HOLE-- [fill = 0]
                  70010700    00000062                                                      : soc_rcm.obj (.text.SOC_rcmInsert16)
                  70010762    0000000e     --HOLE-- [fill = 0]
                  70010770    00000062                                                      : soc_rcm.obj (.text.SOC_rcmInsert8)
                  700107d2    0000000e     --HOLE-- [fill = 0]
                  700107e0    00000062     nortos.am263x.r5f.ti-arm-clang.debug.lib : SemaphoreP_nortos.obj (.text.SemaphoreP_post)
                  70010842    0000000e     --HOLE-- [fill = 0]
                  70010850    00000062     drivers.am263x.r5f.ti-arm-clang.nortos.debug.lib : bootloader_xmodem.obj (.text._inbyte)
                  700108b2    0000000e     --HOLE-- [fill = 0]
                  700108c0    00000060                                                      : uart_v0_lld.obj (.text.UART_getChar)
                  70010920    00000060                                                      : uart_v0_lld.obj (.text.UART_writeData)
                  70010980    0000005e                                                      : soc_rcm.obj (.text.SOC_rcmInsert32)
                  700109de    00000002     --HOLE-- [fill = 0]
                  700109e0    0000005c     ti_power_clock_config.obj (.text.Module_clockSetFrequency)
                  70010a3c    00000004     --HOLE-- [fill = 0]
                  70010a40    0000005c     drivers.am263x.r5f.ti-arm-clang.nortos.debug.lib : uart_v0_lld.obj (.text.UART_lld_deInit)
                  70010a9c    00000004     --HOLE-- [fill = 0]
                  70010aa0    0000005a     security.am263x.r5f.ti-arm-clang.nortos.debug.lib : hsmclient_wait_for_boot_notify.obj (.text.HsmClient_waitForBootNotify)
                  70010afa    00000006     --HOLE-- [fill = 0]
                  70010b00    0000005a     drivers.am263x.r5f.ti-arm-clang.nortos.debug.lib : uart_dma_edma.obj (.text.UART_lld_dmaDisableChannel)
                  70010b5a    00000006     --HOLE-- [fill = 0]
                  70010b60    0000005a                                                      : uart_v0_lld.obj (.text.UART_regConfigModeEnable)
                  70010bba    00000006     --HOLE-- [fill = 0]
                  70010bc0    00000058     ti_clocktree_pll_config.obj (.text.Bootloader_socConfigurePll)
                  70010c18    00000008     --HOLE-- [fill = 0]
                  70010c20    00000058     drivers.am263x.r5f.ti-arm-clang.nortos.debug.lib : bootloader_xmodem.obj (.text.Bootloader_xmodemTransmit)
                  70010c78    00000008     --HOLE-- [fill = 0]
                  70010c80    00000058     security.am263x.r5f.ti-arm-clang.nortos.debug.lib : hsmclient_loadhsmrt.obj (.text.Hsmclient_mboxRxISR)
                  70010cd8    00000008     --HOLE-- [fill = 0]
                  70010ce0    00000058     drivers.am263x.r5f.ti-arm-clang.nortos.debug.lib : uart_v0.obj (.text.UART_getHandle)
                  70010d38    00000008     --HOLE-- [fill = 0]
                  70010d40    00000056                                                      : bootloader.obj (.text.Bootloader_BootImageInfo_init)
                  70010d96    0000000a     --HOLE-- [fill = 0]
                  70010da0    00000056                                                      : bootloader_soc.obj (.text.Bootloader_authFinish)
                  70010df6    0000000a     --HOLE-- [fill = 0]
                  70010e00    00000056                                                      : mcan.obj (.text.MCAN_initOperModeParams)
                  70010e56    0000000a     --HOLE-- [fill = 0]
                  70010e60    00000056                                                      : uart_v0.obj (.text.UART_lld_readCompleteCallback)
                  70010eb6    0000000a     --HOLE-- [fill = 0]
                  70010ec0    00000056                                                      : uart_v0.obj (.text.UART_lld_writeCompleteCallback)
                  70010f16    0000000a     --HOLE-- [fill = 0]
                  70010f20    00000054                                                      : edma.obj (.text.EDMA_setPaRAM)
                  70010f74    0000000c     --HOLE-- [fill = 0]
                  70010f80    00000054     security.am263x.r5f.ti-arm-clang.nortos.debug.lib : hsmclient_loadhsmrt.obj (.text.Hsmclient_computeIPCChecksum)
                  70010fd4    0000000c     --HOLE-- [fill = 0]
                  70010fe0    00000054     drivers.am263x.r5f.ti-arm-clang.nortos.debug.lib : soc_rcm.obj (.text.SOC_rcmGetModuleClkDivVal)
                  70011034    0000000c     --HOLE-- [fill = 0]
                  70011040    00000054                                                      : uart_v0_lld.obj (.text.UART_OperModeValid)
                  70011094    00000054     libc.a : autoinit.c.obj (.text:__TI_auto_init_nobinit_nopinit)
                  700110e8    00000008     --HOLE-- [fill = 0]
                  700110f0    00000052     security.am263x.r5f.ti-arm-clang.nortos.debug.lib : sipc_notify_cfg.obj (.text.SIPC_Register_Isr)
                  70011142    0000000e     --HOLE-- [fill = 0]
                  70011150    00000052     drivers.am263x.r5f.ti-arm-clang.nortos.debug.lib : soc_rcm.obj (.text.SOC_rcmCoreApllRelockPreRequisite)
                  700111a2    0000000e     --HOLE-- [fill = 0]
                  700111b0    00000052                                                      : crc16.obj (.text.crc16_ccitt)
                  70011202    0000000e     --HOLE-- [fill = 0]
                  70011210    00000050     ti_drivers_open_close.obj (.text.Drivers_uartClose)
                  70011260    00000050     drivers.am263x.r5f.ti-arm-clang.nortos.debug.lib : pinmux.obj (.text.Pinmux_config)
                  700112b0    00000050                                                      : uart_v0_lld.obj (.text.UART_checkCharsAvailInFifo)
                  70011300    0000004e                                                      : edma.obj (.text.EDMA_clrEvtRegion)
                  7001134e    00000002     --HOLE-- [fill = 0]
                  70011350    0000004e                                                      : edma.obj (.text.EDMA_disableDmaEvtRegion)
                  7001139e    00000002     --HOLE-- [fill = 0]
                  700113a0    0000004e                                                      : edma.obj (.text.EDMA_disableEvtIntrRegion)
                  700113ee    00000002     --HOLE-- [fill = 0]
                  700113f0    0000004e                                                      : edma.obj (.text.EDMA_enableDmaEvtRegion)
                  7001143e    00000002     --HOLE-- [fill = 0]
                  70011440    0000004e                                                      : edma.obj (.text.EDMA_enableEvtIntrRegion)
                  7001148e    00000002     --HOLE-- [fill = 0]
                  70011490    0000004e                                                      : edma.obj (.text.EDMA_setEvtRegion)
                  700114de    00000002     --HOLE-- [fill = 0]
                  700114e0    0000004e     security.am263x.r5f.ti-arm-clang.nortos.debug.lib : hsmclient.obj (.text.HsmClient_waitForAllResponses)
                  7001152e    00000002     --HOLE-- [fill = 0]
                  70011530    0000004c     nortos.am263x.r5f.ti-arm-clang.debug.lib : ClockP_nortos.obj (.text.ClockP_construct)
                  7001157c    00000004     --HOLE-- [fill = 0]
                  70011580    0000004c     drivers.am263x.r5f.ti-arm-clang.nortos.debug.lib : edma.obj (.text.EDMA_ccPaRAMEntry_init)
                  700115cc    00000004     --HOLE-- [fill = 0]
                  700115d0    0000004c                                                      : edma.obj (.text.EDMA_mapQdmaChToPaRAM)
                  7001161c    00000004     --HOLE-- [fill = 0]
                  70011620    0000004c                                                      : edma.obj (.text.EDMA_readEventStatusRegion)
                  7001166c    00000004     --HOLE-- [fill = 0]
                  70011670    0000004c     ti_power_clock_config.obj (.text.Module_clockDisable)
                  700116bc    00000004     --HOLE-- [fill = 0]
                  700116c0    0000004c     ti_power_clock_config.obj (.text.Module_clockEnable)
                  7001170c    00000004     --HOLE-- [fill = 0]
                  70011710    0000004a     drivers.am263x.r5f.ti-arm-clang.nortos.debug.lib : bootloader_profile.obj (.text.Bootloader_profileAddProfilePoint)
                  7001175a    00000006     --HOLE-- [fill = 0]
                  70011760    0000004a                                                      : bootloader_buf_io.obj (.text.BufIo_sendTransferComplete)
                  700117aa    00000006     --HOLE-- [fill = 0]
                  700117b0    0000004a     ti_dpl_config.obj (.text.Dpl_init)
                  700117fa    00000006     --HOLE-- [fill = 0]
                  70011800    0000004a     drivers.am263x.r5f.ti-arm-clang.nortos.debug.lib : mcan.obj (.text.MCAN_initSetBitTimeParams)
                  7001184a    00000006     --HOLE-- [fill = 0]
                  70011850    0000004a                                                      : mcan.obj (.text.MCAN_setExtIDAndMask)
                  7001189a    00000006     --HOLE-- [fill = 0]
                  700118a0    0000004a                                                      : soc_rcm.obj (.text.SOC_rcmGetCR5SysclkInFrequency)
                  700118ea    00000006     --HOLE-- [fill = 0]
                  700118f0    0000004a                                                      : uart_v0_lld.obj (.text.UART_getIntrIdentityStatus)
                  7001193a    00000006     --HOLE-- [fill = 0]
                  70011940    0000004a                                                      : uart_v0_lld.obj (.text.UART_lineCharConfig)
                  7001198a    00000006     --HOLE-- [fill = 0]
                  70011990    0000004a                                                      : uart_v0_lld.obj (.text.UART_statusIsDataReady)
                  700119da    00000006     --HOLE-- [fill = 0]
                  700119e0    00000048                                                      : uart_v0_lld.obj (.text.UART_resetModule)
                  70011a28    00000008     --HOLE-- [fill = 0]
                  70011a30    00000046     nortos.am263x.r5f.ti-arm-clang.debug.lib : DebugP_uartLogWriter.obj (.text.DebugP_uartLogWriterPutChar)
                  70011a76    0000000a     --HOLE-- [fill = 0]
                  70011a80    00000046     drivers.am263x.r5f.ti-arm-clang.nortos.debug.lib : mcan.obj (.text.MCAN_initGlobalFilterConfigParams)
                  70011ac6    0000000a     --HOLE-- [fill = 0]
                  70011ad0    00000046                                                      : uart_v0_lld.obj (.text.UART_i2310WA)
                  70011b16    0000000a     --HOLE-- [fill = 0]
                  70011b20    00000046                                                      : uart_v0_lld.obj (.text.UART_readLineStatus)
                  70011b66    0000000a     --HOLE-- [fill = 0]
                  70011b70    00000044                                                      : soc_rcm.obj (.text.SBL_rcmIsDualCoreSwitchSupported)
                  70011bb4    0000000c     --HOLE-- [fill = 0]
                  70011bc0    00000044     security.am263x.r5f.ti-arm-clang.nortos.debug.lib : sipc_notify_src.obj (.text.SIPC_unregisterClient)
                  70011c04    0000000c     --HOLE-- [fill = 0]
                  70011c10    00000044     drivers.am263x.r5f.ti-arm-clang.nortos.debug.lib : soc_rcm.obj (.text.SOC_rcmExtract8)
                  70011c54    0000000c     --HOLE-- [fill = 0]
                  70011c60    00000044                                                      : soc_rcm.obj (.text.SOC_rcmMake16)
                  70011ca4    0000000c     --HOLE-- [fill = 0]
                  70011cb0    00000044                                                      : soc_rcm.obj (.text.SOC_rcmMake8)
                  70011cf4    0000000c     --HOLE-- [fill = 0]
                  70011d00    00000044     nortos.am263x.r5f.ti-arm-clang.debug.lib : SemaphoreP_nortos.obj (.text.SemaphoreP_construct)
                  70011d44    0000000c     --HOLE-- [fill = 0]
                  70011d50    00000044                                              : DebugP_nortos.obj (.text._DebugP_logZone)
                  70011d94    0000000c     --HOLE-- [fill = 0]
                  70011da0    00000044                                              : printf.obj (.text._strnlen_s)
                  70011de4    0000000c     --HOLE-- [fill = 0]
                  70011df0    00000042     drivers.am263x.r5f.ti-arm-clang.nortos.debug.lib : bootloader.obj (.text.Bootloader_initCpu)
                  70011e32    0000000e     --HOLE-- [fill = 0]
                  70011e40    00000042     nortos.am263x.r5f.ti-arm-clang.debug.lib : ClockP_nortos.obj (.text.ClockP_start)
                  70011e82    0000000e     --HOLE-- [fill = 0]
                  70011e90    00000042     drivers.am263x.r5f.ti-arm-clang.nortos.debug.lib : uart_v0.obj (.text.UART_checkOpenParams)
                  70011ed2    0000000e     --HOLE-- [fill = 0]
                  70011ee0    00000042                                                      : bootloader_xmodem.obj (.text._outbyte)
                  70011f22    0000000e     --HOLE-- [fill = 0]
                  70011f30    00000040                                                      : soc_rcm.obj (.text.SOC_rcmMake32)
                  70011f70    00000040     libc.a : memcmp.c.obj (.text.memcmp)
                  70011fb0    0000003e     drivers.am263x.r5f.ti-arm-clang.nortos.debug.lib : pinmux.obj (.text.Pinmux_unlockMMR)
                  70011fee    00000002     --HOLE-- [fill = 0]
                  70011ff0    0000003e                                                      : uart_v0_lld.obj (.text.UART_IsHWFlowCtrlValid)
                  7001202e    00000002     --HOLE-- [fill = 0]
                  70012030    0000003e                                                      : uart_v0_lld.obj (.text.UART_spaceAvail)
                  7001206e    00000002     --HOLE-- [fill = 0]
                  70012070    0000003c                                                      : uart_v0_lld.obj (.text.UART_IsParityTypeValid)
                  700120ac    00000004     --HOLE-- [fill = 0]
                  700120b0    0000003c                                                      : uart_v0_lld.obj (.text.UART_IsTxRxFifoEmpty)
                  700120ec    00000004     --HOLE-- [fill = 0]
                  700120f0    0000003c                                                      : uart_v0_lld.obj (.text.UART_enhanFuncEnable)
                  7001212c    00000004     --HOLE-- [fill = 0]
                  70012130    0000003a                                                      : bootloader_soc.obj (.text.Bootloader_socGetBootSeqOid)
                  7001216a    00000006     --HOLE-- [fill = 0]
                  70012170    0000003a                                                      : mcan.obj (.text.MCAN_txBufAddReq)
                  700121aa    00000006     --HOLE-- [fill = 0]
                  700121b0    0000003a                                                      : soc.obj (.text.SOC_moduleSetClockFrequency)
                  700121ea    00000006     --HOLE-- [fill = 0]
                  700121f0    0000003a     nortos.am263x.r5f.ti-arm-clang.debug.lib : printf.obj (.text._atoi)
                  7001222a    00000006     --HOLE-- [fill = 0]
                  70012230    00000038     drivers.am263x.r5f.ti-arm-clang.nortos.debug.lib : bootloader_soc.obj (.text.Bootloader_socCpuResetRelease)
                  70012268    00000008     --HOLE-- [fill = 0]
                  70012270    00000038                                                      : bootloader_mem.obj (.text.Mem_imgRead)
                  700122a8    00000008     --HOLE-- [fill = 0]
                  700122b0    00000038     security.am263x.r5f.ti-arm-clang.nortos.debug.lib : sipc_notify_src.obj (.text.SIPC_Params_init)
                  700122e8    00000008     --HOLE-- [fill = 0]
                  700122f0    00000038                                                       : sipc_notify_src.obj (.text.SIPC_getIntrConfig)
                  70012328    00000008     --HOLE-- [fill = 0]
                  70012330    00000038     drivers.am263x.r5f.ti-arm-clang.nortos.debug.lib : soc.obj (.text.SOC_getCoreName)
                  70012368    00000008     --HOLE-- [fill = 0]
                  70012370    00000038                                                      : uart_v0_lld.obj (.text.UART_readDataPolling)
                  700123a8    00000008     --HOLE-- [fill = 0]
                  700123b0    00000038                                                      : uart_v0_lld.obj (.text.UART_writeDataPolling)
                  700123e8    00000038     nortos.am263x.r5f.ti-arm-clang.debug.lib : PmuP_armv7r_asm.obj (.text.pmu)
                  70012420    00000036     drivers.am263x.r5f.ti-arm-clang.nortos.debug.lib : edma.obj (.text.EDMA_getRegionId)
                  70012456    0000000a     --HOLE-- [fill = 0]
                  70012460    00000036                                                      : bootloader_mem.obj (.text.Mem_imgOpen)
                  70012496    0000000a     --HOLE-- [fill = 0]
                  700124a0    00000034                                                      : bootloader.obj (.text.Bootloader_close)
                  700124d4    0000000c     --HOLE-- [fill = 0]
                  700124e0    00000034     security.am263x.r5f.ti-arm-clang.nortos.debug.lib : hsmclient.obj (.text.HsmClient_init)
                  70012514    0000000c     --HOLE-- [fill = 0]
                  70012520    00000034     drivers.am263x.r5f.ti-arm-clang.nortos.debug.lib : mcan.obj (.text.MCAN_SsAddr)
                  70012554    0000000c     --HOLE-- [fill = 0]
                  70012560    00000034                                                      : mcan.obj (.text.MCAN_calcCfgAddr)
                  70012594    0000000c     --HOLE-- [fill = 0]
                  700125a0    00000034                                                      : pinmux.obj (.text.Pinmux_lockMMR)
                  700125d4    0000000c     --HOLE-- [fill = 0]
                  700125e0    00000034     nortos.am263x.r5f.ti-arm-clang.debug.lib : TimerP_rti_priv.obj (.text.TimerP_Params_initPriv)
                  70012614    0000000c     --HOLE-- [fill = 0]
                  70012620    00000034     drivers.am263x.r5f.ti-arm-clang.nortos.debug.lib : uart_v0_lld.obj (.text.UART_IsDataLengthValid)
                  70012654    0000000c     --HOLE-- [fill = 0]
                  70012660    00000034                                                      : uart_v0_lld.obj (.text.UART_checkTransaction)
                  70012694    0000000c     --HOLE-- [fill = 0]
                  700126a0    00000034                                                      : uart_v0_lld.obj (.text.UART_getRxError)
                  700126d4    0000000c     --HOLE-- [fill = 0]
                  700126e0    00000032                                                      : bootloader.obj (.text.Bootloader_runSelfCpu)
                  70012712    0000000e     --HOLE-- [fill = 0]
                  70012720    00000032                                                      : mcan.obj (.text.HW_WR_FIELD32_RAW)
                  70012752    0000000e     --HOLE-- [fill = 0]
                  70012760    00000032                                                      : uart_v0_lld.obj (.text.HW_WR_FIELD32_RAW)
                  70012792    0000000e     --HOLE-- [fill = 0]
                  700127a0    00000032                                                      : mcan.obj (.text.MCAN_isMemInitDone)
                  700127d2    0000000e     --HOLE-- [fill = 0]
                  700127e0    00000032     nortos.am263x.r5f.ti-arm-clang.debug.lib : TimerP_rti_priv.obj (.text.TimerP_getCountPriv)
                  70012812    0000000e     --HOLE-- [fill = 0]
                  70012820    00000032     drivers.am263x.r5f.ti-arm-clang.nortos.debug.lib : uart_v0_lld.obj (.text.UART_enhanFuncBitValRestore)
                  70012852    0000000e     --HOLE-- [fill = 0]
                  70012860    00000032                                                      : uart_v0_lld.obj (.text.UART_hardwareFlowCtrlOptSet)
                  70012892    0000000e     --HOLE-- [fill = 0]
                  700128a0    00000030                                                      : bootloader.obj (.text.Bootloader_isCorePresent)
                  700128d0    00000030                                                      : bootloader_profile.obj (.text.Bootloader_profileReset)
                  70012900    00000030                                                      : uart_v0_lld.obj (.text.UART_flowCtrlTrigLvlConfig)
                  70012930    0000002e                                                      : bootloader_soc.obj (.text.Bootloader_socGetCoreName)
                  7001295e    00000002     --HOLE-- [fill = 0]
                  70012960    0000002e                                                      : soc_rcm.obj (.text.SOC_rcmMemInitMailboxMemory)
                  7001298e    00000002     --HOLE-- [fill = 0]
                  70012990    0000002e                                                      : uart_v0.obj (.text.UART_deinit)
                  700129be    00000002     --HOLE-- [fill = 0]
                  700129c0    0000002e                                                      : uart_dma_edma.obj (.text.UART_lld_dmaInit)
                  700129ee    00000002     --HOLE-- [fill = 0]
                  700129f0    0000002e     nortos.am263x.r5f.ti-arm-clang.debug.lib : printf.obj (.text._is_digit)
                  70012a1e    00000002     --HOLE-- [fill = 0]
                  70012a20    0000002e     drivers.am263x.r5f.ti-arm-clang.nortos.debug.lib : bootloader_can.obj (.text.mcanConfigTxMsg)
                  70012a4e    00000002     --HOLE-- [fill = 0]
                  70012a50    0000002c                                                      : bootloader_soc.obj (.text.Bootloader_socCpuGetClkDefault)
                  70012a7c    00000004     --HOLE-- [fill = 0]
                  70012a80    0000002c     nortos.am263x.r5f.ti-arm-clang.debug.lib : DebugP_log.obj (.text.DebugP_logZoneEnable)
                  70012aac    00000004     --HOLE-- [fill = 0]
                  70012ab0    0000002c                                              : SemaphoreP_nortos.obj (.text.SemaphoreP_constructBinary)
                  70012adc    00000004     --HOLE-- [fill = 0]
                  70012ae0    0000002a     drivers.am263x.r5f.ti-arm-clang.nortos.debug.lib : bootloader_soc.obj (.text.Bootloader_socCpuSetClock)
                  70012b0a    00000006     --HOLE-- [fill = 0]
                  70012b10    0000002a                                                      : bootloader_soc.obj (.text.Bootloader_socIsAuthRequired)
                  70012b3a    00000006     --HOLE-- [fill = 0]
                  70012b40    0000002a     nortos.am263x.r5f.ti-arm-clang.debug.lib : ClockP_nortos.obj (.text.ClockP_sleepTicks)
                  70012b6a    00000006     --HOLE-- [fill = 0]
                  70012b70    0000002a     drivers.am263x.r5f.ti-arm-clang.nortos.debug.lib : uart_v0.obj (.text.UART_Transaction_init)
                  70012b9a    00000006     --HOLE-- [fill = 0]
                  70012ba0    0000002a                                                      : uart_v0_lld.obj (.text.UART_intr2Disable)
                  70012bca    00000006     --HOLE-- [fill = 0]
                  70012bd0    0000002a                                                      : uart_v0_lld.obj (.text.UART_lld_Transaction_init)
                  70012bfa    00000006     --HOLE-- [fill = 0]
                  70012c00    0000002a                                                      : uart_v0_lld.obj (.text.UART_operatingModeSelect)
                  70012c2a    00000006     --HOLE-- [fill = 0]
                  70012c30    00000028     nortos.am263x.r5f.ti-arm-clang.debug.lib : CpuId_armv7r.obj (.text.CSL_armR5GetCpuID)
                  70012c58    00000008     --HOLE-- [fill = 0]
                  70012c60    00000028                                              : printf.obj (.text.vprintf_)
                  70012c88    00000008     --HOLE-- [fill = 0]
                  70012c90    00000026     drivers.am263x.r5f.ti-arm-clang.nortos.debug.lib : bootloader.obj (.text.Bootloader_getBootMedia)
                  70012cb6    0000000a     --HOLE-- [fill = 0]
                  70012cc0    00000026                                                      : edma.obj (.text.EDMA_disableQdmaEvtRegion)
                  70012ce6    0000000a     --HOLE-- [fill = 0]
                  70012cf0    00000026                                                      : edma.obj (.text.EDMA_enableQdmaEvtRegion)
                  70012d16    0000000a     --HOLE-- [fill = 0]
                  70012d20    00000026                                                      : edma.obj (.text.EDMA_validateIntrObject)
                  70012d46    0000000a     --HOLE-- [fill = 0]
                  70012d50    00000024                                                      : bootloader.obj (.text.Bootloader_CpuInfo_init)
                  70012d74    0000000c     --HOLE-- [fill = 0]
                  70012d80    00000024                                                      : soc_rcm.obj (.text.SOC_rcmR5SS0TriggerReset)
                  70012da4    0000000c     --HOLE-- [fill = 0]
                  70012db0    00000024     nortos.am263x.r5f.ti-arm-clang.debug.lib : SemaphoreP_nortos.obj (.text.SemaphoreP_constructMutex)
                  70012dd4    0000000c     --HOLE-- [fill = 0]
                  70012de0    00000024     drivers.am263x.r5f.ti-arm-clang.nortos.debug.lib : uart_v0_lld.obj (.text.UART_IsRxTrigLvlValid)
                  70012e04    0000000c     --HOLE-- [fill = 0]
                  70012e10    00000024                                                      : uart_v0_lld.obj (.text.UART_IsStopBitsValid)
                  70012e34    0000000c     --HOLE-- [fill = 0]
                  70012e40    00000024                                                      : uart_v0_lld.obj (.text.UART_IsTxTrigLvlValid)
                  70012e64    00000024     libclang_rt.builtins.a : aeabi_uldivmod.S.obj (.text.__aeabi_uldivmod)
                  70012e88    00000008     --HOLE-- [fill = 0]
                  70012e90    00000024     nortos.am263x.r5f.ti-arm-clang.debug.lib : printf.obj (.text._out_char)
                  70012eb4    0000000c     --HOLE-- [fill = 0]
                  70012ec0    00000022     drivers.am263x.r5f.ti-arm-clang.nortos.debug.lib : bootloader_profile.obj (.text.Bootloader_profileAddCore)
                  70012ee2    0000000e     --HOLE-- [fill = 0]
                  70012ef0    00000022                                                      : edma.obj (.text.EDMA_channelToParamMap)
                  70012f12    0000000e     --HOLE-- [fill = 0]
                  70012f20    00000022                                                      : soc_rcm.obj (.text.SOC_rcmR5SS1TriggerReset)
                  70012f42    0000000e     --HOLE-- [fill = 0]
                  70012f50    00000020     nortos.am263x.r5f.ti-arm-clang.debug.lib : ClockP_nortos.obj (.text.ClockP_isActive)
                  70012f70    00000020                                              : ClockP_nortos.obj (.text.ClockP_usecToTicks)
                  70012f90    00000020     drivers.am263x.r5f.ti-arm-clang.nortos.debug.lib : mcan.obj (.text.HW_RD_FIELD32_RAW)
                  70012fb0    00000020                                                      : uart_v0_lld.obj (.text.HW_RD_FIELD32_RAW)
                  70012fd0    00000020     security.am263x.r5f.ti-arm-clang.nortos.debug.lib : sipc_notify_src.obj (.text.SIPC_insertClientIds)
                  70012ff0    00000020                                                       : sipc_notify_src.obj (.text.SIPC_readSelfCoreID)
                  70013010    0000001e     nortos.am263x.r5f.ti-arm-clang.debug.lib : ClockP_nortos.obj (.text.ClockP_Params_init)
                  7001302e    00000002     --HOLE-- [fill = 0]
                  70013030    0000001e     drivers.am263x.r5f.ti-arm-clang.nortos.debug.lib : edma.obj (.text.EDMA_getEventStatusHigh)
                  7001304e    00000002     --HOLE-- [fill = 0]
                  70013050    0000001e                                                      : mcan.obj (.text.MCAN_setOpMode)
                  7001306e    00000002     --HOLE-- [fill = 0]
                  70013070    0000001e                                                      : soc.obj (.text.SOC_getSelfCpuClk)
                  7001308e    00000002     --HOLE-- [fill = 0]
                  70013090    0000001e                                                      : soc.obj (.text.SOC_moduleClockEnable)
                  700130ae    00000002     --HOLE-- [fill = 0]
                  700130b0    0000001e                                                      : uart_v0_lld.obj (.text.UART_breakCtl)
                  700130ce    00000002     --HOLE-- [fill = 0]
                  700130d0    0000001e                                                      : uart_v0_lld.obj (.text.UART_lld_Transaction_deInit)
                  700130ee    00000002     --HOLE-- [fill = 0]
                  700130f0    0000001e                                                      : uart_v0_lld.obj (.text.UART_writeInterrupt)
                  7001310e    00000002     --HOLE-- [fill = 0]
                  70013110    0000001c                                                      : edma.obj (.text.EDMA_getEventStatus)
                  7001312c    00000004     --HOLE-- [fill = 0]
                  70013130    0000001c                                                      : mcan.obj (.text.MCAN_writeProtectedRegAccessLock)
                  7001314c    00000004     --HOLE-- [fill = 0]
                  70013150    0000001c                                                      : mcan.obj (.text.MCAN_writeProtectedRegAccessUnlock)
                  7001316c    00000004     --HOLE-- [fill = 0]
                  70013170    0000001c                                                      : uart_v0_lld.obj (.text.UART_IsParameter)
                  7001318c    0000001c     libc.a : memcpy32.S.obj (.text:TI_memcpy_small)
                  700131a8    00000008     --HOLE-- [fill = 0]
                  700131b0    0000001a     drivers.am263x.r5f.ti-arm-clang.nortos.debug.lib : mcan.obj (.text.MCAN_getOpMode)
                  700131ca    00000006     --HOLE-- [fill = 0]
                  700131d0    0000001a                                                      : soc_rcm.obj (.text.SOC_rcmGetModuleClkDivRegVal)
                  700131ea    00000006     --HOLE-- [fill = 0]
                  700131f0    0000001a                                                      : soc_rcm.obj (.text.SOC_rcmSetR5Clock)
                  7001320a    00000006     --HOLE-- [fill = 0]
                  70013210    0000001a                                                      : uart_v0_lld.obj (.text.UART_fifoCharGet)
                  7001322a    00000006     --HOLE-- [fill = 0]
                  70013230    0000001a                                                      : uart_v0_lld.obj (.text.UART_timeGuardConfig)
                  7001324a    00000006     --HOLE-- [fill = 0]
                  70013250    00000018                                                      : edma.obj (.text.EDMA_isInterruptEnabled)
                  70013268    00000008     --HOLE-- [fill = 0]
                  70013270    00000018     security.am263x.r5f.ti-arm-clang.nortos.debug.lib : sipc_notify_src.obj (.text.SIPC_mailboxClearAllInt)
                  70013288    00000008     --HOLE-- [fill = 0]
                  70013290    00000018     drivers.am263x.r5f.ti-arm-clang.nortos.debug.lib : soc_rcm.obj (.text.SOC_rcmSetR5ClockSource)
                  700132a8    00000008     --HOLE-- [fill = 0]
                  700132b0    00000018     nortos.am263x.r5f.ti-arm-clang.debug.lib : SemaphoreP_nortos.obj (.text.SemaphoreP_Params_init)
                  700132c8    00000008     --HOLE-- [fill = 0]
                  700132d0    00000018     ti_drivers_config.obj (.text.System_init)
                  700132e8    00000008     --HOLE-- [fill = 0]
                  700132f0    00000018     nortos.am263x.r5f.ti-arm-clang.debug.lib : TimerP_rti_priv.obj (.text.TimerP_getReloadCountPriv)
                  70013308    00000008     --HOLE-- [fill = 0]
                  70013310    00000018     drivers.am263x.r5f.ti-arm-clang.nortos.debug.lib : uart_v0_lld.obj (.text.UART_divisorLatchDisable)
                  70013328    00000008     --HOLE-- [fill = 0]
                  70013330    00000018                                                      : uart_v0_lld.obj (.text.UART_modemControlReset)
                  70013348    00000008     --HOLE-- [fill = 0]
                  70013350    00000018                                                      : uart_v0_lld.obj (.text.UART_putChar)
                  70013368    00000018     libc.a : memset32.S.obj (.text:TI_memset_small)
                  70013380    00000016     security.am263x.r5f.ti-arm-clang.nortos.debug.lib : hsmclient.obj (.text.HsmClient_unregister)
                  70013396    0000000a     --HOLE-- [fill = 0]
                  700133a0    00000016     drivers.am263x.r5f.ti-arm-clang.nortos.debug.lib : mcan.obj (.text.MCAN_getTxBufTransmissionStatus)
                  700133b6    0000000a     --HOLE-- [fill = 0]
                  700133c0    00000016     nortos.am263x.r5f.ti-arm-clang.debug.lib : TimerP_rti_priv.obj (.text.TimerP_startPriv)
                  700133d6    0000000a     --HOLE-- [fill = 0]
                  700133e0    00000016                                              : TimerP_rti_priv.obj (.text.TimerP_stopPriv)
                  700133f6    0000000a     --HOLE-- [fill = 0]
                  70013400    00000016     drivers.am263x.r5f.ti-arm-clang.nortos.debug.lib : uart_v0_lld.obj (.text.UART_divideRoundCloset)
                  70013416    0000000a     --HOLE-- [fill = 0]
                  70013420    00000016                                                      : uart_v0_lld.obj (.text.UART_regConfModeRestore)
                  70013436    0000000a     --HOLE-- [fill = 0]
                  70013440    00000016                                                      : xmodem.obj (.text.flushinput)
                  70013456    0000000a     --HOLE-- [fill = 0]
                  70013460    00000014                                                      : bootloader.obj (.text.Bootloader_Params_init)
                  70013474    0000000c     --HOLE-- [fill = 0]
                  70013480    00000014     nortos.am263x.r5f.ti-arm-clang.debug.lib : DebugP_uartLogWriter.obj (.text.DebugP_uartSetDrvIndex)
                  70013494    0000000c     --HOLE-- [fill = 0]
                  700134a0    00000014     drivers.am263x.r5f.ti-arm-clang.nortos.debug.lib : edma.obj (.text.HW_WR_REG16_RAW)
                  700134b4    0000000c     --HOLE-- [fill = 0]
                  700134c0    00000014     security.am263x.r5f.ti-arm-clang.nortos.debug.lib : hsmclient.obj (.text.HsmClient_SecureBootQueueInit)
                  700134d4    0000000c     --HOLE-- [fill = 0]
                  700134e0    00000014     drivers.am263x.r5f.ti-arm-clang.nortos.debug.lib : bootloader_mem.obj (.text.Mem_imgSeek)
                  700134f4    0000000c     --HOLE-- [fill = 0]
                  70013500    00000014     security.am263x.r5f.ti-arm-clang.nortos.debug.lib : sipc_notify_src.obj (.text.SIPC_mailboxClearPendingIntr)
                  70013514    0000000c     --HOLE-- [fill = 0]
                  70013520    00000014     drivers.am263x.r5f.ti-arm-clang.nortos.debug.lib : soc_rcm.obj (.text.SOC_rcmGetModuleClkDivFromRegVal)
                  70013534    0000000c     --HOLE-- [fill = 0]
                  70013540    00000014     ti_drivers_config.obj (.text.System_deinit)
                  70013554    0000000c     --HOLE-- [fill = 0]
                  70013560    00000014     nortos.am263x.r5f.ti-arm-clang.debug.lib : TimerP_rti_priv.obj (.text.TimerP_clearOverflowIntPriv)
                  70013574    0000000c     --HOLE-- [fill = 0]
                  70013580    00000014                                              : TimerP_rti_nortos.obj (.text.TimerP_setup)
                  70013594    0000000c     --HOLE-- [fill = 0]
                  700135a0    00000014     ti_dpl_config.obj (.text.putchar_)
                  700135b4    0000000c     --HOLE-- [fill = 0]
                  700135c0    00000012     ti_drivers_config.obj (.text.HsmClient_unRegister)
                  700135d2    0000000e     --HOLE-- [fill = 0]
                  700135e0    00000012     security.am263x.r5f.ti-arm-clang.nortos.debug.lib : hsmclient_loadhsmrt.obj (.text.Hsmclient_updateBootNotificationRegister)
                  700135f2    0000000e     --HOLE-- [fill = 0]
                  70013600    00000012     ti_pinmux_config.obj (.text.Pinmux_init)
                  70013612    0000000e     --HOLE-- [fill = 0]
                  70013620    00000010     nortos.am263x.r5f.ti-arm-clang.debug.lib : AddrTranslateP_null.obj (.text.AddrTranslateP_getLocalAddr)
                  70013630    00000010     drivers.am263x.r5f.ti-arm-clang.nortos.debug.lib : pinmux.obj (.text.CSL_REG32_WR_RAW)
                  70013640    00000010                                                      : soc.obj (.text.CSL_REG32_WR_RAW)
                  70013650    00000010     nortos.am263x.r5f.ti-arm-clang.debug.lib : ClockP_nortos_r5.obj (.text.ClockP_getTimerCount)
                  70013660    00000010                                              : ClockP_nortos_r5.obj (.text.ClockP_timerClearOverflowInt)
                  70013670    00000010     drivers.am263x.r5f.ti-arm-clang.nortos.debug.lib : edma.obj (.text.HW_RD_REG32_RAW)
                  70013680    00000010                                                      : mcan.obj (.text.HW_RD_REG32_RAW)
                  70013690    00000010                                                      : uart_v0_lld.obj (.text.HW_RD_REG32_RAW)
                  700136a0    00000010                                                      : edma.obj (.text.HW_WR_REG32_RAW)
                  700136b0    00000010                                                      : mcan.obj (.text.HW_WR_REG32_RAW)
                  700136c0    00000010                                                      : uart_v0_lld.obj (.text.HW_WR_REG32_RAW)
                  700136d0    00000010                                                      : bootloader_mem.obj (.text.Mem_imgGetCurOffset)
                  700136e0    00000010     security.am263x.r5f.ti-arm-clang.nortos.debug.lib : sipc_notify_src.obj (.text.SIPC_mailboxGetPendingIntr)
                  700136f0    00000010     nortos.am263x.r5f.ti-arm-clang.debug.lib : TimerP_rti_nortos.obj (.text.TimerP_Params_init)
                  70013700    00000010                                              : TimerP_rti_nortos.obj (.text.TimerP_clearOverflowInt)
                  70013710    00000010                                              : TimerP_rti_nortos.obj (.text.TimerP_getCount)
                  70013720    00000010                                              : TimerP_rti_nortos.obj (.text.TimerP_getReloadCount)
                  70013730    00000010                                              : TimerP_rti_nortos.obj (.text.TimerP_start)
                  70013740    00000010                                              : printf.obj (.text._out_null)
                  70013750    0000000e     drivers.am263x.r5f.ti-arm-clang.nortos.debug.lib : bootloader_soc.obj (.text.Bootloader_socCpuResetReleaseSelf)
                  7001375e    00000002     --HOLE-- [fill = 0]
                  70013760    0000000c     ti_board_open_close.obj (.text.Board_driversOpen)
                  7001376c    00000004     --HOLE-- [fill = 0]
                  70013770    0000000c     drivers.am263x.r5f.ti-arm-clang.nortos.debug.lib : bootloader_soc.obj (.text.Bootloader_socInitL2MailBoxMemory)
                  7001377c    00000004     --HOLE-- [fill = 0]
[...]
7000e001  MCAN_writeRxFIFOAck                      
7000e161  ClockP_destruct                          
7000e211  Drivers_uartOpen                         
7000e2c1  MCAN_getRxFIFOStatus                     
7000e561  Bootloader_socTranslateSectionAddr       
7000e6a1  Bootloader_runCpu                        
7000e9c1  Bootloader_socMemInitCpu                 
7000ea61  ClockP_getTimeUsec                       
7000eb01  EDMA_unmapChToEvtQ                       
7000eba1  HsmClient_register                       
7000ec31  MCAN_addExtMsgIDFilter                   
7000ecc1  EDMA_disableTransferRegion               
7000ed51  EDMA_enableTransferRegion                
7000ede1  UART_readCancelNoCB                      
7000ee71  UART_writeCancelNoCB                     
7000ef91  MCAN_getProtocolStatus                   
7000f1d1  UART_lld_flushTxFifo                     
7000f2f1  EDMA_allocDmaChannel                     
7000f381  EDMA_allocParam                          
7000f411  EDMA_allocTcc                            
7000f5c1  Bootloader_socCpuGetClock                
7000f6c1  Bootloader_findSeq                       
7000f741  SOC_rcmMemInitL2Memory                   
7000f841  _DebugP_assert                           
7000f941  UART_Params_init                         
7000f9c1  EDMA_linkChannel                         
7000fa41  SOC_rcmR5ConfigLockStep                  
7000fac1  MCAN_initMsgRamConfigParams              
7000fc41  Bootloader_authUpdate                    
7000fcc1  ClockP_usleep                            
7000fd41  EDMA_clrMissEvtRegion                    
7000fdc1  SOC_rcmCoreR5FUnhalt                     
7000fe41  Bootloader_getX509CertLen                
7000feb1  Bootloader_open                          
7000ff91  Bootloader_authStart                     
700100e1  SIPC_registerClient                      
70010151  EDMA_getBaseAddr                         
700102a1  SOC_rcmR5SS0PowerOnReset                 
70010311  SOC_rcmR5SS1PowerOnReset                 
700103f1  SOC_rcmGetR5Clock                        
70010461  SOC_rcmIsR5FInLockStepMode               
70010541  UART_lld_deInitDma                       
70010621  MCAN_getErrCounters                      
70010691  MCAN_initTxBufElement                    
700107e1  SemaphoreP_post                          
70010851  _inbyte                                  
700108c1  UART_getChar                             
700109e1  Module_clockSetFrequency                 
70010a41  UART_lld_deInit                          
70010aa1  HsmClient_waitForBootNotify              
70010b01  UART_lld_dmaDisableChannel               
70010bc1  Bootloader_socConfigurePll               
70010c21  Bootloader_xmodemTransmit                
70010ce1  UART_getHandle                           
70010d41  Bootloader_BootImageInfo_init            
70010da1  Bootloader_authFinish                    
70010e01  MCAN_initOperModeParams                  
70010f21  EDMA_setPaRAM                            
70011094  __TI_auto_init_nobinit_nopinit           
700110f1  SIPC_Register_Isr                        
70011151  SOC_rcmCoreApllRelockPreRequisite        
700111b1  crc16_ccitt                              
70011211  Drivers_uartClose                        
70011261  Pinmux_config                            
700112b1  UART_checkCharsAvailInFifo               
70011301  EDMA_clrEvtRegion                        
70011351  EDMA_disableDmaEvtRegion                 
700113a1  EDMA_disableEvtIntrRegion                
700113f1  EDMA_enableDmaEvtRegion                  
70011441  EDMA_enableEvtIntrRegion                 
70011491  EDMA_setEvtRegion                        
70011531  ClockP_construct                         
70011581  EDMA_ccPaRAMEntry_init                   
700115d1  EDMA_mapQdmaChToPaRAM                    
70011621  EDMA_readEventStatusRegion               
70011671  Module_clockDisable                      
700116c1  Module_clockEnable                       
70011711  Bootloader_profileAddProfilePoint        
70011761  BufIo_sendTransferComplete               
700117b1  Dpl_init                                 
70011801  MCAN_initSetBitTimeParams                
70011851  MCAN_setExtIDAndMask                     
700118f1  UART_getIntrIdentityStatus               
70011a31  DebugP_uartLogWriterPutChar              
70011a81  MCAN_initGlobalFilterConfigParams        
70011b21  UART_readLineStatus                      
70011bc1  SIPC_unregisterClient                    
70011d01  SemaphoreP_construct                     
70011d51  _DebugP_logZone                          
70011df1  Bootloader_initCpu                       
70011e41  ClockP_start                             
70011ee1  _outbyte                                 
70011f70  memcmp                                   
70012031  UART_spaceAvail                          
700120b1  UART_IsTxRxFifoEmpty                     
70012131  Bootloader_socGetBootSeqOid              
70012171  MCAN_txBufAddReq                         
700121b1  SOC_moduleSetClockFrequency              
70012231  Bootloader_socCpuResetRelease            
700122b1  SIPC_Params_init                         
70012331  SOC_getCoreName                          
700123e8  CycleCounterP_getCount32                 
700123f0  PmuP_setup                               
700123f8  PmuP_enableCounters                      
70012400  PmuP_disableCounters                     
70012408  PmuP_getOverflowStatus                   
70012410  PmuP_clearOverflowStatus                 
70012418  PmuP_setUserEnable                       
70012421  EDMA_getRegionId                         
700124a1  Bootloader_close                         
700124e1  HsmClient_init                           
70012561  MCAN_calcCfgAddr                         
700125e1  TimerP_Params_initPriv                   
700126e1  Bootloader_runSelfCpu                    
700127a1  MCAN_isMemInitDone                       
700127e1  TimerP_getCountPriv                      
700128a1  Bootloader_isCorePresent                 
700128d1  Bootloader_profileReset                  
70012931  Bootloader_socGetCoreName                
70012961  SOC_rcmMemInitMailboxMemory              
70012991  UART_deinit                              
700129c1  UART_lld_dmaInit                         
70012a21  mcanConfigTxMsg                          
70012a51  Bootloader_socCpuGetClkDefault           
70012a81  DebugP_logZoneEnable                     
70012ab1  SemaphoreP_constructBinary               
70012ae1  Bootloader_socCpuSetClock                
70012b11  Bootloader_socIsAuthRequired             
70012b71  UART_Transaction_init                    
70012ba1  UART_intr2Disable                        
70012bd1  UART_lld_Transaction_init                
70012c01  UART_operatingModeSelect                 
70012c31  CSL_armR5GetCpuID                        
70012c61  vprintf_                                 
70012c91  Bootloader_getBootMedia                  
70012cc1  EDMA_disableQdmaEvtRegion                
70012cf1  EDMA_enableQdmaEvtRegion                 
70012d51  Bootloader_CpuInfo_init                  
70012d81  SOC_rcmR5SS0TriggerReset                 
70012db1  SemaphoreP_constructMutex                
70012e64  __aeabi_uldivmod                         
70012ec1  Bootloader_profileAddCore                
70012ef1  EDMA_channelToParamMap                   
70012f21  SOC_rcmR5SS1TriggerReset                 
70012f51  ClockP_isActive                          
70012f71  ClockP_usecToTicks                       
70013011  ClockP_Params_init                       
70013031  EDMA_getEventStatusHigh                  
70013051  MCAN_setOpMode                           
70013071  SOC_getSelfCpuClk                        
70013091  SOC_moduleClockEnable                    
700130d1  UART_lld_Transaction_deInit              
70013111  EDMA_getEventStatus                      
7001318c  TI_memcpy_small                          
700131b1  MCAN_getOpMode                           
700131f1  SOC_rcmSetR5Clock                        
70013251  EDMA_isInterruptEnabled                  
70013291  SOC_rcmSetR5ClockSource                  
700132b1  SemaphoreP_Params_init                   
700132d1  System_init                              
700132f1  TimerP_getReloadCountPriv                
70013351  UART_putChar                             
70013368  TI_memset_small                          
70013381  HsmClient_unregister                     
700133a1  MCAN_getTxBufTransmissionStatus          
700133c1  TimerP_startPriv                         
700133e1  TimerP_stopPriv                          
70013461  Bootloader_Params_init                   
70013481  DebugP_uartSetDrvIndex                   
700134c1  HsmClient_SecureBootQueueInit            
70013541  System_deinit                            
70013561  TimerP_clearOverflowIntPriv              
70013581  TimerP_setup                             
700135a1  putchar_                                 
700135c1  HsmClient_unRegister                     
700135e1  Hsmclient_updateBootNotificationRegister 
70013601  Pinmux_init                              
70013621  AddrTranslateP_getLocalAddr              
70013651  ClockP_getTimerCount                     
70013661  ClockP_timerClearOverflowInt             
700136f1  TimerP_Params_init                       
70013701  TimerP_clearOverflowInt                  
70013711  TimerP_getCount                          
70013721  TimerP_getReloadCount                    
70013731  TimerP_start                             
70013751  Bootloader_socCpuResetReleaseSelf        
70013761  Board_driversOpen                        
70013771  Bootloader_socInitL2MailBoxMemory        
70013791  ClockP_getTicks                          
700137a1  Drivers_close                            
700137b1  Drivers_open                             
700137c1  PowerClock_init                          
700137d1  SIPC_getSelfCoreId                       
700137f1  Bootloader_socCpuRelease                 
70013801  Bootloader_socCpuRequest                 
70013811  Bootloader_socGetSBLMem                  
70013831  Keyring_init                             
70013871  Drivers_uartInit                         
70013881  PowerClock_deinit                        
700138c1  SemaphoreP_destruct                      
700138f1  Dpl_deinit                               
70013901  Drivers_mcanClose                        
70013911  Drivers_mcanOpen                         
70013921  TaskP_yield                              
70013931  mcanEnableTransceiver                    
70013941  HwiP_enableInt                           
70013981  HwiP_disableInt                          
700139e1  HwiP_restoreInt                          
70013a11  HwiP_clearInt                            
70013a51  HwiP_post                                
70013a91  HwiP_Params_init                         
70013ac1  HwiP_construct                           
70013cb1  HwiP_destruct                            
70013d21  HwiP_init                                
70013ed1  HwiP_inISR                               
70013f01  HwiP_setVimIrqPriMaskNonAtomic           
70013f51  HwiP_setVimIrqPriMaskAtomic              
70013ff1  HwiP_restoreVimIrqPriMask                
70014001  HwiP_irq_handler_c                       
700141a1  HwiP_fiq_handler                         
70014301  HwiP_reserved_handler                    
70014341  HwiP_undefined_handler_c                 
70014361  HwiP_user_undefined_handler_c            
70014381  HwiP_svc_handler                         
700143c1  HwiP_prefetch_abort_handler_c            
70014461  HwiP_user_prefetch_abort_handler_c       
700144a1  HwiP_data_abort_handler_c                
70014561  HwiP_user_data_abort_handler_c           
7001459c  HwiP_irq_handler                         
70014610  HwiP_data_abort_handler                  
70014654  HwiP_prefetch_abort_handler              
700146a0  HwiP_undefined_handler                   
700146d0  GET_DFSR                                 
700146d8  GET_ADFSR                                
700146e0  GET_DFAR                                 
700146e8  GET_IFSR                                 
700146f0  GET_AIFSR                                
700146f8  GET_IFAR                                 
70014700  GET_SPSR                                 
70014718  HwiP_disable                             
70014728  HwiP_disableFIQ                          
70014738  HwiP_enable                              
70014748  HwiP_enableFIQ                           
70014758  HwiP_restore                             
70014760  HwiP_enableVIC                           
70014770  HwiP_disableVIC                          
70014780  HwiP_getCPSR                             
70014790  CacheP_disableL1d                        
700147b8  CacheP_disableL1p                        
700147d0  CacheP_enableL1d                         
700147e8  CacheP_enableL1p                         
70014800  CacheP_invL1d                            
70014838  CacheP_invL1p                            
70014874  CacheP_invL1dAll                         
7001487c  CacheP_invL1pAll                         
70014884  CacheP_wb                                
700148c0  CacheP_wbInv                             
700148fc  CacheP_wbAll                             
700149a4  CacheP_wbInvAll                          
700149bc  CacheP_wbInvAllAsm                       
70014a5c  CacheP_getEnabled                        
70014a94  CacheP_getCacheLevelInfo                 
70014aa0  CacheP_configForceWrThru                 
70014ac0  CacheP_setDLFO                           
70014ad1  CacheP_init                              
70014b61  CacheP_disable                           
70014bb1  CacheP_enable                            
70014bf1  CacheP_inv                               
70014c31  MpuP_getAttrs                            
70014c91  MpuP_RegionAttrs_init                    
70014cc1  MpuP_setRegion                           
70014d51  MpuP_isEnable                            
70014d61  MpuP_disable                             
70014da1  MpuP_enable                              
70014df1  MpuP_init                                
70014e91  MpuP_isUserAuthorizedToAccessMemory      
70014f70  MpuP_disableAsm                          
70014f88  MpuP_disableBRAsm                        
70014f98  MpuP_enableAsm                           
70014fb0  MpuP_enableBRAsm                         
70014fc0  MpuP_isEnableAsm                         
70014fd4  MpuP_setRegionAsm                        
70014ff0  _c_int00_sbl                             
70015014  _c_int00                                 
70015141  _DebugP_assertNoLog                      
70015171  _system_pre_init                         
700151a1  __mpu_init                               
700151b0  gAddrTranslateInfo                       
700151b0  gEdmaConfig                              
700151b0  gUartDmaHandle                           
70015220  gSIPC_InterruptConfig                    
70015284  gUartParams                              
700152dc  gSIPC_HsmMboxConfig                      
7001532c  gSIPC_SecureHostMboxConfig               
7001537c  gCANMsgsList                             
700153c4  gCoreBootInfo                            
700153f4  gBootloaderConfig                        
70015448  gSocModulesClockFrequency                
7001546c  gMcanBitTimingDefaultParams              
700154a4  gBootloaderMemFxns                       
700154bc  gClockConfig                             
7001560c  gResMemSection                           
70015634  gSocModules                              
70015640  gBootloader0Args                         
70015648  gSIPC_QueHsmToSecureHost                 
70015650  gSIPC_QueSecureHostToHsm                 
70015660  gUartConfig                              
70015668  operatingMode                            
7001567c  gBootloaderConfigNum                     
70015680  gDebugLogZone                            
70015684  gDebugP_uartDrvIndex                     
70015688  gEdmaConfigNum                           
7001568c  gHsmRtDownloadComplete                   
70015690  gHsmrtLoadStatus                         
70015694  gHwiConfig                               
700156a8  gR5ss0Core1ImagePresent                  
700156ac  gR5ss0MemInitDone                        
700156b0  gR5ss1Core1ImagePresent                  
700156b4  gR5ss1MemInitDone                        
700156b8  gR5ss1PORDone                            
700156c0  gStreamId                                
700156c4  gUartConfigNum                           
700156c8  gUartDmaChConfig                         
700156d0  ptrMSSCtrlRegs                           
700156d4  ptrTopCtrlRegs                           
700156d8  vec_size                                 
700156dc  vector_table_loc                         
700156e0  isMapAvailable                           
700158e8  gCacheConfig                             
700158f0  gMpuConfig                               
700158fc  gMpuRegionConfig                         
70015a00  gADPLLJConfigTbl                         
7001652e  gPeripheralClkSrcInfoMap                 
7001693e  gCR5ClkSrcInfoMap                        
70016948  gPLLFreqId2FOutMap                       
70016950  gXTALInfo                                
700169c8  gCacheL1dCacheLineSize                   
700169cc  gCacheL1pCacheLineSize                   
70016a00  __BSS_START                              
70016a00  gPHTBuffer                               
70024a80  gX509Cert                                
70025a80  gHwiCtrl                                 
70026290  gQueue_HsmToSecureHost                   
700265d0  gQueue_SecureHostToHsm                   
70026910  gHsmClientMsgQueue                       
70026c50  gHSMClient                               
70026c80  vec_addrs                                
70026f80  gNoteSegBuffer                           
70027200  gSecureBootStreamArray                   
700275f0  gProfileObj                              
70027708  grxMsg                                   
70027770  virtToPhymap                             
70027780  gElfHBuffer                              
70027800  gtxMsg                                   
70027864  gSIPC_ctrl                               
700278a8  gClockCtrl                               
700278c8  gMcanBaseAddr                            
700278cc  gRunApp                                  
700278d0  gUartHandle                              
70027900  __BSS_END                                
70027900  __stack                                  
7002b900  __IRQ_STACK_START                        
7002b900  __STACK_END                              
7002c900  __FIQ_STACK_START                        
7002c900  __IRQ_STACK_END                          
7002ca00  __FIQ_STACK_END                          
7002ca00  __SVC_STACK_START                        
7002da00  __ABORT_STACK_START                      
7002da00  __SVC_STACK_END                          
7002db00  __ABORT_STACK_END                        
7002db00  __UNDEFINED_STACK_START                  
7002dc00  __UNDEFINED_STACK_END                    
70047000  gHsmRtFw                                 
70090000  gAppImageBuf                             
ffffffff  __TI_pprof_out_hndl                      
ffffffff  __TI_prof_data_size                      
ffffffff  __TI_prof_data_start                     
ffffffff  __binit__                                
ffffffff  binit                                    
UNDEFED   __TI_CINIT_Base                          
UNDEFED   __TI_CINIT_Limit                         
UNDEFED   __TI_Handler_Table_Base                  
UNDEFED   __TI_Handler_Table_Limit                 
UNDEFED   _system_post_cinit                       

[503 symbols]
