******************************************************************************
            TI ARM Clang Linker Unix v4.0.3                    
******************************************************************************
>> Linked Mon Sep 15 15:34:37 2025

OUTPUT FILE NAME:   <sbl_null.debug.out>
ENTRY POINT SYMBOL: "_vectors"  address: 00000000


MEMORY CONFIGURATION

         name            origin    length      used     unused   attr    fill
----------------------  --------  ---------  --------  --------  ----  --------
  R5F_VECS              00000000   00000100  00000040  000000c0  RWIX
  R5F_TCMA              00000100   00007f00  00000000  00007f00  RWIX
  R5F_TCMB0             00080000   00008000  00000000  00008000  RWIX
  MAILBOX_HSM           44000000   000003ce  00000340  0000008e  RWIX
  MAILBOX_R5F           44000400   000003ce  00000340  0000008e  RWIX
  MSRAM_VECS            70002000   00000100  00000040  000000c0  RWIX
  MSRAM_0               70002100   00025700  00015d00  0000fa00  RWIX
  MSRAM_HSMRT           70027800   00040000  0000a3f4  00035c0c  RWIX


SEGMENT ALLOCATION MAP

run origin  load origin   length   init length attrs members
----------  ----------- ---------- ----------- ----- -------
00000000    70002000    00000040   00000040    r-x
  00000000    70002000    00000040   00000040    r-x .sbl_init_code
70002100    70002100    0000e8d0   0000e8d0    r-x
  70002100    70002100    0000d060   0000d060    r-x .text
  7000f160    7000f160    00000e50   00000e50    r-x .text.hwi
  7000ffb0    7000ffb0    000004a0   000004a0    r-x .text.cache
  70010450    70010450    000003c0   000003c0    r-x .text.mpu
  70010810    70010810    000001c0   000001c0    r-x .text.boot
700109d0    700109d0    000004a0   000004a0    rw-
  700109d0    700109d0    000004a0   000004a0    rw- .data
70010e70    70010e70    00001010   00001010    r--
  70010e70    70010e70    00001010   00001010    r-- .rodata
70011e80    70011e80    00005f80   00000000    rw-
  70011e80    70011e80    00004000   00000000    rw- .stack
  70015e80    70015e80    00000b80   00000000    rw- .bss
  70016a00    70016a00    00001000   00000000    rw- .irqstack
  70017a00    70017a00    00000100   00000000    rw- .fiqstack
  70017b00    70017b00    00000100   00000000    rw- .svcstack
  70017c00    70017c00    00000100   00000000    rw- .abortstack
  70017d00    70017d00    00000100   00000000    rw- .undefinedstack
70027800    70027800    0000a3f4   0000a3f4    r--
  70027800    70027800    0000a3f4   0000a3f4    r-- .rodata.hsmrt


SECTION ALLOCATION MAP

 output                                  attributes/
section   page    origin      length       input sections
--------  ----  ----------  ----------   ----------------
.bss.sipc_hsm_queue_mem 
*          0    44000000    00000340     NOLOAD SECTION
                  44000000    00000340     ti_drivers_config.obj (.bss.sipc_hsm_queue_mem)

.bss.sipc_secure_host_queue_mem 
*          0    44000400    00000340     NOLOAD SECTION
                  44000400    00000340     ti_drivers_config.obj (.bss.sipc_secure_host_queue_mem)

.sbl_init_code 
*          0    70002000    00000040     RUN ADDR = 00000000
                  70002000    00000040     nortos.am263x.r5f.ti-arm-clang.debug.lib : HwiP_armv7r_vectors_nortos_asm.obj (.vectors)

.text      0    70002100    0000d060     
                  70002100    00000a34     nortos.am263x.r5f.ti-arm-clang.debug.lib : printf.obj (.text._vsnprintf)
                  70002b34    0000000c     libclang_rt.builtins.a : aeabi_memset.S.obj (.text.__aeabi_memclr)
                  70002b40    000005e2     nortos.am263x.r5f.ti-arm-clang.debug.lib : printf.obj (.text._ftoa)
                  70003122    00000002     --HOLE-- [fill = 0]
                  70003124    0000000c                                              : CpuId_armv7r_asm.obj (.text)
                  70003130    0000056e     drivers.am263x.r5f.ti-arm-clang.nortos.debug.lib : soc_rcm.obj (.text.SOC_rcmGetClkSrcAndDivReg)
                  7000369e    00000002     --HOLE-- [fill = 0]
                  700036a0    00000546                                                      : soc_rcm.obj (.text.SOC_rcmEnablePeripheralClock)
                  70003be6    00000002     --HOLE-- [fill = 0]
                  70003be8    00000008     libsysbm.a : hostexit.c.obj (.text.HOSTexit)
                  70003bf0    000004b0     nortos.am263x.r5f.ti-arm-clang.debug.lib : printf.obj (.text._etoa)
                  700040a0    00000400     drivers.am263x.r5f.ti-arm-clang.nortos.debug.lib : uart_v0.obj (.text.UART_open)
                  700044a0    000003c2                                                      : soc.obj (.text.SOC_phyToVirt)
                  70004862    00000002     --HOLE-- [fill = 0]
                  70004864    00000008     libc.a : exit.c.obj (.text:abort)
                  7000486c    00000004     libclang_rt.builtins.a : aeabi_div0.c.obj (.text.__aeabi_ldiv0)
                  70004870    000002f2     drivers.am263x.r5f.ti-arm-clang.nortos.debug.lib : soc.obj (.text.SOC_virtToPhy)
                  70004b62    00000002     --HOLE-- [fill = 0]
                  70004b64    00000004     libclang_rt.builtins.a : aeabi_memcpy.S.obj (.text.__aeabi_memcpy)
                  70004b68    00000008     --HOLE-- [fill = 0]
                  70004b70    0000027e     drivers.am263x.r5f.ti-arm-clang.nortos.debug.lib : uart_dma_edma.obj (.text.UART_edmaChInit)
                  70004dee    00000002     --HOLE-- [fill = 0]
                  70004df0    00000264                                                      : soc_rcm.obj (.text.SOC_rcmPerApllConfig)
                  70005054    0000000c     --HOLE-- [fill = 0]
                  70005060    00000250                                                      : edma.obj (.text.Alloc_resource)
                  700052b0    0000024a                                                      : soc_rcm.obj (.text.SOC_rcmCoreApllHSDivConfig)
                  700054fa    00000006     --HOLE-- [fill = 0]
                  70005500    00000242                                                      : uart_v0_lld.obj (.text.UART_fifoConfig)
                  70005742    0000000e     --HOLE-- [fill = 0]
                  70005750    0000023e     nortos.am263x.r5f.ti-arm-clang.debug.lib : printf.obj (.text._ntoa_format)
                  7000598e    00000002     --HOLE-- [fill = 0]
                  70005990    00000226     drivers.am263x.r5f.ti-arm-clang.nortos.debug.lib : uart_dma_edma.obj (.text.UART_lld_dmaDeInit)
                  70005bb6    0000000a     --HOLE-- [fill = 0]
                  70005bc0    00000220                                                      : bootloader_profile.obj (.text.Bootloader_profilePrintProfileLog)
                  70005de0    00000206     security.am263x.r5f.ti-arm-clang.nortos.debug.lib : sipc_notify_src.obj (.text.SIPC_init)
                  70005fe6    0000000a     --HOLE-- [fill = 0]
                  70005ff0    000001de     main.obj (.text.main)
                  700061ce    00000002     --HOLE-- [fill = 0]
                  700061d0    000001d6     nortos.am263x.r5f.ti-arm-clang.debug.lib : TimerP_rti_priv.obj (.text.TimerP_setupPriv)
                  700063a6    0000000a     --HOLE-- [fill = 0]
                  700063b0    000001be     security.am263x.r5f.ti-arm-clang.nortos.debug.lib : sipc_notify_src.obj (.text.SIPC_setMboxConfig)
                  7000656e    00000002     --HOLE-- [fill = 0]
                  70006570    000001aa     drivers.am263x.r5f.ti-arm-clang.nortos.debug.lib : uart_dma_edma.obj (.text.UART_lld_dmaWrite)
                  7000671a    00000006     --HOLE-- [fill = 0]
                  70006720    000001a8                                                      : uart_v0.obj (.text.UART_close)
                  700068c8    00000008     --HOLE-- [fill = 0]
                  700068d0    0000019e                                                      : uart_v0.obj (.text.UART_write)
                  70006a6e    00000002     --HOLE-- [fill = 0]
                  70006a70    00000198                                                      : uart_v0_lld.obj (.text.UART_lld_controllerIsr)
                  70006c08    00000008     --HOLE-- [fill = 0]
                  70006c10    00000186     security.am263x.r5f.ti-arm-clang.nortos.debug.lib : hsmclient_loadhsmrt.obj (.text.Hsmclient_loadHSMRtFirmware)
                  70006d96    0000000a     --HOLE-- [fill = 0]
                  70006da0    0000016a                                                       : hsmclient.obj (.text.HsmClient_isr)
                  70006f0a    00000006     --HOLE-- [fill = 0]
                  70006f10    00000162     drivers.am263x.r5f.ti-arm-clang.nortos.debug.lib : edma.obj (.text.EDMA_unregisterIntr)
                  70007072    0000000e     --HOLE-- [fill = 0]
                  70007080    00000158                                                      : soc.obj (.text.SOC_controlModuleUnlockMMR)
                  700071d8    00000008     --HOLE-- [fill = 0]
                  700071e0    00000152                                                      : uart_v0_lld.obj (.text.UART_lld_initDma)
                  70007332    0000000e     --HOLE-- [fill = 0]
                  70007340    0000014e                                                      : soc_rcm.obj (.text.SOC_rcmGetPeripheralClockFrequency)
                  7000748e    00000002     --HOLE-- [fill = 0]
                  70007490    00000144                                                      : bootloader_soc.obj (.text.Bootloader_socCpuPowerOnReset)
                  700075d4    0000000c     --HOLE-- [fill = 0]
                  700075e0    0000013a                                                      : edma.obj (.text.EDMA_isDmaChannelAllocated)
                  7000771a    00000006     --HOLE-- [fill = 0]
                  70007720    00000138     nortos.am263x.r5f.ti-arm-clang.debug.lib : printf.obj (.text._ntoa_long_long)
                  70007858    00000008     --HOLE-- [fill = 0]
                  70007860    00000136                                              : ClockP_nortos_r5.obj (.text.ClockP_init)
                  70007996    0000000a     --HOLE-- [fill = 0]
                  700079a0    00000136     drivers.am263x.r5f.ti-arm-clang.nortos.debug.lib : uart_v0_lld.obj (.text.UART_procLineStatusErr)
                  70007ad6    0000000a     --HOLE-- [fill = 0]
                  70007ae0    00000134                                                      : edma.obj (.text.EDMA_registerIntr)
                  70007c14    0000000c     --HOLE-- [fill = 0]
                  70007c20    00000134                                                      : uart_v0_lld.obj (.text.UART_writePolling)
                  70007d54    0000000c     --HOLE-- [fill = 0]
                  70007d60    0000012c                                                      : uart_v0_lld.obj (.text.UART_lld_init)
                  70007e8c    00000004     --HOLE-- [fill = 0]
                  70007e90    00000128                                                      : bootloader_hsmRt_load.obj (.text.Bootloader_socLoadHsmRtFw)
                  70007fb8    00000008     --HOLE-- [fill = 0]
                  70007fc0    00000126                                                      : soc.obj (.text.SOC_controlModuleLockMMR)
                  700080e6    0000000a     --HOLE-- [fill = 0]
                  700080f0    00000122                                                      : bootloader.obj (.text.Bootloader_rprcImageLoad)
                  70008212    0000000e     --HOLE-- [fill = 0]
                  70008220    0000011c                                                      : uart_dma_edma.obj (.text.UART_lld_dmaRead)
                  7000833c    00000118     libclang_rt.builtins.a : udivmoddi4.S.obj (.text)
                  70008454    0000000c     --HOLE-- [fill = 0]
                  70008460    00000116     drivers.am263x.r5f.ti-arm-clang.nortos.debug.lib : edma.obj (.text.EDMA_isTccAllocated)
                  70008576    0000000a     --HOLE-- [fill = 0]
                  70008580    00000116                                                      : uart_v0_lld.obj (.text.UART_divisorLatchWrite)
                  70008696    0000000a     --HOLE-- [fill = 0]
                  700086a0    00000114     nortos.am263x.r5f.ti-arm-clang.debug.lib : printf.obj (.text._ntoa_long)
                  700087b4    0000000c     --HOLE-- [fill = 0]
                  700087c0    0000010e     drivers.am263x.r5f.ti-arm-clang.nortos.debug.lib : bootloader.obj (.text.Bootloader_loadSelfCpu)
                  700088ce    00000002     --HOLE-- [fill = 0]
                  700088d0    0000010e                                                      : soc_rcm.obj (.text.SOC_rcmADPLLJGetFOut)
                  700089de    00000002     --HOLE-- [fill = 0]
                  700089e0    00000104                                                      : soc_rcm.obj (.text.SOC_rcmConfigurePllPer)
                  70008ae4    0000000c     --HOLE-- [fill = 0]
                  70008af0    00000104                                                      : uart_v0_lld.obj (.text.UART_configInstance)
                  70008bf4    0000000c     --HOLE-- [fill = 0]
                  70008c00    00000102     nortos.am263x.r5f.ti-arm-clang.debug.lib : SemaphoreP_nortos.obj (.text.SemaphoreP_pend)
                  70008d02    0000000e     --HOLE-- [fill = 0]
                  70008d10    000000fa     drivers.am263x.r5f.ti-arm-clang.nortos.debug.lib : soc_rcm.obj (.text.SOC_rcmsetR5SysClock)
                  70008e0a    00000006     --HOLE-- [fill = 0]
                  70008e10    000000f8                                                      : soc_rcm.obj (.text.SOC_rcmCoreApllConfig)
                  70008f08    00000008     --HOLE-- [fill = 0]
                  70008f10    000000f6     security.am263x.r5f.ti-arm-clang.nortos.debug.lib : sipc_notify_src.obj (.text.SIPC_isr)
                  70009006    0000000a     --HOLE-- [fill = 0]
                  70009010    000000f2     drivers.am263x.r5f.ti-arm-clang.nortos.debug.lib : soc_rcm.obj (.text.SOC_rcmConfigurePllCore)
                  70009102    0000000e     --HOLE-- [fill = 0]
                  70009110    000000e6                                                      : soc_rcm.obj (.text.SOC_rcmGetCoreFout)
                  700091f6    0000000a     --HOLE-- [fill = 0]
                  70009200    000000e6                                                      : soc_rcm.obj (.text.SOC_rcmGetPerFout)
                  700092e6    0000000a     --HOLE-- [fill = 0]
                  700092f0    000000e4                                                      : edma.obj (.text.EDMA_freeChannelRegion)
                  700093d4    0000000c     --HOLE-- [fill = 0]
                  700093e0    000000e2                                                      : edma.obj (.text.EDMA_freeParam)
                  700094c2    0000000e     --HOLE-- [fill = 0]
                  700094d0    000000e0                                                      : edma.obj (.text.EDMA_freeDmaChannel)
                  700095b0    000000e0                                                      : edma.obj (.text.EDMA_freeTcc)
                  70009690    000000de                                                      : uart_v0_lld.obj (.text.UART_intrEnable)
                  7000976e    00000002     --HOLE-- [fill = 0]
                  70009770    000000da                                                      : uart_v0_lld.obj (.text.UART_intrDisable)
                  7000984a    00000006     --HOLE-- [fill = 0]
                  70009850    000000d6                                                      : soc_rcm.obj (.text.SOC_rcmSetPeripheralClock)
                  70009926    0000000a     --HOLE-- [fill = 0]
                  70009930    000000d2                                                      : uart_v0_lld.obj (.text.UART_lld_write)
                  70009a02    0000000e     --HOLE-- [fill = 0]
                  70009a10    000000d0                                                      : soc_rcm.obj (.text.SOC_rcmStartMemInitTCMA)
                  70009ae0    000000d0                                                      : soc_rcm.obj (.text.SOC_rcmStartMemInitTCMB)
                  70009bb0    000000d0                                                      : soc_rcm.obj (.text.SOC_rcmWaitMemInitTCMA)
                  70009c80    000000d0                                                      : soc_rcm.obj (.text.SOC_rcmWaitMemInitTCMB)
                  70009d50    000000ce                                                      : edma.obj (.text.EDMA_disableChInShadowRegRegion)
                  70009e1e    00000002     --HOLE-- [fill = 0]
                  70009e20    000000ce                                                      : uart_v0_lld.obj (.text.UART_lld_writeDma)
                  70009eee    00000002     --HOLE-- [fill = 0]
                  70009ef0    000000cc                                                      : edma.obj (.text.EDMA_enableChInShadowRegRegion)
                  70009fbc    00000004     --HOLE-- [fill = 0]
                  70009fc0    000000c6                                                      : uart_v0_lld.obj (.text.UART_lld_writeIntr)
                  7000a086    0000000a     --HOLE-- [fill = 0]
                  7000a090    000000c4                                                      : edma.obj (.text.EDMA_mapChToEvtQ)
                  7000a154    0000000c     --HOLE-- [fill = 0]
                  7000a160    000000c0                                                      : edma.obj (.text.EDMA_configureChannelRegion)
                  7000a220    000000c0                                                      : soc_rcm.obj (.text.SOC_rcmGetPerHSDivOut)
                  7000a2e0    000000c0                                                      : uart_v0.obj (.text.UART_flushTxFifo)
                  7000a3a0    000000c0     nortos.am263x.r5f.ti-arm-clang.debug.lib : printf.obj (.text._out_rev)
                  7000a460    000000be                                              : ClockP_nortos.obj (.text.ClockP_timerTickIsr)
                  7000a51e    00000002     --HOLE-- [fill = 0]
                  7000a520    000000ba                                              : ClockP_nortos.obj (.text.ClockP_stop)
                  7000a5da    00000006     --HOLE-- [fill = 0]
                  7000a5e0    000000ba                                              : PmuP_armv7r.obj (.text.pmu)
                  7000a69a    00000006     --HOLE-- [fill = 0]
                  7000a6a0    000000b6     drivers.am263x.r5f.ti-arm-clang.nortos.debug.lib : uart_v0_lld.obj (.text.UART_fifoWrite)
                  7000a756    0000000a     --HOLE-- [fill = 0]
                  7000a760    000000b2                                                      : soc_rcm.obj (.text.SOC_rcmProgPllCoreDivider)
                  7000a812    0000000e     --HOLE-- [fill = 0]
                  7000a820    000000b2                                                      : soc_rcm.obj (.text.SOC_rcmR5ConfigDualCore)
                  7000a8d2    0000000e     --HOLE-- [fill = 0]
                  7000a8e0    000000b0                                                      : uart_v0.obj (.text.UART_init)
                  7000a990    000000ac     ti_drivers_config.obj (.text.HsmClient_config)
                  7000aa3c    00000004     --HOLE-- [fill = 0]
                  7000aa40    000000a8     nortos.am263x.r5f.ti-arm-clang.debug.lib : ClockP_nortos.obj (.text.ClockP_addToList)
                  7000aae8    00000008     --HOLE-- [fill = 0]
                  7000aaf0    000000a8                                              : ClockP_nortos.obj (.text.ClockP_destruct)
                  7000ab98    00000008     --HOLE-- [fill = 0]
                  7000aba0    000000a8     ti_drivers_open_close.obj (.text.Drivers_uartOpen)
                  7000ac48    00000008     --HOLE-- [fill = 0]
                  7000ac50    000000a0     drivers.am263x.r5f.ti-arm-clang.nortos.debug.lib : soc_rcm.obj (.text.SOC_rcmGetCoreHSDivOut)
                  7000acf0    000000a0                                                      : soc_rcm.obj (.text.SOC_rcmProgPllPerDivider)
                  7000ad90    0000009a                                                      : bootloader_soc.obj (.text.Bootloader_socTranslateSectionAddr)
                  7000ae2a    00000006     --HOLE-- [fill = 0]
                  7000ae30    00000096                                                      : bootloader.obj (.text.Bootloader_runCpu)
                  7000aec6    0000000a     --HOLE-- [fill = 0]
                  7000aed0    00000096                                                      : soc_rcm.obj (.text.SOC_rcmGetADPLLJConfig)
                  7000af66    0000000a     --HOLE-- [fill = 0]
                  7000af70    00000096                                                      : uart_v0_lld.obj (.text.UART_subConfigTCRTLRModeEn)
                  7000b006    0000000a     --HOLE-- [fill = 0]
                  7000b010    00000094                                                      : soc_rcm.obj (.text.CSL_TopCtrl_dualCoreSwitchDisableEfuse)
                  7000b0a4    0000000c     --HOLE-- [fill = 0]
                  7000b0b0    00000094     security.am263x.r5f.ti-arm-clang.nortos.debug.lib : sipc_notify_src.obj (.text.SIPC_mailboxRead)
                  7000b144    0000000c     --HOLE-- [fill = 0]
                  7000b150    00000092     drivers.am263x.r5f.ti-arm-clang.nortos.debug.lib : bootloader_soc.obj (.text.Bootloader_socMemInitCpu)
                  7000b1e2    0000000e     --HOLE-- [fill = 0]
                  7000b1f0    00000092     nortos.am263x.r5f.ti-arm-clang.debug.lib : ClockP_nortos.obj (.text.ClockP_getTimeUsec)
                  7000b282    0000000e     --HOLE-- [fill = 0]
                  7000b290    00000092     drivers.am263x.r5f.ti-arm-clang.nortos.debug.lib : edma.obj (.text.EDMA_unmapChToEvtQ)
                  7000b322    0000000e     --HOLE-- [fill = 0]
                  7000b330    00000090     security.am263x.r5f.ti-arm-clang.nortos.debug.lib : hsmclient.obj (.text.HsmClient_register)
                  7000b3c0    0000008c     drivers.am263x.r5f.ti-arm-clang.nortos.debug.lib : bootloader_soc.obj (.text.Bootloader_socSetAutoClock)
                  7000b44c    00000004     --HOLE-- [fill = 0]
                  7000b450    0000008c                                                      : edma.obj (.text.EDMA_disableTransferRegion)
                  7000b4dc    00000004     --HOLE-- [fill = 0]
                  7000b4e0    0000008c                                                      : edma.obj (.text.EDMA_enableTransferRegion)
                  7000b56c    00000004     --HOLE-- [fill = 0]
                  7000b570    0000008c                                                      : uart_v0_lld.obj (.text.UART_writeCancelNoCB)
                  7000b5fc    00000004     --HOLE-- [fill = 0]
                  7000b600    00000088                                                      : uart_dma_edma.obj (.text.UART_edmaIsrRx)
                  7000b688    00000008     --HOLE-- [fill = 0]
                  7000b690    00000088                                                      : uart_dma_edma.obj (.text.UART_edmaIsrTx)
                  7000b718    00000008     --HOLE-- [fill = 0]
                  7000b720    00000086     security.am263x.r5f.ti-arm-clang.nortos.debug.lib : sipc_notify_src.obj (.text.SIPC_getReadSwQ)
                  7000b7a6    0000000a     --HOLE-- [fill = 0]
                  7000b7b0    00000086     drivers.am263x.r5f.ti-arm-clang.nortos.debug.lib : uart_v0_lld.obj (.text.UART_lld_flushTxFifo)
                  7000b836    0000000a     --HOLE-- [fill = 0]
                  7000b840    00000086                                                      : uart_v0_lld.obj (.text.UART_tcrTlrBitValRestore)
                  7000b8c6    0000000a     --HOLE-- [fill = 0]
                  7000b8d0    00000082                                                      : edma.obj (.text.EDMA_allocDmaChannel)
                  7000b952    0000000e     --HOLE-- [fill = 0]
                  7000b960    00000082                                                      : edma.obj (.text.EDMA_allocParam)
                  7000b9e2    0000000e     --HOLE-- [fill = 0]
                  7000b9f0    00000082                                                      : edma.obj (.text.EDMA_allocTcc)
                  7000ba72    0000000e     --HOLE-- [fill = 0]
                  7000ba80    00000082                                                      : edma.obj (.text.EDMA_disableTccInShadowRegRegion)
                  7000bb02    0000000e     --HOLE-- [fill = 0]
                  7000bb10    00000082                                                      : edma.obj (.text.EDMA_enableTccInShadowRegRegion)
                  7000bb92    0000000e     --HOLE-- [fill = 0]
                  7000bba0    00000080                                                      : bootloader_soc.obj (.text.Bootloader_socCpuGetClock)
                  7000bc20    00000080                                                      : uart_v0_lld.obj (.text.UART_moduleReset)
                  7000bca0    0000007e                                                      : soc_rcm.obj (.text.SOC_rcmMemInitL2Memory)
                  7000bd1e    00000002     --HOLE-- [fill = 0]
                  7000bd20    0000007e                                                      : uart_v0_lld.obj (.text.UART_readData)
                  7000bd9e    00000002     --HOLE-- [fill = 0]
                  7000bda0    0000007c     nortos.am263x.r5f.ti-arm-clang.debug.lib : DebugP_log.obj (.text._DebugP_assert)
                  7000be1c    00000004     --HOLE-- [fill = 0]
                  7000be20    0000007a     drivers.am263x.r5f.ti-arm-clang.nortos.debug.lib : soc_rcm.obj (.text.CSL_TopCtrl_dualCoreBootEnableEfuse)
                  7000be9a    00000006     --HOLE-- [fill = 0]
                  7000bea0    0000007a                                                      : uart_v0.obj (.text.UART_Params_init)
                  7000bf1a    00000006     --HOLE-- [fill = 0]
                  7000bf20    00000078                                                      : edma.obj (.text.EDMA_linkChannel)
                  7000bf98    00000008     --HOLE-- [fill = 0]
                  7000bfa0    00000078                                                      : soc_rcm.obj (.text.SOC_rcmR5ConfigLockStep)
                  7000c018    00000008     --HOLE-- [fill = 0]
                  7000c020    00000074                                                      : uart_v0_lld.obj (.text.UART_IsBaseAddrValid)
                  7000c094    0000000c     --HOLE-- [fill = 0]
                  7000c0a0    00000072                                                      : edma.obj (.text.EDMA_clrMissEvtRegion)
                  7000c112    0000000e     --HOLE-- [fill = 0]
                  7000c120    00000072                                                      : soc_rcm.obj (.text.SOC_rcmCoreR5FUnhalt)
                  7000c192    0000000e     --HOLE-- [fill = 0]
                  7000c1a0    0000006e                                                      : bootloader.obj (.text.Bootloader_open)
                  7000c20e    00000002     --HOLE-- [fill = 0]
                  7000c210    0000006c                                                      : bootloader.obj (.text.Bootloader_bootSelfCpu)
                  7000c27c    00000004     --HOLE-- [fill = 0]
                  7000c280    0000006c     security.am263x.r5f.ti-arm-clang.nortos.debug.lib : sipc_notify_src.obj (.text.SIPC_getReadMailbox)
                  7000c2ec    00000004     --HOLE-- [fill = 0]
                  7000c2f0    0000006c                                                       : sipc_notify_src.obj (.text.SIPC_getReadMailboxClear)
                  7000c35c    00000004     --HOLE-- [fill = 0]
                  7000c360    0000006c                                                       : sipc_notify_src.obj (.text.SIPC_registerClient)
                  7000c3cc    00000004     --HOLE-- [fill = 0]
                  7000c3d0    00000068     drivers.am263x.r5f.ti-arm-clang.nortos.debug.lib : bootloader.obj (.text.Bootloader_loadCpu)
                  7000c438    00000008     --HOLE-- [fill = 0]
                  7000c440    00000068                                                      : edma.obj (.text.EDMA_getBaseAddr)
                  7000c4a8    00000008     --HOLE-- [fill = 0]
                  7000c4b0    00000068                                                      : uart_v0_lld.obj (.text.UART_divisorValCompute)
                  7000c518    00000008     --HOLE-- [fill = 0]
                  7000c520    00000066                                                      : soc_rcm.obj (.text.SOC_rcmR5SS0PowerOnReset)
                  7000c586    0000000a     --HOLE-- [fill = 0]
                  7000c590    00000066                                                      : soc_rcm.obj (.text.SOC_rcmR5SS1PowerOnReset)
                  7000c5f6    0000000a     --HOLE-- [fill = 0]
                  7000c600    00000064                                                      : soc_rcm.obj (.text.SOC_rcmGetR5Clock)
                  7000c664    0000000c     --HOLE-- [fill = 0]
                  7000c670    00000064                                                      : soc_rcm.obj (.text.SOC_rcmIsR5FInLockStepMode)
                  7000c6d4    0000000c     --HOLE-- [fill = 0]
                  7000c6e0    00000064                                                      : uart_v0_lld.obj (.text.UART_fifoRegisterWrite)
                  7000c744    0000000c     --HOLE-- [fill = 0]
                  7000c750    00000064                                                      : uart_v0_lld.obj (.text.UART_lld_deInitDma)
                  7000c7b4    0000000c     --HOLE-- [fill = 0]
                  7000c7c0    00000062                                                      : soc_rcm.obj (.text.SOC_rcmInsert16)
                  7000c822    0000000e     --HOLE-- [fill = 0]
                  7000c830    00000062                                                      : soc_rcm.obj (.text.SOC_rcmInsert8)
                  7000c892    0000000e     --HOLE-- [fill = 0]
                  7000c8a0    00000062     nortos.am263x.r5f.ti-arm-clang.debug.lib : SemaphoreP_nortos.obj (.text.SemaphoreP_post)
                  7000c902    0000000e     --HOLE-- [fill = 0]
                  7000c910    00000060     drivers.am263x.r5f.ti-arm-clang.nortos.debug.lib : uart_v0_lld.obj (.text.UART_getChar)
                  7000c970    00000060                                                      : uart_v0_lld.obj (.text.UART_writeData)
                  7000c9d0    0000005e                                                      : soc_rcm.obj (.text.SOC_rcmInsert32)
                  7000ca2e    00000002     --HOLE-- [fill = 0]
                  7000ca30    0000005c     ti_power_clock_config.obj (.text.Module_clockSetFrequency)
                  7000ca8c    00000004     --HOLE-- [fill = 0]
                  7000ca90    0000005c     drivers.am263x.r5f.ti-arm-clang.nortos.debug.lib : uart_v0_lld.obj (.text.UART_lld_deInit)
                  7000caec    00000004     --HOLE-- [fill = 0]
                  7000caf0    0000005a     security.am263x.r5f.ti-arm-clang.nortos.debug.lib : hsmclient_wait_for_boot_notify.obj (.text.HsmClient_waitForBootNotify)
                  7000cb4a    00000006     --HOLE-- [fill = 0]
                  7000cb50    0000005a     drivers.am263x.r5f.ti-arm-clang.nortos.debug.lib : uart_dma_edma.obj (.text.UART_lld_dmaDisableChannel)
                  7000cbaa    00000006     --HOLE-- [fill = 0]
                  7000cbb0    0000005a                                                      : uart_v0_lld.obj (.text.UART_regConfigModeEnable)
                  7000cc0a    00000006     --HOLE-- [fill = 0]
                  7000cc10    00000058     ti_clocktree_pll_config.obj (.text.Bootloader_socConfigurePll)
                  7000cc68    00000008     --HOLE-- [fill = 0]
                  7000cc70    00000058     security.am263x.r5f.ti-arm-clang.nortos.debug.lib : hsmclient_loadhsmrt.obj (.text.Hsmclient_mboxRxISR)
                  7000ccc8    00000008     --HOLE-- [fill = 0]
                  7000ccd0    00000058     drivers.am263x.r5f.ti-arm-clang.nortos.debug.lib : uart_v0.obj (.text.UART_getHandle)
                  7000cd28    00000008     --HOLE-- [fill = 0]
                  7000cd30    00000056                                                      : bootloader.obj (.text.Bootloader_BootImageInfo_init)
                  7000cd86    0000000a     --HOLE-- [fill = 0]
                  7000cd90    00000056                                                      : uart_v0.obj (.text.UART_lld_readCompleteCallback)
                  7000cde6    0000000a     --HOLE-- [fill = 0]
                  7000cdf0    00000056                                                      : uart_v0.obj (.text.UART_lld_writeCompleteCallback)
                  7000ce46    0000000a     --HOLE-- [fill = 0]
                  7000ce50    00000054                                                      : edma.obj (.text.EDMA_setPaRAM)
                  7000cea4    0000000c     --HOLE-- [fill = 0]
                  7000ceb0    00000054     security.am263x.r5f.ti-arm-clang.nortos.debug.lib : hsmclient_loadhsmrt.obj (.text.Hsmclient_computeIPCChecksum)
                  7000cf04    0000000c     --HOLE-- [fill = 0]
                  7000cf10    00000054     drivers.am263x.r5f.ti-arm-clang.nortos.debug.lib : soc_rcm.obj (.text.SOC_rcmGetModuleClkDivVal)
                  7000cf64    0000000c     --HOLE-- [fill = 0]
                  7000cf70    00000054                                                      : uart_v0_lld.obj (.text.UART_OperModeValid)
                  7000cfc4    00000054     libc.a : autoinit.c.obj (.text:__TI_auto_init_nobinit_nopinit)
                  7000d018    00000008     --HOLE-- [fill = 0]
                  7000d020    00000052     security.am263x.r5f.ti-arm-clang.nortos.debug.lib : sipc_notify_cfg.obj (.text.SIPC_Register_Isr)
                  7000d072    0000000e     --HOLE-- [fill = 0]
                  7000d080    00000052     drivers.am263x.r5f.ti-arm-clang.nortos.debug.lib : soc_rcm.obj (.text.SOC_rcmCoreApllRelockPreRequisite)
                  7000d0d2    0000000e     --HOLE-- [fill = 0]
                  7000d0e0    00000050     ti_drivers_open_close.obj (.text.Drivers_uartClose)
                  7000d130    00000050     drivers.am263x.r5f.ti-arm-clang.nortos.debug.lib : pinmux.obj (.text.Pinmux_config)
                  7000d180    00000050                                                      : uart_v0_lld.obj (.text.UART_checkCharsAvailInFifo)
                  7000d1d0    0000004e                                                      : edma.obj (.text.EDMA_clrEvtRegion)
                  7000d21e    00000002     --HOLE-- [fill = 0]
                  7000d220    0000004e                                                      : edma.obj (.text.EDMA_disableDmaEvtRegion)
                  7000d26e    00000002     --HOLE-- [fill = 0]
                  7000d270    0000004e                                                      : edma.obj (.text.EDMA_disableEvtIntrRegion)
                  7000d2be    00000002     --HOLE-- [fill = 0]
                  7000d2c0    0000004e                                                      : edma.obj (.text.EDMA_enableDmaEvtRegion)
                  7000d30e    00000002     --HOLE-- [fill = 0]
                  7000d310    0000004e                                                      : edma.obj (.text.EDMA_enableEvtIntrRegion)
                  7000d35e    00000002     --HOLE-- [fill = 0]
                  7000d360    0000004e                                                      : edma.obj (.text.EDMA_setEvtRegion)
                  7000d3ae    00000002     --HOLE-- [fill = 0]
                  7000d3b0    0000004c     nortos.am263x.r5f.ti-arm-clang.debug.lib : ClockP_nortos.obj (.text.ClockP_construct)
                  7000d3fc    00000004     --HOLE-- [fill = 0]
                  7000d400    0000004c     drivers.am263x.r5f.ti-arm-clang.nortos.debug.lib : edma.obj (.text.EDMA_ccPaRAMEntry_init)
                  7000d44c    00000004     --HOLE-- [fill = 0]
                  7000d450    0000004c                                                      : edma.obj (.text.EDMA_mapQdmaChToPaRAM)
                  7000d49c    00000004     --HOLE-- [fill = 0]
                  7000d4a0    0000004c                                                      : edma.obj (.text.EDMA_readEventStatusRegion)
                  7000d4ec    00000004     --HOLE-- [fill = 0]
                  7000d4f0    0000004c     ti_power_clock_config.obj (.text.Module_clockDisable)
                  7000d53c    00000004     --HOLE-- [fill = 0]
                  7000d540    0000004c     ti_power_clock_config.obj (.text.Module_clockEnable)
                  7000d58c    00000004     --HOLE-- [fill = 0]
                  7000d590    0000004a     drivers.am263x.r5f.ti-arm-clang.nortos.debug.lib : bootloader_profile.obj (.text.Bootloader_profileAddProfilePoint)
                  7000d5da    00000006     --HOLE-- [fill = 0]
                  7000d5e0    0000004a     ti_dpl_config.obj (.text.Dpl_init)
                  7000d62a    00000006     --HOLE-- [fill = 0]
                  7000d630    0000004a     drivers.am263x.r5f.ti-arm-clang.nortos.debug.lib : soc_rcm.obj (.text.SOC_rcmGetCR5SysclkInFrequency)
                  7000d67a    00000006     --HOLE-- [fill = 0]
                  7000d680    0000004a                                                      : uart_v0_lld.obj (.text.UART_getIntrIdentityStatus)
                  7000d6ca    00000006     --HOLE-- [fill = 0]
                  7000d6d0    0000004a                                                      : uart_v0_lld.obj (.text.UART_lineCharConfig)
                  7000d71a    00000006     --HOLE-- [fill = 0]
                  7000d720    00000048                                                      : uart_v0_lld.obj (.text.UART_resetModule)
                  7000d768    00000008     --HOLE-- [fill = 0]
                  7000d770    00000046     nortos.am263x.r5f.ti-arm-clang.debug.lib : DebugP_uartLogWriter.obj (.text.DebugP_uartLogWriterPutChar)
                  7000d7b6    0000000a     --HOLE-- [fill = 0]
                  7000d7c0    00000046     drivers.am263x.r5f.ti-arm-clang.nortos.debug.lib : uart_v0_lld.obj (.text.UART_i2310WA)
                  7000d806    0000000a     --HOLE-- [fill = 0]
                  7000d810    00000046                                                      : uart_v0_lld.obj (.text.UART_readLineStatus)
                  7000d856    0000000a     --HOLE-- [fill = 0]
                  7000d860    00000044                                                      : soc_rcm.obj (.text.SBL_rcmIsDualCoreSwitchSupported)
                  7000d8a4    0000000c     --HOLE-- [fill = 0]
                  7000d8b0    00000044     security.am263x.r5f.ti-arm-clang.nortos.debug.lib : sipc_notify_src.obj (.text.SIPC_unregisterClient)
                  7000d8f4    0000000c     --HOLE-- [fill = 0]
                  7000d900    00000044     drivers.am263x.r5f.ti-arm-clang.nortos.debug.lib : soc_rcm.obj (.text.SOC_rcmExtract8)
                  7000d944    0000000c     --HOLE-- [fill = 0]
                  7000d950    00000044                                                      : soc_rcm.obj (.text.SOC_rcmMake16)
                  7000d994    0000000c     --HOLE-- [fill = 0]
                  7000d9a0    00000044                                                      : soc_rcm.obj (.text.SOC_rcmMake8)
                  7000d9e4    0000000c     --HOLE-- [fill = 0]
                  7000d9f0    00000044     nortos.am263x.r5f.ti-arm-clang.debug.lib : SemaphoreP_nortos.obj (.text.SemaphoreP_construct)
                  7000da34    0000000c     --HOLE-- [fill = 0]
                  7000da40    00000044                                              : DebugP_nortos.obj (.text._DebugP_logZone)
                  7000da84    0000000c     --HOLE-- [fill = 0]
                  7000da90    00000044                                              : printf.obj (.text._strnlen_s)
                  7000dad4    0000000c     --HOLE-- [fill = 0]
                  7000dae0    00000042                                              : ClockP_nortos.obj (.text.ClockP_start)
                  7000db22    0000000e     --HOLE-- [fill = 0]
                  7000db30    00000042     drivers.am263x.r5f.ti-arm-clang.nortos.debug.lib : uart_v0.obj (.text.UART_checkOpenParams)
                  7000db72    0000000e     --HOLE-- [fill = 0]
                  7000db80    00000040                                                      : soc_rcm.obj (.text.SOC_rcmMake32)
                  7000dbc0    0000003e                                                      : pinmux.obj (.text.Pinmux_unlockMMR)
                  7000dbfe    00000002     --HOLE-- [fill = 0]
                  7000dc00    0000003e                                                      : uart_v0_lld.obj (.text.UART_IsHWFlowCtrlValid)
                  7000dc3e    00000002     --HOLE-- [fill = 0]
                  7000dc40    0000003e                                                      : uart_v0_lld.obj (.text.UART_spaceAvail)
                  7000dc7e    00000002     --HOLE-- [fill = 0]
                  7000dc80    0000003c                                                      : uart_v0_lld.obj (.text.UART_IsParityTypeValid)
                  7000dcbc    00000004     --HOLE-- [fill = 0]
                  7000dcc0    0000003c                                                      : uart_v0_lld.obj (.text.UART_IsTxRxFifoEmpty)
                  7000dcfc    00000004     --HOLE-- [fill = 0]
                  7000dd00    0000003c                                                      : uart_v0_lld.obj (.text.UART_enhanFuncEnable)
                  7000dd3c    00000004     --HOLE-- [fill = 0]
                  7000dd40    0000003a                                                      : bootloader.obj (.text.Bootloader_rprcImageParseEntryPoint)
                  7000dd7a    00000006     --HOLE-- [fill = 0]
                  7000dd80    0000003a                                                      : soc.obj (.text.SOC_moduleSetClockFrequency)
                  7000ddba    00000006     --HOLE-- [fill = 0]
                  7000ddc0    0000003a     nortos.am263x.r5f.ti-arm-clang.debug.lib : printf.obj (.text._atoi)
                  7000ddfa    00000006     --HOLE-- [fill = 0]
                  7000de00    00000038     drivers.am263x.r5f.ti-arm-clang.nortos.debug.lib : bootloader_soc.obj (.text.Bootloader_socCpuResetRelease)
                  7000de38    00000008     --HOLE-- [fill = 0]
                  7000de40    00000038                                                      : bootloader_mem.obj (.text.Mem_imgRead)
                  7000de78    00000008     --HOLE-- [fill = 0]
                  7000de80    00000038     security.am263x.r5f.ti-arm-clang.nortos.debug.lib : sipc_notify_src.obj (.text.SIPC_Params_init)
                  7000deb8    00000008     --HOLE-- [fill = 0]
                  7000dec0    00000038                                                       : sipc_notify_src.obj (.text.SIPC_getIntrConfig)
                  7000def8    00000008     --HOLE-- [fill = 0]
                  7000df00    00000038     drivers.am263x.r5f.ti-arm-clang.nortos.debug.lib : soc.obj (.text.SOC_getCoreName)
                  7000df38    00000008     --HOLE-- [fill = 0]
                  7000df40    00000038                                                      : uart_v0_lld.obj (.text.UART_writeDataPolling)
                  7000df78    00000038     nortos.am263x.r5f.ti-arm-clang.debug.lib : PmuP_armv7r_asm.obj (.text.pmu)
                  7000dfb0    00000036     drivers.am263x.r5f.ti-arm-clang.nortos.debug.lib : edma.obj (.text.EDMA_getRegionId)
                  7000dfe6    0000000a     --HOLE-- [fill = 0]
                  7000dff0    00000036                                                      : bootloader_mem.obj (.text.Mem_imgOpen)
                  7000e026    0000000a     --HOLE-- [fill = 0]
                  7000e030    00000034                                                      : bootloader.obj (.text.Bootloader_close)
                  7000e064    0000000c     --HOLE-- [fill = 0]
                  7000e070    00000034     security.am263x.r5f.ti-arm-clang.nortos.debug.lib : hsmclient.obj (.text.HsmClient_init)
                  7000e0a4    0000000c     --HOLE-- [fill = 0]
                  7000e0b0    00000034     drivers.am263x.r5f.ti-arm-clang.nortos.debug.lib : pinmux.obj (.text.Pinmux_lockMMR)
                  7000e0e4    0000000c     --HOLE-- [fill = 0]
                  7000e0f0    00000034     nortos.am263x.r5f.ti-arm-clang.debug.lib : TimerP_rti_priv.obj (.text.TimerP_Params_initPriv)
                  7000e124    0000000c     --HOLE-- [fill = 0]
                  7000e130    00000034     drivers.am263x.r5f.ti-arm-clang.nortos.debug.lib : uart_v0_lld.obj (.text.UART_IsDataLengthValid)
                  7000e164    0000000c     --HOLE-- [fill = 0]
                  7000e170    00000034                                                      : uart_v0_lld.obj (.text.UART_checkTransaction)
                  7000e1a4    0000000c     --HOLE-- [fill = 0]
                  7000e1b0    00000032                                                      : bootloader.obj (.text.Bootloader_runSelfCpu)
                  7000e1e2    0000000e     --HOLE-- [fill = 0]
                  7000e1f0    00000032                                                      : uart_v0_lld.obj (.text.HW_WR_FIELD32_RAW)
                  7000e222    0000000e     --HOLE-- [fill = 0]
                  7000e230    00000032     nortos.am263x.r5f.ti-arm-clang.debug.lib : TimerP_rti_priv.obj (.text.TimerP_getCountPriv)
                  7000e262    0000000e     --HOLE-- [fill = 0]
                  7000e270    00000032     drivers.am263x.r5f.ti-arm-clang.nortos.debug.lib : uart_v0_lld.obj (.text.UART_enhanFuncBitValRestore)
                  7000e2a2    0000000e     --HOLE-- [fill = 0]
                  7000e2b0    00000032                                                      : uart_v0_lld.obj (.text.UART_hardwareFlowCtrlOptSet)
                  7000e2e2    0000000e     --HOLE-- [fill = 0]
                  7000e2f0    00000030                                                      : bootloader_profile.obj (.text.Bootloader_profileReset)
                  7000e320    00000030                                                      : uart_v0_lld.obj (.text.UART_flowCtrlTrigLvlConfig)
                  7000e350    0000002e                                                      : bootloader.obj (.text.Bootloader_bootCpu)
                  7000e37e    00000002     --HOLE-- [fill = 0]
                  7000e380    0000002e                                                      : bootloader_soc.obj (.text.Bootloader_socGetCoreName)
                  7000e3ae    00000002     --HOLE-- [fill = 0]
                  7000e3b0    0000002e                                                      : soc_rcm.obj (.text.SOC_rcmMemInitMailboxMemory)
                  7000e3de    00000002     --HOLE-- [fill = 0]
                  7000e3e0    0000002e                                                      : uart_v0.obj (.text.UART_deinit)
                  7000e40e    00000002     --HOLE-- [fill = 0]
                  7000e410    0000002e                                                      : uart_dma_edma.obj (.text.UART_lld_dmaInit)
                  7000e43e    00000002     --HOLE-- [fill = 0]
                  7000e440    0000002e     nortos.am263x.r5f.ti-arm-clang.debug.lib : printf.obj (.text._is_digit)
                  7000e46e    00000002     --HOLE-- [fill = 0]
                  7000e470    0000002c     drivers.am263x.r5f.ti-arm-clang.nortos.debug.lib : bootloader_soc.obj (.text.Bootloader_socCpuGetClkDefault)
                  7000e49c    00000004     --HOLE-- [fill = 0]
                  7000e4a0    0000002c     nortos.am263x.r5f.ti-arm-clang.debug.lib : DebugP_log.obj (.text.DebugP_logZoneEnable)
                  7000e4cc    00000004     --HOLE-- [fill = 0]
                  7000e4d0    0000002c                                              : SemaphoreP_nortos.obj (.text.SemaphoreP_constructBinary)
                  7000e4fc    00000004     --HOLE-- [fill = 0]
                  7000e500    0000002a     drivers.am263x.r5f.ti-arm-clang.nortos.debug.lib : bootloader_soc.obj (.text.Bootloader_socCpuSetClock)
                  7000e52a    00000006     --HOLE-- [fill = 0]
                  7000e530    0000002a                                                      : uart_v0.obj (.text.UART_Transaction_init)
                  7000e55a    00000006     --HOLE-- [fill = 0]
                  7000e560    0000002a                                                      : uart_v0_lld.obj (.text.UART_intr2Disable)
                  7000e58a    00000006     --HOLE-- [fill = 0]
                  7000e590    0000002a                                                      : uart_v0_lld.obj (.text.UART_lld_Transaction_init)
                  7000e5ba    00000006     --HOLE-- [fill = 0]
                  7000e5c0    0000002a                                                      : uart_v0_lld.obj (.text.UART_operatingModeSelect)
                  7000e5ea    00000006     --HOLE-- [fill = 0]
                  7000e5f0    00000028     nortos.am263x.r5f.ti-arm-clang.debug.lib : CpuId_armv7r.obj (.text.CSL_armR5GetCpuID)
                  7000e618    00000008     --HOLE-- [fill = 0]
                  7000e620    00000028                                              : printf.obj (.text.vprintf_)
                  7000e648    00000008     --HOLE-- [fill = 0]
                  7000e650    00000026     drivers.am263x.r5f.ti-arm-clang.nortos.debug.lib : edma.obj (.text.EDMA_disableQdmaEvtRegion)
                  7000e676    0000000a     --HOLE-- [fill = 0]
                  7000e680    00000026                                                      : edma.obj (.text.EDMA_enableQdmaEvtRegion)
                  7000e6a6    0000000a     --HOLE-- [fill = 0]
                  7000e6b0    00000026                                                      : edma.obj (.text.EDMA_validateIntrObject)
                  7000e6d6    0000000a     --HOLE-- [fill = 0]
                  7000e6e0    00000024                                                      : bootloader.obj (.text.Bootloader_CpuInfo_init)
                  7000e704    0000000c     --HOLE-- [fill = 0]
                  7000e710    00000024                                                      : soc_rcm.obj (.text.SOC_rcmR5SS0TriggerReset)
                  7000e734    0000000c     --HOLE-- [fill = 0]
                  7000e740    00000024     nortos.am263x.r5f.ti-arm-clang.debug.lib : SemaphoreP_nortos.obj (.text.SemaphoreP_constructMutex)
                  7000e764    0000000c     --HOLE-- [fill = 0]
                  7000e770    00000024     drivers.am263x.r5f.ti-arm-clang.nortos.debug.lib : uart_v0_lld.obj (.text.UART_IsRxTrigLvlValid)
                  7000e794    0000000c     --HOLE-- [fill = 0]
                  7000e7a0    00000024                                                      : uart_v0_lld.obj (.text.UART_IsStopBitsValid)
                  7000e7c4    0000000c     --HOLE-- [fill = 0]
                  7000e7d0    00000024                                                      : uart_v0_lld.obj (.text.UART_IsTxTrigLvlValid)
                  7000e7f4    00000024     libclang_rt.builtins.a : aeabi_uldivmod.S.obj (.text.__aeabi_uldivmod)
                  7000e818    00000008     --HOLE-- [fill = 0]
                  7000e820    00000024     nortos.am263x.r5f.ti-arm-clang.debug.lib : printf.obj (.text._out_char)
                  7000e844    0000000c     --HOLE-- [fill = 0]
                  7000e850    00000022     drivers.am263x.r5f.ti-arm-clang.nortos.debug.lib : edma.obj (.text.EDMA_channelToParamMap)
                  7000e872    0000000e     --HOLE-- [fill = 0]
                  7000e880    00000022                                                      : soc_rcm.obj (.text.SOC_rcmR5SS1TriggerReset)
                  7000e8a2    0000000e     --HOLE-- [fill = 0]
                  7000e8b0    00000020     nortos.am263x.r5f.ti-arm-clang.debug.lib : ClockP_nortos.obj (.text.ClockP_isActive)
                  7000e8d0    00000020                                              : ClockP_nortos.obj (.text.ClockP_usecToTicks)
                  7000e8f0    00000020     drivers.am263x.r5f.ti-arm-clang.nortos.debug.lib : uart_v0_lld.obj (.text.HW_RD_FIELD32_RAW)
                  7000e910    00000020     security.am263x.r5f.ti-arm-clang.nortos.debug.lib : sipc_notify_src.obj (.text.SIPC_readSelfCoreID)
                  7000e930    0000001e     nortos.am263x.r5f.ti-arm-clang.debug.lib : ClockP_nortos.obj (.text.ClockP_Params_init)
                  7000e94e    00000002     --HOLE-- [fill = 0]
                  7000e950    0000001e     drivers.am263x.r5f.ti-arm-clang.nortos.debug.lib : edma.obj (.text.EDMA_getEventStatusHigh)
                  7000e96e    00000002     --HOLE-- [fill = 0]
                  7000e970    0000001e                                                      : soc.obj (.text.SOC_getSelfCpuClk)
                  7000e98e    00000002     --HOLE-- [fill = 0]
                  7000e990    0000001e                                                      : soc.obj (.text.SOC_moduleClockEnable)
                  7000e9ae    00000002     --HOLE-- [fill = 0]
                  7000e9b0    0000001e                                                      : uart_v0_lld.obj (.text.UART_breakCtl)
                  7000e9ce    00000002     --HOLE-- [fill = 0]
                  7000e9d0    0000001e                                                      : uart_v0_lld.obj (.text.UART_lld_Transaction_deInit)
                  7000e9ee    00000002     --HOLE-- [fill = 0]
                  7000e9f0    0000001e                                                      : uart_v0_lld.obj (.text.UART_writeInterrupt)
                  7000ea0e    00000002     --HOLE-- [fill = 0]
                  7000ea10    0000001c                                                      : edma.obj (.text.EDMA_getEventStatus)
                  7000ea2c    00000004     --HOLE-- [fill = 0]
                  7000ea30    0000001c                                                      : uart_v0_lld.obj (.text.UART_IsParameter)
                  7000ea4c    0000001c     libc.a : memcpy32.S.obj (.text:TI_memcpy_small)
                  7000ea68    00000008     --HOLE-- [fill = 0]
                  7000ea70    0000001a     drivers.am263x.r5f.ti-arm-clang.nortos.debug.lib : soc_rcm.obj (.text.SOC_rcmGetModuleClkDivRegVal)
                  7000ea8a    00000006     --HOLE-- [fill = 0]
                  7000ea90    0000001a                                                      : soc_rcm.obj (.text.SOC_rcmSetR5Clock)
                  7000eaaa    00000006     --HOLE-- [fill = 0]
                  7000eab0    0000001a                                                      : uart_v0_lld.obj (.text.UART_fifoCharGet)
                  7000eaca    00000006     --HOLE-- [fill = 0]
                  7000ead0    0000001a                                                      : uart_v0_lld.obj (.text.UART_timeGuardConfig)
                  7000eaea    00000006     --HOLE-- [fill = 0]
                  7000eaf0    00000018                                                      : edma.obj (.text.EDMA_isInterruptEnabled)
                  7000eb08    00000008     --HOLE-- [fill = 0]
                  7000eb10    00000018     security.am263x.r5f.ti-arm-clang.nortos.debug.lib : sipc_notify_src.obj (.text.SIPC_mailboxClearAllInt)
                  7000eb28    00000008     --HOLE-- [fill = 0]
                  7000eb30    00000018     drivers.am263x.r5f.ti-arm-clang.nortos.debug.lib : soc_rcm.obj (.text.SOC_rcmSetR5ClockSource)
                  7000eb48    00000008     --HOLE-- [fill = 0]
                  7000eb50    00000018     nortos.am263x.r5f.ti-arm-clang.debug.lib : SemaphoreP_nortos.obj (.text.SemaphoreP_Params_init)
                  7000eb68    00000008     --HOLE-- [fill = 0]
                  7000eb70    00000018     ti_drivers_config.obj (.text.System_init)
                  7000eb88    00000008     --HOLE-- [fill = 0]
                  7000eb90    00000018     nortos.am263x.r5f.ti-arm-clang.debug.lib : TimerP_rti_priv.obj (.text.TimerP_getReloadCountPriv)
                  7000eba8    00000008     --HOLE-- [fill = 0]
                  7000ebb0    00000018     drivers.am263x.r5f.ti-arm-clang.nortos.debug.lib : uart_v0_lld.obj (.text.UART_divisorLatchDisable)
                  7000ebc8    00000008     --HOLE-- [fill = 0]
                  7000ebd0    00000018                                                      : uart_v0_lld.obj (.text.UART_modemControlReset)
                  7000ebe8    00000008     --HOLE-- [fill = 0]
                  7000ebf0    00000018                                                      : uart_v0_lld.obj (.text.UART_putChar)
                  7000ec08    00000018     libc.a : memset32.S.obj (.text:TI_memset_small)
                  7000ec20    00000016     security.am263x.r5f.ti-arm-clang.nortos.debug.lib : hsmclient.obj (.text.HsmClient_unregister)
                  7000ec36    0000000a     --HOLE-- [fill = 0]
                  7000ec40    00000016     nortos.am263x.r5f.ti-arm-clang.debug.lib : TimerP_rti_priv.obj (.text.TimerP_startPriv)
                  7000ec56    0000000a     --HOLE-- [fill = 0]
                  7000ec60    00000016                                              : TimerP_rti_priv.obj (.text.TimerP_stopPriv)
                  7000ec76    0000000a     --HOLE-- [fill = 0]
                  7000ec80    00000016     drivers.am263x.r5f.ti-arm-clang.nortos.debug.lib : uart_v0_lld.obj (.text.UART_divideRoundCloset)
                  7000ec96    0000000a     --HOLE-- [fill = 0]
                  7000eca0    00000016                                                      : uart_v0_lld.obj (.text.UART_regConfModeRestore)
                  7000ecb6    0000000a     --HOLE-- [fill = 0]
                  7000ecc0    00000014                                                      : bootloader.obj (.text.Bootloader_Params_init)
                  7000ecd4    0000000c     --HOLE-- [fill = 0]
                  7000ece0    00000014     nortos.am263x.r5f.ti-arm-clang.debug.lib : DebugP_uartLogWriter.obj (.text.DebugP_uartSetDrvIndex)
                  7000ecf4    0000000c     --HOLE-- [fill = 0]
                  7000ed00    00000014     drivers.am263x.r5f.ti-arm-clang.nortos.debug.lib : edma.obj (.text.HW_WR_REG16_RAW)
                  7000ed14    0000000c     --HOLE-- [fill = 0]
                  7000ed20    00000014     security.am263x.r5f.ti-arm-clang.nortos.debug.lib : hsmclient.obj (.text.HsmClient_SecureBootQueueInit)
                  7000ed34    0000000c     --HOLE-- [fill = 0]
                  7000ed40    00000014     drivers.am263x.r5f.ti-arm-clang.nortos.debug.lib : bootloader_mem.obj (.text.Mem_imgSeek)
                  7000ed54    0000000c     --HOLE-- [fill = 0]
                  7000ed60    00000014     security.am263x.r5f.ti-arm-clang.nortos.debug.lib : sipc_notify_src.obj (.text.SIPC_mailboxClearPendingIntr)
                  7000ed74    0000000c     --HOLE-- [fill = 0]
                  7000ed80    00000014     drivers.am263x.r5f.ti-arm-clang.nortos.debug.lib : soc_rcm.obj (.text.SOC_rcmGetModuleClkDivFromRegVal)
                  7000ed94    0000000c     --HOLE-- [fill = 0]
                  7000eda0    00000014     ti_drivers_config.obj (.text.System_deinit)
                  7000edb4    0000000c     --HOLE-- [fill = 0]
                  7000edc0    00000014     nortos.am263x.r5f.ti-arm-clang.debug.lib : TimerP_rti_priv.obj (.text.TimerP_clearOverflowIntPriv)
                  7000edd4    0000000c     --HOLE-- [fill = 0]
                  7000ede0    00000014                                              : TimerP_rti_nortos.obj (.text.TimerP_setup)
                  7000edf4    0000000c     --HOLE-- [fill = 0]
                  7000ee00    00000014     ti_dpl_config.obj (.text.putchar_)
                  7000ee14    0000000c     --HOLE-- [fill = 0]
                  7000ee20    00000012     ti_drivers_config.obj (.text.HsmClient_unRegister)
                  7000ee32    0000000e     --HOLE-- [fill = 0]
                  7000ee40    00000012     security.am263x.r5f.ti-arm-clang.nortos.debug.lib : hsmclient_loadhsmrt.obj (.text.Hsmclient_updateBootNotificationRegister)
                  7000ee52    0000000e     --HOLE-- [fill = 0]
                  7000ee60    00000012     ti_pinmux_config.obj (.text.Pinmux_init)
                  7000ee72    0000000e     --HOLE-- [fill = 0]
                  7000ee80    00000010     nortos.am263x.r5f.ti-arm-clang.debug.lib : AddrTranslateP_null.obj (.text.AddrTranslateP_getLocalAddr)
                  7000ee90    00000010     drivers.am263x.r5f.ti-arm-clang.nortos.debug.lib : pinmux.obj (.text.CSL_REG32_WR_RAW)
                  7000eea0    00000010                                                      : soc.obj (.text.CSL_REG32_WR_RAW)
                  7000eeb0    00000010     nortos.am263x.r5f.ti-arm-clang.debug.lib : ClockP_nortos_r5.obj (.text.ClockP_getTimerCount)
                  7000eec0    00000010                                              : ClockP_nortos_r5.obj (.text.ClockP_timerClearOverflowInt)
                  7000eed0    00000010     drivers.am263x.r5f.ti-arm-clang.nortos.debug.lib : edma.obj (.text.HW_RD_REG32_RAW)
                  7000eee0    00000010                                                      : uart_v0_lld.obj (.text.HW_RD_REG32_RAW)
                  7000eef0    00000010                                                      : edma.obj (.text.HW_WR_REG32_RAW)
                  7000ef00    00000010                                                      : uart_v0_lld.obj (.text.HW_WR_REG32_RAW)
                  7000ef10    00000010                                                      : bootloader_mem.obj (.text.Mem_imgGetCurOffset)
                  7000ef20    00000010     security.am263x.r5f.ti-arm-clang.nortos.debug.lib : sipc_notify_src.obj (.text.SIPC_mailboxGetPendingIntr)
                  7000ef30    00000010     nortos.am263x.r5f.ti-arm-clang.debug.lib : TimerP_rti_nortos.obj (.text.TimerP_Params_init)
                  7000ef40    00000010                                              : TimerP_rti_nortos.obj (.text.TimerP_clearOverflowInt)
                  7000ef50    00000010                                              : TimerP_rti_nortos.obj (.text.TimerP_getCount)
                  7000ef60    00000010                                              : TimerP_rti_nortos.obj (.text.TimerP_getReloadCount)
                  7000ef70    00000010                                              : TimerP_rti_nortos.obj (.text.TimerP_start)
                  7000ef80    00000010                                              : printf.obj (.text._out_null)
                  7000ef90    0000000e     drivers.am263x.r5f.ti-arm-clang.nortos.debug.lib : bootloader_soc.obj (.text.Bootloader_socCpuResetReleaseSelf)
                  7000ef9e    00000002     --HOLE-- [fill = 0]
                  7000efa0    0000000c                                                      : bootloader_soc.obj (.text.Bootloader_socCpuSetEntryPoint)
                  7000efac    00000004     --HOLE-- [fill = 0]
                  7000efb0    0000000c                                                      : bootloader_soc.obj (.text.Bootloader_socInitL2MailBoxMemory)
                  7000efbc    00000004     --HOLE-- [fill = 0]
                  7000efc0    0000000c                                                      : soc_rcm.obj (.text.CSL_REG32_RD_RAW)
                  7000efcc    00000004     --HOLE-- [fill = 0]
                  7000efd0    0000000c     nortos.am263x.r5f.ti-arm-clang.debug.lib : ClockP_nortos.obj (.text.ClockP_getTicks)
                  7000efdc    00000004     --HOLE-- [fill = 0]
                  7000efe0    0000000c     ti_power_clock_config.obj (.text.PowerClock_init)
                  7000efec    00000004     --HOLE-- [fill = 0]
                  7000eff0    0000000c     security.am263x.r5f.ti-arm-clang.nortos.debug.lib : sipc_notify_src.obj (.text.SIPC_getSelfCoreId)
                  7000effc    00000004     --HOLE-- [fill = 0]
                  7000f000    0000000a     drivers.am263x.r5f.ti-arm-clang.nortos.debug.lib : bootloader_soc.obj (.text.Bootloader_socCpuRelease)
                  7000f00a    00000006     --HOLE-- [fill = 0]
                  7000f010    0000000a                                                      : bootloader_soc.obj (.text.Bootloader_socCpuRequest)
                  7000f01a    00000006     --HOLE-- [fill = 0]
                  7000f020    0000000a                                                      : bootloader_soc.obj (.text.Bootloader_socGetSBLMem)
                  7000f02a    00000006     --HOLE-- [fill = 0]
                  7000f030    0000000a                                                      : bootloader_soc.obj (.text.Bootloader_socGetSelfCpuList)
                  7000f03a    00000006     --HOLE-- [fill = 0]
                  7000f040    0000000a     nortos.am263x.r5f.ti-arm-clang.debug.lib : HwiP_armv7r_vim.obj (.text.Hwip_dataAndInstructionBarrier)
                  7000f04a    00000006     --HOLE-- [fill = 0]
                  7000f050    0000000a     main.obj (.text.Keyring_init)
                  7000f05a    00000006     --HOLE-- [fill = 0]
                  7000f060    0000000a     drivers.am263x.r5f.ti-arm-clang.nortos.debug.lib : bootloader_mem.obj (.text.Mem_imgClose)
                  7000f06a    00000006     --HOLE-- [fill = 0]
                  7000f070    0000000a                                                      : soc_rcm.obj (.text.SOC_rcmGetBaseAddressMSSRCM)
                  7000f07a    00000006     --HOLE-- [fill = 0]
                  7000f080    0000000a                                                      : uart_dma_edma.obj (.text.UART_edmaDoNothing)
                  7000f08a    00000006     --HOLE-- [fill = 0]
                  7000f090    00000008     ti_drivers_open_close.obj (.text.Drivers_close)
                  7000f098    00000008     --HOLE-- [fill = 0]
                  7000f0a0    00000008     ti_drivers_open_close.obj (.text.Drivers_open)
                  7000f0a8    00000008     --HOLE-- [fill = 0]
                  7000f0b0    00000008     ti_drivers_config.obj (.text.Drivers_uartInit)
                  7000f0b8    00000008     --HOLE-- [fill = 0]
                  7000f0c0    00000008     ti_power_clock_config.obj (.text.PowerClock_deinit)
                  7000f0c8    00000008     --HOLE-- [fill = 0]
                  7000f0d0    00000008     drivers.am263x.r5f.ti-arm-clang.nortos.debug.lib : soc_rcm.obj (.text.SOC_rcmGetBaseAddressMSSCTRL)
                  7000f0d8    00000008     --HOLE-- [fill = 0]
                  7000f0e0    00000008                                                      : soc_rcm.obj (.text.SOC_rcmGetBaseAddressTOPCTRL)
                  7000f0e8    00000008     --HOLE-- [fill = 0]
                  7000f0f0    00000008                                                      : soc_rcm.obj (.text.SOC_rcmGetBaseAddressTOPRCM)
                  7000f0f8    00000008     --HOLE-- [fill = 0]
                  7000f100    00000008     nortos.am263x.r5f.ti-arm-clang.debug.lib : SemaphoreP_nortos.obj (.text.SemaphoreP_destruct)
                  7000f108    00000008     --HOLE-- [fill = 0]
                  7000f110    00000006     security.am263x.r5f.ti-arm-clang.nortos.debug.lib : sipc_notify_src.obj (.text.asm_dsb_memory)
                  7000f116    0000000a     --HOLE-- [fill = 0]
                  7000f120    00000006                                                       : sipc_notify_src.obj (.text.asm_isb_memory)
                  7000f126    0000000a     --HOLE-- [fill = 0]
                  7000f130    00000002     ti_dpl_config.obj (.text.Dpl_deinit)
                  7000f132    0000000e     --HOLE-- [fill = 0]
                  7000f140    00000002     ti_drivers_config.obj (.text.SDL_lbist_selftest)
                  7000f142    0000000e     --HOLE-- [fill = 0]
                  7000f150    00000002     nortos.am263x.r5f.ti-arm-clang.debug.lib : TaskP_nortos.obj (.text.TaskP_yield)
                  7000f152    0000000e     --HOLE-- [fill = 0]

.text.hwi 
*          0    7000f160    00000e50     
                  7000f160    000006c0     nortos.am263x.r5f.ti-arm-clang.debug.lib : HwiP_armv7r_vim.obj (.text.hwi)
                  7000f820    0000059a                                              : HwiP_armv7r_handlers_nortos.obj (.text.hwi)
                  7000fdba    00000002     --HOLE-- [fill = 0]
                  7000fdbc    0000017c                                              : HwiP_armv7r_handlers_nortos_asm.obj (.text.hwi)
                  7000ff38    00000070                                              : HwiP_armv7r_asm.obj (.text.hwi)
                  7000ffa8    00000008     --HOLE-- [fill = 0]

.text.cache 
*          0    7000ffb0    000004a0     
                  7000ffb0    00000340     nortos.am263x.r5f.ti-arm-clang.debug.lib : CacheP_armv7r_asm.obj (.text.cache)
                  700102f0    00000158                                              : CacheP_armv7r.obj (.text.cache)
                  70010448    00000008     --HOLE-- [fill = 0]

.text.mpu 
*          0    70010450    000003c0     
                  70010450    00000340     nortos.am263x.r5f.ti-arm-clang.debug.lib : MpuP_armv7r.obj (.text.mpu)
                  70010790    00000078                                              : MpuP_armv7r_asm.obj (.text.mpu)
                  70010808    00000008     --HOLE-- [fill = 0]

.text.boot 
*          0    70010810    000001c0     
                  70010810    00000144     nortos.am263x.r5f.ti-arm-clang.debug.lib : boot_armv7r_asm.obj (.text.boot)
                  70010954    0000000c     --HOLE-- [fill = 0]
                  70010960    00000024                                              : DebugP_log.obj (.text.boot)
                  70010984    0000000c     --HOLE-- [fill = 0]
                  70010990    00000024                                              : boot_armv7r.obj (.text.boot)
                  700109b4    0000000c     --HOLE-- [fill = 0]
                  700109c0    0000000c     ti_dpl_config.obj (.text.boot)
                  700109cc    00000004     --HOLE-- [fill = 0]

.data      0    700109d0    000004a0     
                  700109d0    00000070     drivers.am263x.r5f.ti-arm-clang.nortos.debug.lib : bootloader_soc.obj (.data.gAddrTranslateInfo)
                  70010a40    00000064     security.am263x.r5f.ti-arm-clang.nortos.debug.lib : sipc_notify_cfg.obj (.data.gSIPC_InterruptConfig)
                  70010aa4    00000058     ti_drivers_open_close.obj (.data.gUartParams)
                  70010afc    00000050     security.am263x.r5f.ti-arm-clang.nortos.debug.lib : sipc_notify_cfg.obj (.data.gSIPC_HsmMboxConfig)
                  70010b4c    00000050                                                       : sipc_notify_cfg.obj (.data.gSIPC_SecureHostMboxConfig)
                  70010b9c    00000030     drivers.am263x.r5f.ti-arm-clang.nortos.debug.lib : bootloader_soc.obj (.data.gCoreBootInfo)
                  70010bcc    0000002c     ti_drivers_config.obj (.data.gBootloaderConfig)
                  70010bf8    00000018     drivers.am263x.r5f.ti-arm-clang.nortos.debug.lib : soc.obj (.data.SOC_getCoreName.coreIdNames)
                  70010c10    00000018                                                      : bootloader_mem.obj (.data.gBootloaderMemFxns)
                  70010c28    00000018     ti_dpl_config.obj (.data.gClockConfig)
                  70010c40    00000018     drivers.am263x.r5f.ti-arm-clang.nortos.debug.lib : soc_rcm.obj (.data.gControlssPllClkSrcValMap)
                  70010c58    00000018                                                      : soc_rcm.obj (.data.gCptsClkSrcValMap)
                  70010c70    00000018                                                      : soc_rcm.obj (.data.gGpmcClkSrcValMap)
                  70010c88    00000018                                                      : soc_rcm.obj (.data.gI2cClkSrcValMap)
                  70010ca0    00000018                                                      : soc_rcm.obj (.data.gIcssmUartClkSrcValMap)
                  70010cb8    00000018                                                      : soc_rcm.obj (.data.gLinUartClkSrcValMap)
                  70010cd0    00000018                                                      : soc_rcm.obj (.data.gMcSpiClkSrcValMap)
                  70010ce8    00000018                                                      : soc_rcm.obj (.data.gMcanClkSrcValMap)
                  70010d00    00000018                                                      : soc_rcm.obj (.data.gMmcClkSrcValMap)
                  70010d18    00000018     ti_pinmux_config.obj (.data.gPinMuxMainDomainCfg)
                  70010d30    00000018     drivers.am263x.r5f.ti-arm-clang.nortos.debug.lib : soc_rcm.obj (.data.gQspiClkSrcValMap)
                  70010d48    00000018                                                      : soc_rcm.obj (.data.gR5SysClkSrcValMap)
                  70010d60    00000018                                                      : soc_rcm.obj (.data.gRtiClkSrcValMap)
                  70010d78    00000018     ti_power_clock_config.obj (.data.gSocModulesClockFrequency)
                  70010d90    00000018     drivers.am263x.r5f.ti-arm-clang.nortos.debug.lib : soc_rcm.obj (.data.gWdtClkSrcValMap)
                  70010da8    00000014                                                      : bootloader_soc.obj (.data.gResMemSection)
                  70010dbc    00000014                                                      : uart_v0.obj (.data.gUartDrvObj)
                  70010dd0    00000008     ti_drivers_config.obj (.data.gBootloader0Args)
                  70010dd8    00000008     drivers.am263x.r5f.ti-arm-clang.nortos.debug.lib : bootloader_soc.obj (.data.gBootloaderSelfCpuList)
                  70010de0    00000008     security.am263x.r5f.ti-arm-clang.nortos.debug.lib : sipc_notify_cfg.obj (.data.gSIPC_QueHsmToSecureHost)
                  70010de8    00000008                                                       : sipc_notify_cfg.obj (.data.gSIPC_QueSecureHostToHsm)
                  70010df0    00000008     ti_power_clock_config.obj (.data.gSocModules)
                  70010df8    00000008     ti_drivers_config.obj (.data.gUartAttrs)
                  70010e00    00000008     ti_drivers_config.obj (.data.gUartConfig)
                  70010e08    00000008     ti_drivers_config.obj (.data.operatingMode)
                  70010e10    00000008     nortos.am263x.r5f.ti-arm-clang.debug.lib : PmuP_armv7r.obj (.data.pmu)
                  70010e18    00000004     security.am263x.r5f.ti-arm-clang.nortos.debug.lib : hsmclient.obj (.data.gBootNotificationReceived)
                  70010e1c    00000004     ti_drivers_config.obj (.data.gBootloaderConfigNum)
                  70010e20    00000004     nortos.am263x.r5f.ti-arm-clang.debug.lib : DebugP_log.obj (.data.gDebugLogZone)
                  70010e24    00000004                                              : DebugP_uartLogWriter.obj (.data.gDebugP_uartDrvIndex)
                  70010e28    00000004     ti_drivers_open_close.obj (.data.gEdmaConfigNum)
                  70010e2c    00000004     security.am263x.r5f.ti-arm-clang.nortos.debug.lib : hsmclient_loadhsmrt.obj (.data.gHsmRtDownloadComplete)
                  70010e30    00000004                                                       : hsmclient.obj (.data.gHsmrtLoadStatus)
                  70010e34    00000004     ti_dpl_config.obj (.data.gHwiConfig)
                  70010e38    00000004     ti_drivers_config.obj (.data.gMcuLbistTestStatus)
                  70010e3c    00000004     security.am263x.r5f.ti-arm-clang.nortos.debug.lib : hsmclient.obj (.data.gNum_HsmResponseReceived)
                  70010e40    00000004     drivers.am263x.r5f.ti-arm-clang.nortos.debug.lib : bootloader_soc.obj (.data.gR5ss0Core1ImagePresent)
                  70010e44    00000004                                                      : bootloader_soc.obj (.data.gR5ss0MemInitDone)
                  70010e48    00000004                                                      : bootloader_soc.obj (.data.gR5ss1Core1ImagePresent)
                  70010e4c    00000004                                                      : bootloader_soc.obj (.data.gR5ss1MemInitDone)
                  70010e50    00000004                                                      : bootloader_soc.obj (.data.gR5ss1PORDone)
                  70010e54    00000004     security.am263x.r5f.ti-arm-clang.nortos.debug.lib : hsmclient.obj (.data.gSecureBootStatus)
                  70010e58    00000004     ti_drivers_config.obj (.data.gUartConfigNum)
                  70010e5c    00000004     ti_drivers_open_close.obj (.data.gUartDmaChConfig)
                  70010e60    00000004     security.am263x.r5f.ti-arm-clang.nortos.debug.lib : hsmclient.obj (.data.hsm_client_msg_queue_size)
                  70010e64    00000004                                                       : hsmclient_loadhsmrt.obj (.data.ptrMSSCtrlRegs)
                  70010e68    00000004     drivers.am263x.r5f.ti-arm-clang.nortos.debug.lib : bootloader_soc.obj (.data.ptrTopCtrlRegs)
                  70010e6c    00000001                                                      : soc.obj (.data.isMapAvailable)
                  70010e6d    00000003     --HOLE-- [fill = 0]

.rodata    0    70010e70    00001010     
                  70010e70    00000064     ti_dpl_config.obj (.rodata.cfg)
                  70010ed4    00000061     drivers.am263x.r5f.ti-arm-clang.nortos.debug.lib : bootloader.obj (.rodata.str1.10218919752055685820.1)
                  70010f35    00000003     main.obj (.rodata.str1.17100691992556644108.1)
                  70010f38    00000050     nortos.am263x.r5f.ti-arm-clang.debug.lib : printf.obj (.rodata._ftoa.pow10)
                  70010f88    00000048     drivers.am263x.r5f.ti-arm-clang.nortos.debug.lib : soc_rcm.obj (.rodata.gADPLLJConfigTbl)
                  70010fd0    00000042                                                      : soc_rcm.obj (.rodata.str1.6995560061672649380.1)
                  70011012    00000042                                                      : soc_rcm.obj (.rodata.str1.8407350469959805165.1)
[...]
70005bc1  Bootloader_profilePrintProfileLog       
70005de1  SIPC_init                               
70005ff1  main                                    
700061d1  TimerP_setupPriv                        
70006571  UART_lld_dmaWrite                       
70006721  UART_close                              
700068d1  UART_write                              
70006a71  UART_lld_controllerIsr                  
70006c11  Hsmclient_loadHSMRtFirmware             
70006da1  HsmClient_isr                           
70006f11  EDMA_unregisterIntr                     
70007081  SOC_controlModuleUnlockMMR              
700071e1  UART_lld_initDma                        
70007341  SOC_rcmGetPeripheralClockFrequency      
70007491  Bootloader_socCpuPowerOnReset           
70007861  ClockP_init                             
700079a1  UART_procLineStatusErr                  
70007ae1  EDMA_registerIntr                       
70007d61  UART_lld_init                           
70007e91  Bootloader_socLoadHsmRtFw               
70007fc1  SOC_controlModuleLockMMR                
700080f1  Bootloader_rprcImageLoad                
70008221  UART_lld_dmaRead                        
7000833c  __udivmoddi4                            
700087c1  Bootloader_loadSelfCpu                  
70008c01  SemaphoreP_pend                         
70008d11  SOC_rcmsetR5SysClock                    
70008e11  SOC_rcmCoreApllConfig                   
70008f11  SIPC_isr                                
700092f1  EDMA_freeChannelRegion                  
700093e1  EDMA_freeParam                          
700094d1  EDMA_freeDmaChannel                     
700095b1  EDMA_freeTcc                            
70009691  UART_intrEnable                         
70009771  UART_intrDisable                        
70009851  SOC_rcmSetPeripheralClock               
70009931  UART_lld_write                          
70009a11  SOC_rcmStartMemInitTCMA                 
70009ae1  SOC_rcmStartMemInitTCMB                 
70009bb1  SOC_rcmWaitMemInitTCMA                  
70009c81  SOC_rcmWaitMemInitTCMB                  
70009d51  EDMA_disableChInShadowRegRegion         
70009e21  UART_lld_writeDma                       
70009ef1  EDMA_enableChInShadowRegRegion          
70009fc1  UART_lld_writeIntr                      
7000a091  EDMA_mapChToEvtQ                        
7000a161  EDMA_configureChannelRegion             
7000a2e1  UART_flushTxFifo                        
7000a461  ClockP_timerTickIsr                     
7000a521  ClockP_stop                             
7000a5e1  CycleCounterP_init                      
7000a601  CycleCounterP_reset                     
7000a651  CycleCounterP_nsToTicks                 
7000a691  CycleCounterP_enableUserAccess          
7000a821  SOC_rcmR5ConfigDualCore                 
7000a8e1  UART_init                               
7000a991  HsmClient_config                        
7000aaf1  ClockP_destruct                         
7000aba1  Drivers_uartOpen                        
7000ad91  Bootloader_socTranslateSectionAddr      
7000ae31  Bootloader_runCpu                       
7000b151  Bootloader_socMemInitCpu                
7000b1f1  ClockP_getTimeUsec                      
7000b291  EDMA_unmapChToEvtQ                      
7000b331  HsmClient_register                      
7000b3c1  Bootloader_socSetAutoClock              
7000b451  EDMA_disableTransferRegion              
7000b4e1  EDMA_enableTransferRegion               
7000b571  UART_writeCancelNoCB                    
7000b7b1  UART_lld_flushTxFifo                    
7000b8d1  EDMA_allocDmaChannel                    
7000b961  EDMA_allocParam                         
7000b9f1  EDMA_allocTcc                           
7000bba1  Bootloader_socCpuGetClock               
7000bca1  SOC_rcmMemInitL2Memory                  
7000bda1  _DebugP_assert                          
7000bea1  UART_Params_init                        
7000bf21  EDMA_linkChannel                        
7000bfa1  SOC_rcmR5ConfigLockStep                 
7000c0a1  EDMA_clrMissEvtRegion                   
7000c121  SOC_rcmCoreR5FUnhalt                    
7000c1a1  Bootloader_open                         
7000c211  Bootloader_bootSelfCpu                  
7000c361  SIPC_registerClient                     
7000c3d1  Bootloader_loadCpu                      
7000c441  EDMA_getBaseAddr                        
7000c521  SOC_rcmR5SS0PowerOnReset                
7000c591  SOC_rcmR5SS1PowerOnReset                
7000c601  SOC_rcmGetR5Clock                       
7000c671  SOC_rcmIsR5FInLockStepMode              
7000c751  UART_lld_deInitDma                      
7000c8a1  SemaphoreP_post                         
7000c911  UART_getChar                            
7000ca31  Module_clockSetFrequency                
7000ca91  UART_lld_deInit                         
7000caf1  HsmClient_waitForBootNotify             
7000cb51  UART_lld_dmaDisableChannel              
7000cc11  Bootloader_socConfigurePll              
7000ccd1  UART_getHandle                          
7000cd31  Bootloader_BootImageInfo_init           
7000ce51  EDMA_setPaRAM                           
7000cfc4  __TI_auto_init_nobinit_nopinit          
7000d021  SIPC_Register_Isr                       
7000d081  SOC_rcmCoreApllRelockPreRequisite       
7000d0e1  Drivers_uartClose                       
7000d131  Pinmux_config                           
7000d181  UART_checkCharsAvailInFifo              
7000d1d1  EDMA_clrEvtRegion                       
7000d221  EDMA_disableDmaEvtRegion                
7000d271  EDMA_disableEvtIntrRegion               
7000d2c1  EDMA_enableDmaEvtRegion                 
7000d311  EDMA_enableEvtIntrRegion                
7000d361  EDMA_setEvtRegion                       
7000d3b1  ClockP_construct                        
7000d401  EDMA_ccPaRAMEntry_init                  
7000d451  EDMA_mapQdmaChToPaRAM                   
7000d4a1  EDMA_readEventStatusRegion              
7000d4f1  Module_clockDisable                     
7000d541  Module_clockEnable                      
7000d591  Bootloader_profileAddProfilePoint       
7000d5e1  Dpl_init                                
7000d681  UART_getIntrIdentityStatus              
7000d771  DebugP_uartLogWriterPutChar             
7000d811  UART_readLineStatus                     
7000d8b1  SIPC_unregisterClient                   
7000d9f1  SemaphoreP_construct                    
7000da41  _DebugP_logZone                         
7000dae1  ClockP_start                            
7000dc41  UART_spaceAvail                         
7000dcc1  UART_IsTxRxFifoEmpty                    
7000dd41  Bootloader_rprcImageParseEntryPoint     
7000dd81  SOC_moduleSetClockFrequency             
7000de01  Bootloader_socCpuResetRelease           
7000de81  SIPC_Params_init                        
7000df01  SOC_getCoreName                         
7000df78  CycleCounterP_getCount32                
7000df80  PmuP_setup                              
7000df88  PmuP_enableCounters                     
7000df90  PmuP_disableCounters                    
7000df98  PmuP_getOverflowStatus                  
7000dfa0  PmuP_clearOverflowStatus                
7000dfa8  PmuP_setUserEnable                      
7000dfb1  EDMA_getRegionId                        
7000e031  Bootloader_close                        
7000e071  HsmClient_init                          
7000e0f1  TimerP_Params_initPriv                  
7000e1b1  Bootloader_runSelfCpu                   
7000e231  TimerP_getCountPriv                     
7000e2f1  Bootloader_profileReset                 
7000e351  Bootloader_bootCpu                      
7000e381  Bootloader_socGetCoreName               
7000e3b1  SOC_rcmMemInitMailboxMemory             
7000e3e1  UART_deinit                             
7000e411  UART_lld_dmaInit                        
7000e471  Bootloader_socCpuGetClkDefault          
7000e4a1  DebugP_logZoneEnable                    
7000e4d1  SemaphoreP_constructBinary              
7000e501  Bootloader_socCpuSetClock               
7000e531  UART_Transaction_init                   
7000e561  UART_intr2Disable                       
7000e591  UART_lld_Transaction_init               
7000e5c1  UART_operatingModeSelect                
7000e5f1  CSL_armR5GetCpuID                       
7000e621  vprintf_                                
7000e651  EDMA_disableQdmaEvtRegion               
7000e681  EDMA_enableQdmaEvtRegion                
7000e6e1  Bootloader_CpuInfo_init                 
7000e711  SOC_rcmR5SS0TriggerReset                
7000e741  SemaphoreP_constructMutex               
7000e7f4  __aeabi_uldivmod                        
7000e851  EDMA_channelToParamMap                  
7000e881  SOC_rcmR5SS1TriggerReset                
7000e8b1  ClockP_isActive                         
7000e8d1  ClockP_usecToTicks                      
7000e931  ClockP_Params_init                      
7000e951  EDMA_getEventStatusHigh                 
7000e971  SOC_getSelfCpuClk                       
7000e991  SOC_moduleClockEnable                   
7000e9d1  UART_lld_Transaction_deInit             
7000ea11  EDMA_getEventStatus                     
7000ea4c  TI_memcpy_small                         
7000ea91  SOC_rcmSetR5Clock                       
7000eaf1  EDMA_isInterruptEnabled                 
7000eb31  SOC_rcmSetR5ClockSource                 
7000eb51  SemaphoreP_Params_init                  
7000eb71  System_init                             
7000eb91  TimerP_getReloadCountPriv               
7000ebf1  UART_putChar                            
7000ec08  TI_memset_small                         
7000ec21  HsmClient_unregister                    
7000ec41  TimerP_startPriv                        
7000ec61  TimerP_stopPriv                         
7000ecc1  Bootloader_Params_init                  
7000ece1  DebugP_uartSetDrvIndex                  
7000ed21  HsmClient_SecureBootQueueInit           
7000eda1  System_deinit                           
7000edc1  TimerP_clearOverflowIntPriv             
7000ede1  TimerP_setup                            
7000ee01  putchar_                                
7000ee21  HsmClient_unRegister                    
7000ee41  Hsmclient_updateBootNotificationRegister
7000ee61  Pinmux_init                             
7000ee81  AddrTranslateP_getLocalAddr             
7000eeb1  ClockP_getTimerCount                    
7000eec1  ClockP_timerClearOverflowInt            
7000ef31  TimerP_Params_init                      
7000ef41  TimerP_clearOverflowInt                 
7000ef51  TimerP_getCount                         
7000ef61  TimerP_getReloadCount                   
7000ef71  TimerP_start                            
7000ef91  Bootloader_socCpuResetReleaseSelf       
7000efa1  Bootloader_socCpuSetEntryPoint          
7000efb1  Bootloader_socInitL2MailBoxMemory       
7000efd1  ClockP_getTicks                         
7000efe1  PowerClock_init                         
7000eff1  SIPC_getSelfCoreId                      
7000f001  Bootloader_socCpuRelease                
7000f011  Bootloader_socCpuRequest                
7000f021  Bootloader_socGetSBLMem                 
7000f031  Bootloader_socGetSelfCpuList            
7000f051  Keyring_init                            
7000f091  Drivers_close                           
7000f0a1  Drivers_open                            
7000f0b1  Drivers_uartInit                        
7000f0c1  PowerClock_deinit                       
7000f101  SemaphoreP_destruct                     
7000f131  Dpl_deinit                              
7000f141  SDL_lbist_selftest                      
7000f151  TaskP_yield                             
7000f161  HwiP_enableInt                          
7000f1a1  HwiP_disableInt                         
7000f201  HwiP_restoreInt                         
7000f231  HwiP_clearInt                           
7000f271  HwiP_post                               
7000f2b1  HwiP_Params_init                        
7000f2e1  HwiP_construct                          
7000f4d1  HwiP_destruct                           
7000f541  HwiP_init                               
7000f6f1  HwiP_inISR                              
7000f721  HwiP_setVimIrqPriMaskNonAtomic          
7000f771  HwiP_setVimIrqPriMaskAtomic             
7000f811  HwiP_restoreVimIrqPriMask               
7000f821  HwiP_irq_handler_c                      
7000f9c1  HwiP_fiq_handler                        
7000fb21  HwiP_reserved_handler                   
7000fb61  HwiP_undefined_handler_c                
7000fb81  HwiP_user_undefined_handler_c           
7000fba1  HwiP_svc_handler                        
7000fbe1  HwiP_prefetch_abort_handler_c           
7000fc81  HwiP_user_prefetch_abort_handler_c      
7000fcc1  HwiP_data_abort_handler_c               
7000fd81  HwiP_user_data_abort_handler_c          
7000fdbc  HwiP_irq_handler                        
7000fe30  HwiP_data_abort_handler                 
7000fe74  HwiP_prefetch_abort_handler             
7000fec0  HwiP_undefined_handler                  
7000fef0  GET_DFSR                                
7000fef8  GET_ADFSR                               
7000ff00  GET_DFAR                                
7000ff08  GET_IFSR                                
7000ff10  GET_AIFSR                               
7000ff18  GET_IFAR                                
7000ff20  GET_SPSR                                
7000ff38  HwiP_disable                            
7000ff48  HwiP_disableFIQ                         
7000ff58  HwiP_enable                             
7000ff68  HwiP_enableFIQ                          
7000ff78  HwiP_restore                            
7000ff80  HwiP_enableVIC                          
7000ff90  HwiP_disableVIC                         
7000ffa0  HwiP_getCPSR                            
7000ffb0  CacheP_disableL1d                       
7000ffd8  CacheP_disableL1p                       
7000fff0  CacheP_enableL1d                        
70010008  CacheP_enableL1p                        
70010020  CacheP_invL1d                           
70010058  CacheP_invL1p                           
70010094  CacheP_invL1dAll                        
7001009c  CacheP_invL1pAll                        
700100a4  CacheP_wb                               
700100e0  CacheP_wbInv                            
7001011c  CacheP_wbAll                            
700101c4  CacheP_wbInvAll                         
700101dc  CacheP_wbInvAllAsm                      
7001027c  CacheP_getEnabled                       
700102b4  CacheP_getCacheLevelInfo                
700102c0  CacheP_configForceWrThru                
700102e0  CacheP_setDLFO                          
700102f1  CacheP_init                             
70010381  CacheP_disable                          
700103d1  CacheP_enable                           
70010411  CacheP_inv                              
70010451  MpuP_getAttrs                           
700104b1  MpuP_RegionAttrs_init                   
700104e1  MpuP_setRegion                          
70010571  MpuP_isEnable                           
70010581  MpuP_disable                            
700105c1  MpuP_enable                             
70010611  MpuP_init                               
700106b1  MpuP_isUserAuthorizedToAccessMemory     
70010790  MpuP_disableAsm                         
700107a8  MpuP_disableBRAsm                       
700107b8  MpuP_enableAsm                          
700107d0  MpuP_enableBRAsm                        
700107e0  MpuP_isEnableAsm                        
700107f4  MpuP_setRegionAsm                       
70010810  _c_int00_sbl                            
70010834  _c_int00                                
70010961  _DebugP_assertNoLog                     
70010991  _system_pre_init                        
700109c1  __mpu_init                              
700109d0  gAddrTranslateInfo                      
700109d0  gEdmaConfig                             
700109d0  gUartDmaHandle                          
70010a40  gSIPC_InterruptConfig                   
70010aa4  gUartParams                             
70010afc  gSIPC_HsmMboxConfig                     
70010b4c  gSIPC_SecureHostMboxConfig              
70010b9c  gCoreBootInfo                           
70010bcc  gBootloaderConfig                       
70010c10  gBootloaderMemFxns                      
70010c28  gClockConfig                            
70010d78  gSocModulesClockFrequency               
70010da8  gResMemSection                          
70010dd0  gBootloader0Args                        
70010dd8  gBootloaderSelfCpuList                  
70010de0  gSIPC_QueHsmToSecureHost                
70010de8  gSIPC_QueSecureHostToHsm                
70010df0  gSocModules                             
70010e00  gUartConfig                             
70010e08  operatingMode                           
70010e1c  gBootloaderConfigNum                    
70010e20  gDebugLogZone                           
70010e24  gDebugP_uartDrvIndex                    
70010e28  gEdmaConfigNum                          
70010e2c  gHsmRtDownloadComplete                  
70010e30  gHsmrtLoadStatus                        
70010e34  gHwiConfig                              
70010e38  gMcuLbistTestStatus                     
70010e40  gR5ss0Core1ImagePresent                 
70010e44  gR5ss0MemInitDone                       
70010e48  gR5ss1Core1ImagePresent                 
70010e4c  gR5ss1MemInitDone                       
70010e50  gR5ss1PORDone                           
70010e58  gUartConfigNum                          
70010e5c  gUartDmaChConfig                        
70010e64  ptrMSSCtrlRegs                          
70010e68  ptrTopCtrlRegs                          
70010e6c  isMapAvailable                          
70010e70  gCacheConfig                            
70010e78  gMpuConfig                              
70010e84  gMpuRegionConfig                        
70010f88  gADPLLJConfigTbl                        
700119d7  gPeripheralClkSrcInfoMap                
70011dee  gCR5ClkSrcInfoMap                       
70011df0  gPLLFreqId2FOutMap                      
70011df8  gXTALInfo                               
70011e68  gCacheL1dCacheLineSize                  
70011e6c  gCacheL1pCacheLineSize                  
70011e80  __stack                                 
70015e80  __BSS_START                             
70015e80  __STACK_END                             
70015e80  gHwiCtrl                                
70016840  gProfileObj                             
70016958  gSIPC_ctrl                              
7001699c  gHSMClient                              
700169c8  gClockCtrl                              
700169e8  virtToPhymap                            
700169f8  gUartHandle                             
70016a00  __BSS_END                               
70016a00  __IRQ_STACK_START                       
70017a00  __FIQ_STACK_START                       
70017a00  __IRQ_STACK_END                         
70017b00  __FIQ_STACK_END                         
70017b00  __SVC_STACK_START                       
70017c00  __ABORT_STACK_START                     
70017c00  __SVC_STACK_END                         
70017d00  __ABORT_STACK_END                       
70017d00  __UNDEFINED_STACK_START                 
70017e00  __UNDEFINED_STACK_END                   
70027800  gHsmRtFw                                
ffffffff  __TI_pprof_out_hndl                     
ffffffff  __TI_prof_data_size                     
ffffffff  __TI_prof_data_start                    
ffffffff  __binit__                               
ffffffff  binit                                   
UNDEFED   __TI_CINIT_Base                         
UNDEFED   __TI_CINIT_Limit                        
UNDEFED   __TI_Handler_Table_Base                 
UNDEFED   __TI_Handler_Table_Limit                
UNDEFED   _system_post_cinit                      

[432 symbols]
